Archive member included to satisfy reference by file (symbol)

/Applications/STM32CubeIDE.app/Contents/Eclipse/plugins/com.st.stm32cube.ide.mcu.externaltools.gnu-tools-for-stm32.9-2020-q2-update.macos64_2.0.0.202105311346/tools/bin/../lib/gcc/arm-none-eabi/9.3.1/../../../../arm-none-eabi/lib/thumb/v6-m/nofp/libc_nano.a(lib_a-errno.o)
                              ./Core/Src/syscalls.o (__errno)
/Applications/STM32CubeIDE.app/Contents/Eclipse/plugins/com.st.stm32cube.ide.mcu.externaltools.gnu-tools-for-stm32.9-2020-q2-update.macos64_2.0.0.202105311346/tools/bin/../lib/gcc/arm-none-eabi/9.3.1/../../../../arm-none-eabi/lib/thumb/v6-m/nofp/libc_nano.a(lib_a-exit.o)
                              /Applications/STM32CubeIDE.app/Contents/Eclipse/plugins/com.st.stm32cube.ide.mcu.externaltools.gnu-tools-for-stm32.9-2020-q2-update.macos64_2.0.0.202105311346/tools/bin/../lib/gcc/arm-none-eabi/9.3.1/../../../../arm-none-eabi/lib/thumb/v6-m/nofp/crt0.o (exit)
/Applications/STM32CubeIDE.app/Contents/Eclipse/plugins/com.st.stm32cube.ide.mcu.externaltools.gnu-tools-for-stm32.9-2020-q2-update.macos64_2.0.0.202105311346/tools/bin/../lib/gcc/arm-none-eabi/9.3.1/../../../../arm-none-eabi/lib/thumb/v6-m/nofp/libc_nano.a(lib_a-impure.o)
                              /Applications/STM32CubeIDE.app/Contents/Eclipse/plugins/com.st.stm32cube.ide.mcu.externaltools.gnu-tools-for-stm32.9-2020-q2-update.macos64_2.0.0.202105311346/tools/bin/../lib/gcc/arm-none-eabi/9.3.1/../../../../arm-none-eabi/lib/thumb/v6-m/nofp/libc_nano.a(lib_a-exit.o) (_global_impure_ptr)
/Applications/STM32CubeIDE.app/Contents/Eclipse/plugins/com.st.stm32cube.ide.mcu.externaltools.gnu-tools-for-stm32.9-2020-q2-update.macos64_2.0.0.202105311346/tools/bin/../lib/gcc/arm-none-eabi/9.3.1/../../../../arm-none-eabi/lib/thumb/v6-m/nofp/libc_nano.a(lib_a-init.o)
                              /Applications/STM32CubeIDE.app/Contents/Eclipse/plugins/com.st.stm32cube.ide.mcu.externaltools.gnu-tools-for-stm32.9-2020-q2-update.macos64_2.0.0.202105311346/tools/bin/../lib/gcc/arm-none-eabi/9.3.1/../../../../arm-none-eabi/lib/thumb/v6-m/nofp/crt0.o (__libc_init_array)
/Applications/STM32CubeIDE.app/Contents/Eclipse/plugins/com.st.stm32cube.ide.mcu.externaltools.gnu-tools-for-stm32.9-2020-q2-update.macos64_2.0.0.202105311346/tools/bin/../lib/gcc/arm-none-eabi/9.3.1/../../../../arm-none-eabi/lib/thumb/v6-m/nofp/libc_nano.a(lib_a-memset.o)
                              /Applications/STM32CubeIDE.app/Contents/Eclipse/plugins/com.st.stm32cube.ide.mcu.externaltools.gnu-tools-for-stm32.9-2020-q2-update.macos64_2.0.0.202105311346/tools/bin/../lib/gcc/arm-none-eabi/9.3.1/../../../../arm-none-eabi/lib/thumb/v6-m/nofp/crt0.o (memset)
/Applications/STM32CubeIDE.app/Contents/Eclipse/plugins/com.st.stm32cube.ide.mcu.externaltools.gnu-tools-for-stm32.9-2020-q2-update.macos64_2.0.0.202105311346/tools/bin/../lib/gcc/arm-none-eabi/9.3.1/../../../../arm-none-eabi/lib/thumb/v6-m/nofp/libc_nano.a(lib_a-strlen.o)
                              ./Core/Src/oled.o (strlen)
/Applications/STM32CubeIDE.app/Contents/Eclipse/plugins/com.st.stm32cube.ide.mcu.externaltools.gnu-tools-for-stm32.9-2020-q2-update.macos64_2.0.0.202105311346/tools/bin/../lib/gcc/arm-none-eabi/9.3.1/thumb/v6-m/nofp/libgcc.a(_udivsi3.o)
                              ./Core/Src/system_stm32f0xx.o (__aeabi_uidiv)
/Applications/STM32CubeIDE.app/Contents/Eclipse/plugins/com.st.stm32cube.ide.mcu.externaltools.gnu-tools-for-stm32.9-2020-q2-update.macos64_2.0.0.202105311346/tools/bin/../lib/gcc/arm-none-eabi/9.3.1/thumb/v6-m/nofp/libgcc.a(_divsi3.o)
                              ./Core/Src/lcd.o (__aeabi_idiv)
/Applications/STM32CubeIDE.app/Contents/Eclipse/plugins/com.st.stm32cube.ide.mcu.externaltools.gnu-tools-for-stm32.9-2020-q2-update.macos64_2.0.0.202105311346/tools/bin/../lib/gcc/arm-none-eabi/9.3.1/thumb/v6-m/nofp/libgcc.a(_dvmd_tls.o)
                              /Applications/STM32CubeIDE.app/Contents/Eclipse/plugins/com.st.stm32cube.ide.mcu.externaltools.gnu-tools-for-stm32.9-2020-q2-update.macos64_2.0.0.202105311346/tools/bin/../lib/gcc/arm-none-eabi/9.3.1/thumb/v6-m/nofp/libgcc.a(_udivsi3.o) (__aeabi_idiv0)
/Applications/STM32CubeIDE.app/Contents/Eclipse/plugins/com.st.stm32cube.ide.mcu.externaltools.gnu-tools-for-stm32.9-2020-q2-update.macos64_2.0.0.202105311346/tools/bin/../lib/gcc/arm-none-eabi/9.3.1/thumb/v6-m/nofp/libgcc.a(_fixunsdfsi.o)
                              ./Core/Src/menu.o (__aeabi_d2uiz)
/Applications/STM32CubeIDE.app/Contents/Eclipse/plugins/com.st.stm32cube.ide.mcu.externaltools.gnu-tools-for-stm32.9-2020-q2-update.macos64_2.0.0.202105311346/tools/bin/../lib/gcc/arm-none-eabi/9.3.1/thumb/v6-m/nofp/libgcc.a(divdf3.o)
                              ./Core/Src/menu.o (__aeabi_ddiv)
/Applications/STM32CubeIDE.app/Contents/Eclipse/plugins/com.st.stm32cube.ide.mcu.externaltools.gnu-tools-for-stm32.9-2020-q2-update.macos64_2.0.0.202105311346/tools/bin/../lib/gcc/arm-none-eabi/9.3.1/thumb/v6-m/nofp/libgcc.a(muldf3.o)
[...]
Memory Configuration

Name             Origin             Length             Attributes
RAM              0x0000000020000000 0x0000000000008000 xrw
FLASH            0x0000000008000000 0x0000000000040000 xr
*default*        0x0000000000000000 0xffffffffffffffff

Linker script and memory map

LOAD /Applications/STM32CubeIDE.app/Contents/Eclipse/plugins/com.st.stm32cube.ide.mcu.externaltools.gnu-tools-for-stm32.9-2020-q2-update.macos64_2.0.0.202105311346/tools/bin/../lib/gcc/arm-none-eabi/9.3.1/thumb/v6-m/nofp/crti.o
LOAD /Applications/STM32CubeIDE.app/Contents/Eclipse/plugins/com.st.stm32cube.ide.mcu.externaltools.gnu-tools-for-stm32.9-2020-q2-update.macos64_2.0.0.202105311346/tools/bin/../lib/gcc/arm-none-eabi/9.3.1/thumb/v6-m/nofp/crtbegin.o
LOAD /Applications/STM32CubeIDE.app/Contents/Eclipse/plugins/com.st.stm32cube.ide.mcu.externaltools.gnu-tools-for-stm32.9-2020-q2-update.macos64_2.0.0.202105311346/tools/bin/../lib/gcc/arm-none-eabi/9.3.1/../../../../arm-none-eabi/lib/thumb/v6-m/nofp/crt0.o
LOAD ./Core/Src/image.o
LOAD ./Core/Src/lcd.o
LOAD ./Core/Src/main.o
LOAD ./Core/Src/menu.o
LOAD ./Core/Src/oled.o
LOAD ./Core/Src/stm32f0xx_hal_msp.o
LOAD ./Core/Src/stm32f0xx_it.o
LOAD ./Core/Src/syscalls.o
LOAD ./Core/Src/sysmem.o
LOAD ./Core/Src/system_stm32f0xx.o
LOAD ./Core/Startup/startup_stm32f091rctx.o
LOAD ./Drivers/STM32F0xx_HAL_Driver/Src/stm32f0xx_hal.o
LOAD ./Drivers/STM32F0xx_HAL_Driver/Src/stm32f0xx_hal_adc.o
LOAD ./Drivers/STM32F0xx_HAL_Driver/Src/stm32f0xx_hal_adc_ex.o
LOAD ./Drivers/STM32F0xx_HAL_Driver/Src/stm32f0xx_hal_cortex.o
LOAD ./Drivers/STM32F0xx_HAL_Driver/Src/stm32f0xx_hal_dma.o
LOAD ./Drivers/STM32F0xx_HAL_Driver/Src/stm32f0xx_hal_exti.o
LOAD ./Drivers/STM32F0xx_HAL_Driver/Src/stm32f0xx_hal_flash.o
LOAD ./Drivers/STM32F0xx_HAL_Driver/Src/stm32f0xx_hal_flash_ex.o
LOAD ./Drivers/STM32F0xx_HAL_Driver/Src/stm32f0xx_hal_gpio.o
LOAD ./Drivers/STM32F0xx_HAL_Driver/Src/stm32f0xx_hal_i2c.o
LOAD ./Drivers/STM32F0xx_HAL_Driver/Src/stm32f0xx_hal_i2c_ex.o
LOAD ./Drivers/STM32F0xx_HAL_Driver/Src/stm32f0xx_hal_pwr.o
LOAD ./Drivers/STM32F0xx_HAL_Driver/Src/stm32f0xx_hal_pwr_ex.o
LOAD ./Drivers/STM32F0xx_HAL_Driver/Src/stm32f0xx_hal_rcc.o
LOAD ./Drivers/STM32F0xx_HAL_Driver/Src/stm32f0xx_hal_rcc_ex.o
LOAD ./Drivers/STM32F0xx_HAL_Driver/Src/stm32f0xx_hal_spi.o
LOAD ./Drivers/STM32F0xx_HAL_Driver/Src/stm32f0xx_hal_spi_ex.o
LOAD ./Drivers/STM32F0xx_HAL_Driver/Src/stm32f0xx_hal_tim.o
LOAD ./Drivers/STM32F0xx_HAL_Driver/Src/stm32f0xx_hal_tim_ex.o
START GROUP
LOAD /Applications/STM32CubeIDE.app/Contents/Eclipse/plugins/com.st.stm32cube.ide.mcu.externaltools.gnu-tools-for-stm32.9-2020-q2-update.macos64_2.0.0.202105311346/tools/bin/../lib/gcc/arm-none-eabi/9.3.1/../../../../arm-none-eabi/lib/thumb/v6-m/nofp/libc_nano.a
LOAD /Applications/STM32CubeIDE.app/Contents/Eclipse/plugins/com.st.stm32cube.ide.mcu.externaltools.gnu-tools-for-stm32.9-2020-q2-update.macos64_2.0.0.202105311346/tools/bin/../lib/gcc/arm-none-eabi/9.3.1/../../../../arm-none-eabi/lib/thumb/v6-m/nofp/libm.a
END GROUP
START GROUP
LOAD /Applications/STM32CubeIDE.app/Contents/Eclipse/plugins/com.st.stm32cube.ide.mcu.externaltools.gnu-tools-for-stm32.9-2020-q2-update.macos64_2.0.0.202105311346/tools/bin/../lib/gcc/arm-none-eabi/9.3.1/thumb/v6-m/nofp/libgcc.a
LOAD /Applications/STM32CubeIDE.app/Contents/Eclipse/plugins/com.st.stm32cube.ide.mcu.externaltools.gnu-tools-for-stm32.9-2020-q2-update.macos64_2.0.0.202105311346/tools/bin/../lib/gcc/arm-none-eabi/9.3.1/../../../../arm-none-eabi/lib/thumb/v6-m/nofp/libc_nano.a
END GROUP
START GROUP
LOAD /Applications/STM32CubeIDE.app/Contents/Eclipse/plugins/com.st.stm32cube.ide.mcu.externaltools.gnu-tools-for-stm32.9-2020-q2-update.macos64_2.0.0.202105311346/tools/bin/../lib/gcc/arm-none-eabi/9.3.1/thumb/v6-m/nofp/libgcc.a
LOAD /Applications/STM32CubeIDE.app/Contents/Eclipse/plugins/com.st.stm32cube.ide.mcu.externaltools.gnu-tools-for-stm32.9-2020-q2-update.macos64_2.0.0.202105311346/tools/bin/../lib/gcc/arm-none-eabi/9.3.1/../../../../arm-none-eabi/lib/thumb/v6-m/nofp/libc_nano.a
LOAD /Applications/STM32CubeIDE.app/Contents/Eclipse/plugins/com.st.stm32cube.ide.mcu.externaltools.gnu-tools-for-stm32.9-2020-q2-update.macos64_2.0.0.202105311346/tools/bin/../lib/gcc/arm-none-eabi/9.3.1/../../../../arm-none-eabi/lib/thumb/v6-m/nofp/libnosys.a
END GROUP
START GROUP
LOAD /Applications/STM32CubeIDE.app/Contents/Eclipse/plugins/com.st.stm32cube.ide.mcu.externaltools.gnu-tools-for-stm32.9-2020-q2-update.macos64_2.0.0.202105311346/tools/bin/../lib/gcc/arm-none-eabi/9.3.1/thumb/v6-m/nofp/libgcc.a
LOAD /Applications/STM32CubeIDE.app/Contents/Eclipse/plugins/com.st.stm32cube.ide.mcu.externaltools.gnu-tools-for-stm32.9-2020-q2-update.macos64_2.0.0.202105311346/tools/bin/../lib/gcc/arm-none-eabi/9.3.1/../../../../arm-none-eabi/lib/thumb/v6-m/nofp/libc_nano.a
LOAD /Applications/STM32CubeIDE.app/Contents/Eclipse/plugins/com.st.stm32cube.ide.mcu.externaltools.gnu-tools-for-stm32.9-2020-q2-update.macos64_2.0.0.202105311346/tools/bin/../lib/gcc/arm-none-eabi/9.3.1/../../../../arm-none-eabi/lib/thumb/v6-m/nofp/libnosys.a
END GROUP
LOAD /Applications/STM32CubeIDE.app/Contents/Eclipse/plugins/com.st.stm32cube.ide.mcu.externaltools.gnu-tools-for-stm32.9-2020-q2-update.macos64_2.0.0.202105311346/tools/bin/../lib/gcc/arm-none-eabi/9.3.1/thumb/v6-m/nofp/crtend.o
LOAD /Applications/STM32CubeIDE.app/Contents/Eclipse/plugins/com.st.stm32cube.ide.mcu.externaltools.gnu-tools-for-stm32.9-2020-q2-update.macos64_2.0.0.202105311346/tools/bin/../lib/gcc/arm-none-eabi/9.3.1/thumb/v6-m/nofp/crtn.o
                0x0000000020008000                _estack = (ORIGIN (RAM) + LENGTH (RAM))
                0x0000000000000200                _Min_Heap_Size = 0x200
                0x0000000000000400                _Min_Stack_Size = 0x400

.isr_vector     0x0000000008000000       0xbc
                0x0000000008000000                . = ALIGN (0x4)
 *(.isr_vector)
 .isr_vector    0x0000000008000000       0xbc ./Core/Startup/startup_stm32f091rctx.o
                0x0000000008000000                g_pfnVectors
                0x00000000080000bc                . = ALIGN (0x4)

.text           0x00000000080000bc     0x6d9c
                0x00000000080000bc                . = ALIGN (0x4)
 *(.text)
 .text          0x00000000080000bc       0x48 /Applications/STM32CubeIDE.app/Contents/Eclipse/plugins/com.st.stm32cube.ide.mcu.externaltools.gnu-tools-for-stm32.9-2020-q2-update.macos64_2.0.0.202105311346/tools/bin/../lib/gcc/arm-none-eabi/9.3.1/thumb/v6-m/nofp/crtbegin.o
 .text          0x0000000008000104      0x114 /Applications/STM32CubeIDE.app/Contents/Eclipse/plugins/com.st.stm32cube.ide.mcu.externaltools.gnu-tools-for-stm32.9-2020-q2-update.macos64_2.0.0.202105311346/tools/bin/../lib/gcc/arm-none-eabi/9.3.1/thumb/v6-m/nofp/libgcc.a(_udivsi3.o)
                0x0000000008000104                __udivsi3
                0x0000000008000104                __aeabi_uidiv
                0x0000000008000210                __aeabi_uidivmod
 .text          0x0000000008000218      0x1d4 /Applications/STM32CubeIDE.app/Contents/Eclipse/plugins/com.st.stm32cube.ide.mcu.externaltools.gnu-tools-for-stm32.9-2020-q2-update.macos64_2.0.0.202105311346/tools/bin/../lib/gcc/arm-none-eabi/9.3.1/thumb/v6-m/nofp/libgcc.a(_divsi3.o)
                0x0000000008000218                __aeabi_idiv
                0x0000000008000218                __divsi3
                0x00000000080003e4                __aeabi_idivmod
 .text          0x00000000080003ec        0x4 /Applications/STM32CubeIDE.app/Contents/Eclipse/plugins/com.st.stm32cube.ide.mcu.externaltools.gnu-tools-for-stm32.9-2020-q2-update.macos64_2.0.0.202105311346/tools/bin/../lib/gcc/arm-none-eabi/9.3.1/thumb/v6-m/nofp/libgcc.a(_dvmd_tls.o)
                0x00000000080003ec                __aeabi_ldiv0
                0x00000000080003ec                __aeabi_idiv0
 .text          0x00000000080003f0       0x3c /Applications/STM32CubeIDE.app/Contents/Eclipse/plugins/com.st.stm32cube.ide.mcu.externaltools.gnu-tools-for-stm32.9-2020-q2-update.macos64_2.0.0.202105311346/tools/bin/../lib/gcc/arm-none-eabi/9.3.1/thumb/v6-m/nofp/libgcc.a(_fixunsdfsi.o)
                0x00000000080003f0                __fixunsdfsi
                0x00000000080003f0                __aeabi_d2uiz
 .text          0x000000000800042c      0x5d0 /Applications/STM32CubeIDE.app/Contents/Eclipse/plugins/com.st.stm32cube.ide.mcu.externaltools.gnu-tools-for-stm32.9-2020-q2-update.macos64_2.0.0.202105311346/tools/bin/../lib/gcc/arm-none-eabi/9.3.1/thumb/v6-m/nofp/libgcc.a(divdf3.o)
                0x000000000800042c                __aeabi_ddiv
 .text          0x00000000080009fc      0x4d8 /Applications/STM32CubeIDE.app/Contents/Eclipse/plugins/com.st.stm32cube.ide.mcu.externaltools.gnu-tools-for-stm32.9-2020-q2-update.macos64_2.0.0.202105311346/tools/bin/../lib/gcc/arm-none-eabi/9.3.1/thumb/v6-m/nofp/libgcc.a(muldf3.o)
                0x00000000080009fc                __aeabi_dmul
 .text          0x0000000008000ed4      0x724 /Applications/STM32CubeIDE.app/Contents/Eclipse/plugins/com.st.stm32cube.ide.mcu.externaltools.gnu-tools-for-stm32.9-2020-q2-update.macos64_2.0.0.202105311346/tools/bin/../lib/gcc/arm-none-eabi/9.3.1/thumb/v6-m/nofp/libgcc.a(subdf3.o)
                0x0000000008000ed4                __aeabi_dsub
 .text          0x00000000080015f8       0x6c /Applications/STM32CubeIDE.app/Contents/Eclipse/plugins/com.st.stm32cube.ide.mcu.externaltools.gnu-tools-for-stm32.9-2020-q2-update.macos64_2.0.0.202105311346/tools/bin/../lib/gcc/arm-none-eabi/9.3.1/thumb/v6-m/nofp/libgcc.a(fixdfsi.o)
                0x00000000080015f8                __aeabi_d2iz
 .text          0x0000000008001664       0x60 /Applications/STM32CubeIDE.app/Contents/Eclipse/plugins/com.st.stm32cube.ide.mcu.externaltools.gnu-tools-for-stm32.9-2020-q2-update.macos64_2.0.0.202105311346/tools/bin/../lib/gcc/arm-none-eabi/9.3.1/thumb/v6-m/nofp/libgcc.a(floatsidf.o)
                0x0000000008001664                __aeabi_i2d
 .text          0x00000000080016c4       0x7c /Applications/STM32CubeIDE.app/Contents/Eclipse/plugins/com.st.stm32cube.ide.mcu.externaltools.gnu-tools-for-stm32.9-2020-q2-update.macos64_2.0.0.202105311346/tools/bin/../lib/gcc/arm-none-eabi/9.3.1/thumb/v6-m/nofp/libgcc.a(_arm_cmpdf2.o)
                0x00000000080016c4                __aeabi_cdrcmple
                0x00000000080016d4                __aeabi_cdcmple
                0x00000000080016d4                __aeabi_cdcmpeq
                0x00000000080016e4                __aeabi_dcmpeq
                0x00000000080016f0                __aeabi_dcmplt
                0x0000000008001704                __aeabi_dcmple
                0x0000000008001718                __aeabi_dcmpgt
                0x000000000800172c                __aeabi_dcmpge
 .text          0x0000000008001740       0x3c /Applications/STM32CubeIDE.app/Contents/Eclipse/plugins/com.st.stm32cube.ide.mcu.externaltools.gnu-tools-for-stm32.9-2020-q2-update.macos64_2.0.0.202105311346/tools/bin/../lib/gcc/arm-none-eabi/9.3.1/thumb/v6-m/nofp/libgcc.a(_clzsi2.o)
                0x0000000008001740                __clzsi2
 .text          0x000000000800177c       0x78 /Applications/STM32CubeIDE.app/Contents/Eclipse/plugins/com.st.stm32cube.ide.mcu.externaltools.gnu-tools-for-stm32.9-2020-q2-update.macos64_2.0.0.202105311346/tools/bin/../lib/gcc/arm-none-eabi/9.3.1/thumb/v6-m/nofp/libgcc.a(eqdf2.o)
                0x000000000800177c                __eqdf2
                0x000000000800177c                __nedf2
 .text          0x00000000080017f4       0xe4 /Applications/STM32CubeIDE.app/Contents/Eclipse/plugins/com.st.stm32cube.ide.mcu.externaltools.gnu-tools-for-stm32.9-2020-q2-update.macos64_2.0.0.202105311346/tools/bin/../lib/gcc/arm-none-eabi/9.3.1/thumb/v6-m/nofp/libgcc.a(gedf2.o)
                0x00000000080017f4                __gtdf2
                0x00000000080017f4                __gedf2
 .text          0x00000000080018d8       0xe0 /Applications/STM32CubeIDE.app/Contents/Eclipse/plugins/com.st.stm32cube.ide.mcu.externaltools.gnu-tools-for-stm32.9-2020-q2-update.macos64_2.0.0.202105311346/tools/bin/../lib/gcc/arm-none-eabi/9.3.1/thumb/v6-m/nofp/libgcc.a(ledf2.o)
                0x00000000080018d8                __ltdf2
                0x00000000080018d8                __ledf2
 *(.text*)
 .text.nano_wait
                0x00000000080019b8       0x18 ./Core/Src/lcd.o
                0x00000000080019b8                nano_wait
 .text.LCD_Reset
                0x00000000080019d0       0x34 ./Core/Src/lcd.o
                0x00000000080019d0                LCD_Reset
 .text.LCD_WR_REG
                0x0000000008001a04       0x38 ./Core/Src/lcd.o
                0x0000000008001a04                LCD_WR_REG
 .text.LCD_WR_DATA
                0x0000000008001a3c       0x38 ./Core/Src/lcd.o
                0x0000000008001a3c                LCD_WR_DATA
 .text.LCD_WriteData16_Prepare
                0x0000000008001a74       0x24 ./Core/Src/lcd.o
                0x0000000008001a74                LCD_WriteData16_Prepare
 .text.LCD_WriteData16
                0x0000000008001a98       0x2c ./Core/Src/lcd.o
                0x0000000008001a98                LCD_WriteData16
 .text.LCD_WriteData16_End
                0x0000000008001ac4       0x20 ./Core/Src/lcd.o
                0x0000000008001ac4                LCD_WriteData16_End
 .text.LCD_WriteReg
                0x0000000008001ae4       0x30 ./Core/Src/lcd.o
                0x0000000008001ae4                LCD_WriteReg
 .text.LCD_WriteRAM_Prepare
                0x0000000008001b14       0x1c ./Core/Src/lcd.o
                0x0000000008001b14                LCD_WriteRAM_Prepare
 .text.LCD_direction
                0x0000000008001b30       0xa8 ./Core/Src/lcd.o
                0x0000000008001b30                LCD_direction
 .text.LCD_Init
                0x0000000008001bd8      0x244 ./Core/Src/lcd.o
                0x0000000008001bd8                LCD_Init
 .text.LCD_Clear
                0x0000000008001e1c       0x70 ./Core/Src/lcd.o
                0x0000000008001e1c                LCD_Clear
 .text.LCD_SetWindow
                0x0000000008001e8c       0xc0 ./Core/Src/lcd.o
                0x0000000008001e8c                LCD_SetWindow
 .text.LCD_DrawPoint
                0x0000000008001f4c       0x4e ./Core/Src/lcd.o
                0x0000000008001f4c                LCD_DrawPoint
 *fill*         0x0000000008001f9a        0x2 
 .text.LCD_DrawChar
                0x0000000008001f9c      0x22c ./Core/Src/lcd.o
                0x0000000008001f9c                LCD_DrawChar
 .text.LCD_DrawString
                0x00000000080021c8       0xb4 ./Core/Src/lcd.o
                0x00000000080021c8                LCD_DrawString
 .text.main     0x000000000800227c       0xd0 ./Core/Src/main.o
                0x000000000800227c                main
 .text.startmotor
                0x000000000800234c       0x18 ./Core/Src/main.o
                0x000000000800234c                startmotor
 .text.stopmotor
                0x0000000008002364       0x28 ./Core/Src/main.o
                0x0000000008002364                stopmotor
 .text.change_pwm
                0x000000000800238c      0x13c ./Core/Src/main.o
                0x000000000800238c                change_pwm
 .text.SystemClock_Config
                0x00000000080024c8       0x8c ./Core/Src/main.o
                0x00000000080024c8                SystemClock_Config
 .text.MX_ADC_Init
                0x0000000008002554       0xb8 ./Core/Src/main.o
 .text.MX_I2C2_Init
                0x000000000800260c       0x80 ./Core/Src/main.o
 .text.MX_SPI1_Init
                0x000000000800268c      0x134 ./Core/Src/main.o
 .text.MX_TIM1_Init
                0x00000000080027c0      0x12c ./Core/Src/main.o
 .text.MX_DMA_Init
                0x00000000080028ec       0x3c ./Core/Src/main.o
 .text.MX_GPIO_Init
                0x0000000008002928      0x168 ./Core/Src/main.o
 .text.HAL_GPIO_EXTI_Callback
                0x0000000008002a90       0x78 ./Core/Src/main.o
                0x0000000008002a90                HAL_GPIO_EXTI_Callback
 .text.Error_Handler
                0x0000000008002b08        0xa ./Core/Src/main.o
                0x0000000008002b08                Error_Handler
 *fill*         0x0000000008002b12        0x2 
 .text.menu_home
                0x0000000008002b14       0xf8 ./Core/Src/menu.o
                0x0000000008002b14                menu_home
 .text.menu_move
                0x0000000008002c0c       0x90 ./Core/Src/menu.o
                0x0000000008002c0c                menu_move
 .text.menu_select
                0x0000000008002c9c       0x80 ./Core/Src/menu.o
                0x0000000008002c9c                menu_select
 .text.Infomode
                0x0000000008002d1c      0x15c ./Core/Src/menu.o
                0x0000000008002d1c                Infomode
 .text.Info_move
                0x0000000008002e78       0x90 ./Core/Src/menu.o
                0x0000000008002e78                Info_move
 .text.Info_select
                0x0000000008002f08       0xf4 ./Core/Src/menu.o
                0x0000000008002f08                Info_select
 .text.Manualmode
                0x0000000008002ffc      0x17c ./Core/Src/menu.o
                0x0000000008002ffc                Manualmode
 .text.Manual_move
                0x0000000008003178       0x90 ./Core/Src/menu.o
                0x0000000008003178                Manual_move
 .text.Manual_select
                0x0000000008003208      0x130 ./Core/Src/menu.o
                0x0000000008003208                Manual_select
 .text.stepperMotor
                0x0000000008003338      0x13c ./Core/Src/menu.o
                0x0000000008003338                stepperMotor
 .text.Tunemode
                0x0000000008003474      0x54c ./Core/Src/menu.o
                0x0000000008003474                Tunemode
 .text.Tune_move
                0x00000000080039c0       0xa4 ./Core/Src/menu.o
                0x00000000080039c0                Tune_move
 .text.Tune_select
                0x0000000008003a64      0x208 ./Core/Src/menu.o
                0x0000000008003a64                Tune_select
 .text.pegDisplay
                0x0000000008003c6c      0x1ac ./Core/Src/menu.o
                0x0000000008003c6c                pegDisplay
 .text.peg_move
                0x0000000008003e18       0x90 ./Core/Src/menu.o
                0x0000000008003e18                peg_move
 .text.peg_select
                0x0000000008003ea8      0x23c ./Core/Src/menu.o
                0x0000000008003ea8                peg_select
 .text.updateToggleHistory
                0x00000000080040e4       0xd4 ./Core/Src/menu.o
                0x00000000080040e4                updateToggleHistory
 .text.HAL_MspInit
                0x00000000080041b8       0x48 ./Core/Src/stm32f0xx_hal_msp.o
                0x00000000080041b8                HAL_MspInit
 .text.HAL_ADC_MspInit
                0x0000000008004200      0x108 ./Core/Src/stm32f0xx_hal_msp.o
                0x0000000008004200                HAL_ADC_MspInit
 .text.HAL_I2C_MspInit
                0x0000000008004308       0x9c ./Core/Src/stm32f0xx_hal_msp.o
                0x0000000008004308                HAL_I2C_MspInit
 .text.HAL_SPI_MspInit
                0x00000000080043a4       0x98 ./Core/Src/stm32f0xx_hal_msp.o
                0x00000000080043a4                HAL_SPI_MspInit
 .text.HAL_TIM_PWM_MspInit
                0x000000000800443c       0x40 ./Core/Src/stm32f0xx_hal_msp.o
                0x000000000800443c                HAL_TIM_PWM_MspInit
 .text.HAL_TIM_MspPostInit
                0x000000000800447c       0x80 ./Core/Src/stm32f0xx_hal_msp.o
                0x000000000800447c                HAL_TIM_MspPostInit
 .text.NMI_Handler
                0x00000000080044fc        0x6 ./Core/Src/stm32f0xx_it.o
                0x00000000080044fc                NMI_Handler
 .text.HardFault_Handler
                0x0000000008004502        0x6 ./Core/Src/stm32f0xx_it.o
                0x0000000008004502                HardFault_Handler
 .text.SVC_Handler
                0x0000000008004508        0xa ./Core/Src/stm32f0xx_it.o
                0x0000000008004508                SVC_Handler
 .text.PendSV_Handler
                0x0000000008004512        0xa ./Core/Src/stm32f0xx_it.o
                0x0000000008004512                PendSV_Handler
 .text.SysTick_Handler
                0x000000000800451c        0xe ./Core/Src/stm32f0xx_it.o
                0x000000000800451c                SysTick_Handler
 .text.EXTI2_3_IRQHandler
                0x000000000800452a       0x16 ./Core/Src/stm32f0xx_it.o
                0x000000000800452a                EXTI2_3_IRQHandler
 .text.EXTI4_15_IRQHandler
                0x0000000008004540       0x10 ./Core/Src/stm32f0xx_it.o
                0x0000000008004540                EXTI4_15_IRQHandler
 .text.DMA1_Ch1_IRQHandler
                0x0000000008004550       0x18 ./Core/Src/stm32f0xx_it.o
                0x0000000008004550                DMA1_Ch1_IRQHandler
 .text.SystemInit
                0x0000000008004568        0xa ./Core/Src/system_stm32f0xx.o
                0x0000000008004568                SystemInit
 *fill*         0x0000000008004572        0x2 
 .text.Reset_Handler
                0x0000000008004574       0x50 ./Core/Startup/startup_stm32f091rctx.o
                0x0000000008004574                Reset_Handler
 .text.Default_Handler
                0x00000000080045c4        0x2 ./Core/Startup/startup_stm32f091rctx.o
                0x00000000080045c4                TIM1_BRK_UP_TRG_COM_IRQHandler
                0x00000000080045c4                TSC_IRQHandler
                0x00000000080045c4                ADC1_COMP_IRQHandler
                0x00000000080045c4                I2C1_IRQHandler
                0x00000000080045c4                RCC_CRS_IRQHandler
                0x00000000080045c4                SPI1_IRQHandler
                0x00000000080045c4                TIM6_DAC_IRQHandler
                0x00000000080045c4                I2C2_IRQHandler
                0x00000000080045c4                TIM17_IRQHandler
                0x00000000080045c4                CEC_CAN_IRQHandler
                0x00000000080045c4                RTC_IRQHandler
                0x00000000080045c4                PVD_VDDIO2_IRQHandler
                0x00000000080045c4                TIM16_IRQHandler
                0x00000000080045c4                TIM3_IRQHandler
                0x00000000080045c4                USART3_8_IRQHandler
                0x00000000080045c4                Default_Handler
                0x00000000080045c4                TIM14_IRQHandler
                0x00000000080045c4                TIM7_IRQHandler
                0x00000000080045c4                TIM15_IRQHandler
                0x00000000080045c4                EXTI0_1_IRQHandler
                0x00000000080045c4                SPI2_IRQHandler
                0x00000000080045c4                DMA1_Ch2_3_DMA2_Ch1_2_IRQHandler
                0x00000000080045c4                DMA1_Ch4_7_DMA2_Ch3_5_IRQHandler
                0x00000000080045c4                WWDG_IRQHandler
                0x00000000080045c4                TIM2_IRQHandler
                0x00000000080045c4                USART2_IRQHandler
                0x00000000080045c4                FLASH_IRQHandler
                0x00000000080045c4                USART1_IRQHandler
                0x00000000080045c4                TIM1_CC_IRQHandler
 *fill*         0x00000000080045c6        0x2 
 .text.HAL_Init
                0x00000000080045c8       0x28 ./Drivers/STM32F0xx_HAL_Driver/Src/stm32f0xx_hal.o
                0x00000000080045c8                HAL_Init
 .text.HAL_InitTick
                0x00000000080045f0       0x68 ./Drivers/STM32F0xx_HAL_Driver/Src/stm32f0xx_hal.o
                0x00000000080045f0                HAL_InitTick
 .text.HAL_IncTick
                0x0000000008004658       0x24 ./Drivers/STM32F0xx_HAL_Driver/Src/stm32f0xx_hal.o
                0x0000000008004658                HAL_IncTick
 .text.HAL_GetTick
                0x000000000800467c       0x14 ./Drivers/STM32F0xx_HAL_Driver/Src/stm32f0xx_hal.o
                0x000000000800467c                HAL_GetTick
 .text.HAL_Delay
                0x0000000008004690       0x48 ./Drivers/STM32F0xx_HAL_Driver/Src/stm32f0xx_hal.o
                0x0000000008004690                HAL_Delay
 .text.HAL_ADC_Init
                0x00000000080046d8      0x280 ./Drivers/STM32F0xx_HAL_Driver/Src/stm32f0xx_hal_adc.o
                0x00000000080046d8                HAL_ADC_Init
 .text.HAL_ADC_Stop
                0x0000000008004958       0x80 ./Drivers/STM32F0xx_HAL_Driver/Src/stm32f0xx_hal_adc.o
                0x0000000008004958                HAL_ADC_Stop
 .text.HAL_ADC_ConfigChannel
                0x00000000080049d8      0x21c ./Drivers/STM32F0xx_HAL_Driver/Src/stm32f0xx_hal_adc.o
                0x00000000080049d8                HAL_ADC_ConfigChannel
 .text.ADC_Disable
                0x0000000008004bf4       0xe2 ./Drivers/STM32F0xx_HAL_Driver/Src/stm32f0xx_hal_adc.o
 .text.ADC_ConversionStop
                0x0000000008004cd6       0x98 ./Drivers/STM32F0xx_HAL_Driver/Src/stm32f0xx_hal_adc.o
 *fill*         0x0000000008004d6e        0x2 
 .text.__NVIC_EnableIRQ
                0x0000000008004d70       0x34 ./Drivers/STM32F0xx_HAL_Driver/Src/stm32f0xx_hal_cortex.o
 .text.__NVIC_SetPriority
                0x0000000008004da4       0xdc ./Drivers/STM32F0xx_HAL_Driver/Src/stm32f0xx_hal_cortex.o
 .text.SysTick_Config
                0x0000000008004e80       0x48 ./Drivers/STM32F0xx_HAL_Driver/Src/stm32f0xx_hal_cortex.o
 .text.HAL_NVIC_SetPriority
                0x0000000008004ec8       0x2a ./Drivers/STM32F0xx_HAL_Driver/Src/stm32f0xx_hal_cortex.o
                0x0000000008004ec8                HAL_NVIC_SetPriority
 .text.HAL_NVIC_EnableIRQ
                0x0000000008004ef2       0x20 ./Drivers/STM32F0xx_HAL_Driver/Src/stm32f0xx_hal_cortex.o
                0x0000000008004ef2                HAL_NVIC_EnableIRQ
 .text.HAL_SYSTICK_Config
                0x0000000008004f12       0x1a ./Drivers/STM32F0xx_HAL_Driver/Src/stm32f0xx_hal_cortex.o
                0x0000000008004f12                HAL_SYSTICK_Config
 .text.HAL_DMA_Init
                0x0000000008004f2c       0x90 ./Drivers/STM32F0xx_HAL_Driver/Src/stm32f0xx_hal_dma.o
                0x0000000008004f2c                HAL_DMA_Init
 .text.HAL_DMA_IRQHandler
                0x0000000008004fbc      0x144 ./Drivers/STM32F0xx_HAL_Driver/Src/stm32f0xx_hal_dma.o
                0x0000000008004fbc                HAL_DMA_IRQHandler
 .text.DMA_CalcBaseAndBitshift
                0x0000000008005100       0x74 ./Drivers/STM32F0xx_HAL_Driver/Src/stm32f0xx_hal_dma.o
 .text.HAL_GPIO_Init
                0x0000000008005174      0x2f0 ./Drivers/STM32F0xx_HAL_Driver/Src/stm32f0xx_hal_gpio.o
                0x0000000008005174                HAL_GPIO_Init
 .text.HAL_GPIO_ReadPin
                0x0000000008005464       0x3a ./Drivers/STM32F0xx_HAL_Driver/Src/stm32f0xx_hal_gpio.o
                0x0000000008005464                HAL_GPIO_ReadPin
 .text.HAL_GPIO_WritePin
                0x000000000800549e       0x3a ./Drivers/STM32F0xx_HAL_Driver/Src/stm32f0xx_hal_gpio.o
                0x000000000800549e                HAL_GPIO_WritePin
 .text.HAL_GPIO_EXTI_IRQHandler
                0x00000000080054d8       0x38 ./Drivers/STM32F0xx_HAL_Driver/Src/stm32f0xx_hal_gpio.o
                0x00000000080054d8                HAL_GPIO_EXTI_IRQHandler
 .text.HAL_I2C_Init
                0x0000000008005510      0x12c ./Drivers/STM32F0xx_HAL_Driver/Src/stm32f0xx_hal_i2c.o
                0x0000000008005510                HAL_I2C_Init
 .text.HAL_I2CEx_ConfigAnalogFilter
                0x000000000800563c       0x98 ./Drivers/STM32F0xx_HAL_Driver/Src/stm32f0xx_hal_i2c_ex.o
                0x000000000800563c                HAL_I2CEx_ConfigAnalogFilter
 .text.HAL_I2CEx_ConfigDigitalFilter
                0x00000000080056d4       0x98 ./Drivers/STM32F0xx_HAL_Driver/Src/stm32f0xx_hal_i2c_ex.o
                0x00000000080056d4                HAL_I2CEx_ConfigDigitalFilter
 .text.HAL_RCC_OscConfig
                0x000000000800576c      0x70c ./Drivers/STM32F0xx_HAL_Driver/Src/stm32f0xx_hal_rcc.o
                0x000000000800576c                HAL_RCC_OscConfig
 .text.HAL_RCC_ClockConfig
                0x0000000008005e78      0x1b4 ./Drivers/STM32F0xx_HAL_Driver/Src/stm32f0xx_hal_rcc.o
                0x0000000008005e78                HAL_RCC_ClockConfig
 .text.HAL_RCC_GetSysClockFreq
                0x000000000800602c      0x100 ./Drivers/STM32F0xx_HAL_Driver/Src/stm32f0xx_hal_rcc.o
                0x000000000800602c                HAL_RCC_GetSysClockFreq
 .text.HAL_SPI_Init
                0x000000000800612c      0x170 ./Drivers/STM32F0xx_HAL_Driver/Src/stm32f0xx_hal_spi.o
                0x000000000800612c                HAL_SPI_Init
 .text.HAL_TIM_PWM_Init
                0x000000000800629c       0xa0 ./Drivers/STM32F0xx_HAL_Driver/Src/stm32f0xx_hal_tim.o
                0x000000000800629c                HAL_TIM_PWM_Init
 .text.HAL_TIM_PWM_Start
                0x000000000800633c      0x170 ./Drivers/STM32F0xx_HAL_Driver/Src/stm32f0xx_hal_tim.o
                0x000000000800633c                HAL_TIM_PWM_Start
 .text.HAL_TIM_PWM_Stop
                0x00000000080064ac       0xf8 ./Drivers/STM32F0xx_HAL_Driver/Src/stm32f0xx_hal_tim.o
                0x00000000080064ac                HAL_TIM_PWM_Stop
 .text.HAL_TIM_PWM_ConfigChannel
                0x00000000080065a4      0x18c ./Drivers/STM32F0xx_HAL_Driver/Src/stm32f0xx_hal_tim.o
                0x00000000080065a4                HAL_TIM_PWM_ConfigChannel
 .text.TIM_Base_SetConfig
                0x0000000008006730      0x100 ./Drivers/STM32F0xx_HAL_Driver/Src/stm32f0xx_hal_tim.o
                0x0000000008006730                TIM_Base_SetConfig
 .text.TIM_OC1_SetConfig
                0x0000000008006830      0x110 ./Drivers/STM32F0xx_HAL_Driver/Src/stm32f0xx_hal_tim.o
 .text.TIM_OC2_SetConfig
                0x0000000008006940      0x108 ./Drivers/STM32F0xx_HAL_Driver/Src/stm32f0xx_hal_tim.o
                0x0000000008006940                TIM_OC2_SetConfig
 .text.TIM_OC3_SetConfig
                0x0000000008006a48      0x10c ./Drivers/STM32F0xx_HAL_Driver/Src/stm32f0xx_hal_tim.o
 .text.TIM_OC4_SetConfig
                0x0000000008006b54       0xd4 ./Drivers/STM32F0xx_HAL_Driver/Src/stm32f0xx_hal_tim.o
 .text.TIM_CCxChannelCmd
                0x0000000008006c28       0x46 ./Drivers/STM32F0xx_HAL_Driver/Src/stm32f0xx_hal_tim.o
                0x0000000008006c28                TIM_CCxChannelCmd
 *fill*         0x0000000008006c6e        0x2 
 .text.HAL_TIMEx_MasterConfigSynchronization
                0x0000000008006c70       0xbc ./Drivers/STM32F0xx_HAL_Driver/Src/stm32f0xx_hal_tim_ex.o
                0x0000000008006c70                HAL_TIMEx_MasterConfigSynchronization
 .text.HAL_TIMEx_ConfigBreakDeadTime
                0x0000000008006d2c       0xbc ./Drivers/STM32F0xx_HAL_Driver/Src/stm32f0xx_hal_tim_ex.o
                0x0000000008006d2c                HAL_TIMEx_ConfigBreakDeadTime
 .text.__libc_init_array
                0x0000000008006de8       0x48 /Applications/STM32CubeIDE.app/Contents/Eclipse/plugins/com.st.stm32cube.ide.mcu.externaltools.gnu-tools-for-stm32.9-2020-q2-update.macos64_2.0.0.202105311346/tools/bin/../lib/gcc/arm-none-eabi/9.3.1/../../../../arm-none-eabi/lib/thumb/v6-m/nofp/libc_nano.a(lib_a-init.o)
                0x0000000008006de8                __libc_init_array
 .text.memset   0x0000000008006e30       0x10 /Applications/STM32CubeIDE.app/Contents/Eclipse/plugins/com.st.stm32cube.ide.mcu.externaltools.gnu-tools-for-stm32.9-2020-q2-update.macos64_2.0.0.202105311346/tools/bin/../lib/gcc/arm-none-eabi/9.3.1/../../../../arm-none-eabi/lib/thumb/v6-m/nofp/libc_nano.a(lib_a-memset.o)
                0x0000000008006e30                memset
 *(.glue_7)
 .glue_7        0x0000000008006e40        0x0 linker stubs
 *(.glue_7t)
 .glue_7t       0x0000000008006e40        0x0 linker stubs
 *(.eh_frame)
 .eh_frame      0x0000000008006e40        0x0 /Applications/STM32CubeIDE.app/Contents/Eclipse/plugins/com.st.stm32cube.ide.mcu.externaltools.gnu-tools-for-stm32.9-2020-q2-update.macos64_2.0.0.202105311346/tools/bin/../lib/gcc/arm-none-eabi/9.3.1/thumb/v6-m/nofp/crtbegin.o
 *(.init)
 .init          0x0000000008006e40        0x4 /Applications/STM32CubeIDE.app/Contents/Eclipse/plugins/com.st.stm32cube.ide.mcu.externaltools.gnu-tools-for-stm32.9-2020-q2-update.macos64_2.0.0.202105311346/tools/bin/../lib/gcc/arm-none-eabi/9.3.1/thumb/v6-m/nofp/crti.o
                0x0000000008006e40                _init
 .init          0x0000000008006e44        0x8 /Applications/STM32CubeIDE.app/Contents/Eclipse/plugins/com.st.stm32cube.ide.mcu.externaltools.gnu-tools-for-stm32.9-2020-q2-update.macos64_2.0.0.202105311346/tools/bin/../lib/gcc/arm-none-eabi/9.3.1/thumb/v6-m/nofp/crtn.o
 *(.fini)
 .fini          0x0000000008006e4c        0x4 /Applications/STM32CubeIDE.app/Contents/Eclipse/plugins/com.st.stm32cube.ide.mcu.externaltools.gnu-tools-for-stm32.9-2020-q2-update.macos64_2.0.0.202105311346/tools/bin/../lib/gcc/arm-none-eabi/9.3.1/thumb/v6-m/nofp/crti.o
                0x0000000008006e4c                _fini
 .fini          0x0000000008006e50        0x8 /Applications/STM32CubeIDE.app/Contents/Eclipse/plugins/com.st.stm32cube.ide.mcu.externaltools.gnu-tools-for-stm32.9-2020-q2-update.macos64_2.0.0.202105311346/tools/bin/../lib/gcc/arm-none-eabi/9.3.1/thumb/v6-m/nofp/crtn.o
                0x0000000008006e58                . = ALIGN (0x4)
                0x0000000008006e58                _etext = .

.vfp11_veneer   0x0000000008006e58        0x0
 .vfp11_veneer  0x0000000008006e58        0x0 linker stubs

.v4_bx          0x0000000008006e58        0x0
 .v4_bx         0x0000000008006e58        0x0 linker stubs

.iplt           0x0000000008006e58        0x0
 .iplt          0x0000000008006e58        0x0 /Applications/STM32CubeIDE.app/Contents/Eclipse/plugins/com.st.stm32cube.ide.mcu.externaltools.gnu-tools-for-stm32.9-2020-q2-update.macos64_2.0.0.202105311346/tools/bin/../lib/gcc/arm-none-eabi/9.3.1/thumb/v6-m/nofp/crtbegin.o

.rodata         0x0000000008006e58      0xc68
                0x0000000008006e58                . = ALIGN (0x4)
 *(.rodata)
 .rodata        0x0000000008006e58      0x152 ./Core/Src/menu.o
 *fill*         0x0000000008006faa        0x2 
 .rodata        0x0000000008006fac       0x20 ./Drivers/STM32F0xx_HAL_Driver/Src/stm32f0xx_hal_rcc.o
 .rodata        0x0000000008006fcc       0x40 /Applications/STM32CubeIDE.app/Contents/Eclipse/plugins/com.st.stm32cube.ide.mcu.externaltools.gnu-tools-for-stm32.9-2020-q2-update.macos64_2.0.0.202105311346/tools/bin/../lib/gcc/arm-none-eabi/9.3.1/thumb/v6-m/nofp/libgcc.a(divdf3.o)
 .rodata        0x000000000800700c       0x40 /Applications/STM32CubeIDE.app/Contents/Eclipse/plugins/com.st.stm32cube.ide.mcu.externaltools.gnu-tools-for-stm32.9-2020-q2-update.macos64_2.0.0.202105311346/tools/bin/../lib/gcc/arm-none-eabi/9.3.1/thumb/v6-m/nofp/libgcc.a(muldf3.o)
 *(.rodata*)
 .rodata.asc2_1206
                0x000000000800704c      0x474 ./Core/Src/lcd.o
                0x000000000800704c                asc2_1206
 .rodata.asc2_1608
                0x00000000080074c0      0x5f0 ./Core/Src/lcd.o
                0x00000000080074c0                asc2_1608
 .rodata.AHBPrescTable
                0x0000000008007ab0       0x10 ./Core/Src/system_stm32f0xx.o
                0x0000000008007ab0                AHBPrescTable
                0x0000000008007ac0                . = ALIGN (0x4)

.rel.dyn        0x0000000008007ac0        0x0
 .rel.iplt      0x0000000008007ac0        0x0 /Applications/STM32CubeIDE.app/Contents/Eclipse/plugins/com.st.stm32cube.ide.mcu.externaltools.gnu-tools-for-stm32.9-2020-q2-update.macos64_2.0.0.202105311346/tools/bin/../lib/gcc/arm-none-eabi/9.3.1/thumb/v6-m/nofp/crtbegin.o

.ARM.extab      0x0000000008007ac0        0x0
                0x0000000008007ac0                . = ALIGN (0x4)
 *(.ARM.extab* .gnu.linkonce.armextab.*)
                0x0000000008007ac0                . = ALIGN (0x4)

.ARM            0x0000000008007ac0        0x0
                0x0000000008007ac0                . = ALIGN (0x4)
                0x0000000008007ac0                __exidx_start = .
 *(.ARM.exidx*)
                0x0000000008007ac0                __exidx_end = .
                0x0000000008007ac0                . = ALIGN (0x4)

.preinit_array  0x0000000008007ac0        0x0
                0x0000000008007ac0                . = ALIGN (0x4)
                0x0000000008007ac0                PROVIDE (__preinit_array_start = .)
 *(.preinit_array*)
                0x0000000008007ac0                PROVIDE (__preinit_array_end = .)
                0x0000000008007ac0                . = ALIGN (0x4)

.init_array     0x0000000008007ac0        0x4
                0x0000000008007ac0                . = ALIGN (0x4)
                0x0000000008007ac0                PROVIDE (__init_array_start = .)
 *(SORT_BY_NAME(.init_array.*))
 *(.init_array*)
 .init_array    0x0000000008007ac0        0x4 /Applications/STM32CubeIDE.app/Contents/Eclipse/plugins/com.st.stm32cube.ide.mcu.externaltools.gnu-tools-for-stm32.9-2020-q2-update.macos64_2.0.0.202105311346/tools/bin/../lib/gcc/arm-none-eabi/9.3.1/thumb/v6-m/nofp/crtbegin.o
                0x0000000008007ac4                PROVIDE (__init_array_end = .)
                0x0000000008007ac4                . = ALIGN (0x4)

.fini_array     0x0000000008007ac4        0x4
                0x0000000008007ac4                . = ALIGN (0x4)
                [!provide]                        PROVIDE (__fini_array_start = .)
 *(SORT_BY_NAME(.fini_array.*))
 *(.fini_array*)
 .fini_array    0x0000000008007ac4        0x4 /Applications/STM32CubeIDE.app/Contents/Eclipse/plugins/com.st.stm32cube.ide.mcu.externaltools.gnu-tools-for-stm32.9-2020-q2-update.macos64_2.0.0.202105311346/tools/bin/../lib/gcc/arm-none-eabi/9.3.1/thumb/v6-m/nofp/crtbegin.o
                [!provide]                        PROVIDE (__fini_array_end = .)
                0x0000000008007ac8                . = ALIGN (0x4)
                0x0000000008007ac8                _sidata = LOADADDR (.data)

.data           0x0000000020000000       0x88 load address 0x0000000008007ac8
                0x0000000020000000                . = ALIGN (0x4)
                0x0000000020000000                _sdata = .
 *(.data)
 *(.data*)
 .data.menu     0x0000000020000000        0xc ./Core/Src/menu.o
                0x0000000020000000                menu
 .data.Tune     0x000000002000000c       0x1c ./Core/Src/menu.o
                0x000000002000000c                Tune
 .data.Manual   0x0000000020000028        0xc ./Core/Src/menu.o
                0x0000000020000028                Manual
 .data.Info     0x0000000020000034        0x8 ./Core/Src/menu.o
                0x0000000020000034                Info
 .data.peg      0x000000002000003c        0xc ./Core/Src/menu.o
                0x000000002000003c                peg
 .data.pegsel   0x0000000020000048       0x18 ./Core/Src/menu.o
                0x0000000020000048                pegsel
 .data.note     0x0000000020000060       0x18 ./Core/Src/menu.o
                0x0000000020000060                note
 .data.lastPressed
                0x0000000020000078        0x1 ./Core/Src/menu.o
                0x0000000020000078                lastPressed
 .data.lastButton
                0x0000000020000079        0x1 ./Core/Src/menu.o
                0x0000000020000079                lastButton
 *fill*         0x000000002000007a        0x2 
 .data.SystemCoreClock
                0x000000002000007c        0x4 ./Core/Src/system_stm32f0xx.o
                0x000000002000007c                SystemCoreClock
 .data.uwTickPrio
                0x0000000020000080        0x4 ./Drivers/STM32F0xx_HAL_Driver/Src/stm32f0xx_hal.o
                0x0000000020000080                uwTickPrio
 .data.uwTickFreq
                0x0000000020000084        0x1 ./Drivers/STM32F0xx_HAL_Driver/Src/stm32f0xx_hal.o
                0x0000000020000084                uwTickFreq
 *(.RamFunc)
 *(.RamFunc*)
                0x0000000020000088                . = ALIGN (0x4)
 *fill*         0x0000000020000085        0x3 
                0x0000000020000088                _edata = .

.igot.plt       0x0000000020000088        0x0 load address 0x0000000008007b50
 .igot.plt      0x0000000020000088        0x0 /Applications/STM32CubeIDE.app/Contents/Eclipse/plugins/com.st.stm32cube.ide.mcu.externaltools.gnu-tools-for-stm32.9-2020-q2-update.macos64_2.0.0.202105311346/tools/bin/../lib/gcc/arm-none-eabi/9.3.1/thumb/v6-m/nofp/crtbegin.o
                0x0000000020000088                . = ALIGN (0x4)

.bss            0x0000000020000088      0x1c8 load address 0x0000000008007b50
                0x0000000020000088                _sbss = .
                0x0000000020000088                __bss_start__ = _sbss
 *(.bss)
 .bss           0x0000000020000088       0x1c /Applications/STM32CubeIDE.app/Contents/Eclipse/plugins/com.st.stm32cube.ide.mcu.externaltools.gnu-tools-for-stm32.9-2020-q2-update.macos64_2.0.0.202105311346/tools/bin/../lib/gcc/arm-none-eabi/9.3.1/thumb/v6-m/nofp/crtbegin.o
 *(.bss*)
 .bss.currentSelectIndex
                0x00000000200000a4        0x4 ./Core/Src/menu.o
                0x00000000200000a4                currentSelectIndex
 .bss.currentScrollIndex
                0x00000000200000a8        0x4 ./Core/Src/menu.o
                0x00000000200000a8                currentScrollIndex
 .bss.goleft    0x00000000200000ac        0x4 ./Core/Src/menu.o
                0x00000000200000ac                goleft
 .bss.goright   0x00000000200000b0        0x4 ./Core/Src/menu.o
                0x00000000200000b0                goright
 .bss.prev      0x00000000200000b4        0x4 ./Core/Src/menu.o
                0x00000000200000b4                prev
 .bss.curr      0x00000000200000b8        0x4 ./Core/Src/menu.o
                0x00000000200000b8                curr
 .bss.pressHistory
                0x00000000200000bc        0x3 ./Core/Src/menu.o
                0x00000000200000bc                pressHistory
 *(COMMON)
 *fill*         0x00000000200000bf        0x1 
 COMMON         0x00000000200000c0        0xe ./Core/Src/lcd.o
                0x00000000200000c0                lcddev
 *fill*         0x00000000200000ce        0x2 
 COMMON         0x00000000200000d0      0x17c ./Core/Src/main.o
                0x00000000200000d0                hi2c2
                0x000000002000011c                htim1
                0x0000000020000164                hspi1
                0x00000000200001c8                hdma_adc
                0x000000002000020c                hadc
 COMMON         0x000000002000024c        0x4 ./Drivers/STM32F0xx_HAL_Driver/Src/stm32f0xx_hal.o
                0x000000002000024c                uwTick
                0x0000000020000250                . = ALIGN (0x4)
                0x0000000020000250                _ebss = .
                0x0000000020000250                __bss_end__ = _ebss

._user_heap_stack
                0x0000000020000250      0x600 load address 0x0000000008007b50
                0x0000000020000250                . = ALIGN (0x8)
                [!provide]                        PROVIDE (end = .)
                0x0000000020000250                PROVIDE (_end = .)
                0x0000000020000450                . = (. + _Min_Heap_Size)
 *fill*         0x0000000020000250      0x200 
                0x0000000020000850                . = (. + _Min_Stack_Size)
 *fill*         0x0000000020000450      0x400 
                0x0000000020000850                . = ALIGN (0x8)

/DISCARD/
 libc.a(*)
 libm.a(*)
 libgcc.a(*)

.ARM.attributes
                0x0000000000000000       0x28
 *(.ARM.attributes)
 .ARM.attributes
                0x0000000000000000       0x1e /Applications/STM32CubeIDE.app/Contents/Eclipse/plugins/com.st.stm32cube.ide.mcu.externaltools.gnu-tools-for-stm32.9-2020-q2-update.macos64_2.0.0.202105311346/tools/bin/../lib/gcc/arm-none-eabi/9.3.1/thumb/v6-m/nofp/crti.o
 .ARM.attributes
                0x000000000000001e       0x2c /Applications/STM32CubeIDE.app/Contents/Eclipse/plugins/com.st.stm32cube.ide.mcu.externaltools.gnu-tools-for-stm32.9-2020-q2-update.macos64_2.0.0.202105311346/tools/bin/../lib/gcc/arm-none-eabi/9.3.1/thumb/v6-m/nofp/crtbegin.o
 .ARM.attributes
                0x000000000000004a       0x2c ./Core/Src/lcd.o
 .ARM.attributes
                0x0000000000000076       0x2c ./Core/Src/main.o
 .ARM.attributes
                0x00000000000000a2       0x2c ./Core/Src/menu.o
 .ARM.attributes
                0x00000000000000ce       0x2c ./Core/Src/stm32f0xx_hal_msp.o
 .ARM.attributes
                0x00000000000000fa       0x2c ./Core/Src/stm32f0xx_it.o
 .ARM.attributes
                0x0000000000000126       0x2c ./Core/Src/system_stm32f0xx.o
 .ARM.attributes
                0x0000000000000152       0x21 ./Core/Startup/startup_stm32f091rctx.o
 .ARM.attributes
                0x0000000000000173       0x2c ./Drivers/STM32F0xx_HAL_Driver/Src/stm32f0xx_hal.o
 .ARM.attributes
                0x000000000000019f       0x2c ./Drivers/STM32F0xx_HAL_Driver/Src/stm32f0xx_hal_adc.o
 .ARM.attributes
                0x00000000000001cb       0x2c ./Drivers/STM32F0xx_HAL_Driver/Src/stm32f0xx_hal_cortex.o
 .ARM.attributes
                0x00000000000001f7       0x2c ./Drivers/STM32F0xx_HAL_Driver/Src/stm32f0xx_hal_dma.o
 .ARM.attributes
                0x0000000000000223       0x2c ./Drivers/STM32F0xx_HAL_Driver/Src/stm32f0xx_hal_gpio.o
 .ARM.attributes
                0x000000000000024f       0x2c ./Drivers/STM32F0xx_HAL_Driver/Src/stm32f0xx_hal_i2c.o
 .ARM.attributes
                0x000000000000027b       0x2c ./Drivers/STM32F0xx_HAL_Driver/Src/stm32f0xx_hal_i2c_ex.o
 .ARM.attributes
                0x00000000000002a7       0x2c ./Drivers/STM32F0xx_HAL_Driver/Src/stm32f0xx_hal_rcc.o
 .ARM.attributes
                0x00000000000002d3       0x2c ./Drivers/STM32F0xx_HAL_Driver/Src/stm32f0xx_hal_spi.o
 .ARM.attributes
                0x00000000000002ff       0x2c ./Drivers/STM32F0xx_HAL_Driver/Src/stm32f0xx_hal_tim.o
 .ARM.attributes
                0x000000000000032b       0x2c ./Drivers/STM32F0xx_HAL_Driver/Src/stm32f0xx_hal_tim_ex.o
 .ARM.attributes
                0x0000000000000357       0x2c /Applications/STM32CubeIDE.app/Contents/Eclipse/plugins/com.st.stm32cube.ide.mcu.externaltools.gnu-tools-for-stm32.9-2020-q2-update.macos64_2.0.0.202105311346/tools/bin/../lib/gcc/arm-none-eabi/9.3.1/../../../../arm-none-eabi/lib/thumb/v6-m/nofp/libc_nano.a(lib_a-init.o)
 .ARM.attributes
                0x0000000000000383       0x2c /Applications/STM32CubeIDE.app/Contents/Eclipse/plugins/com.st.stm32cube.ide.mcu.externaltools.gnu-tools-for-stm32.9-2020-q2-update.macos64_2.0.0.202105311346/tools/bin/../lib/gcc/arm-none-eabi/9.3.1/../../../../arm-none-eabi/lib/thumb/v6-m/nofp/libc_nano.a(lib_a-memset.o)
 .ARM.attributes
                0x00000000000003af       0x1e /Applications/STM32CubeIDE.app/Contents/Eclipse/plugins/com.st.stm32cube.ide.mcu.externaltools.gnu-tools-for-stm32.9-2020-q2-update.macos64_2.0.0.202105311346/tools/bin/../lib/gcc/arm-none-eabi/9.3.1/thumb/v6-m/nofp/libgcc.a(_udivsi3.o)
 .ARM.attributes
                0x00000000000003cd       0x1e /Applications/STM32CubeIDE.app/Contents/Eclipse/plugins/com.st.stm32cube.ide.mcu.externaltools.gnu-tools-for-stm32.9-2020-q2-update.macos64_2.0.0.202105311346/tools/bin/../lib/gcc/arm-none-eabi/9.3.1/thumb/v6-m/nofp/libgcc.a(_divsi3.o)
 .ARM.attributes
                0x00000000000003eb       0x1e /Applications/STM32CubeIDE.app/Contents/Eclipse/plugins/com.st.stm32cube.ide.mcu.externaltools.gnu-tools-for-stm32.9-2020-q2-update.macos64_2.0.0.202105311346/tools/bin/../lib/gcc/arm-none-eabi/9.3.1/thumb/v6-m/nofp/libgcc.a(_dvmd_tls.o)
 .ARM.attributes
                0x0000000000000409       0x2c /Applications/STM32CubeIDE.app/Contents/Eclipse/plugins/com.st.stm32cube.ide.mcu.externaltools.gnu-tools-for-stm32.9-2020-q2-update.macos64_2.0.0.202105311346/tools/bin/../lib/gcc/arm-none-eabi/9.3.1/thumb/v6-m/nofp/libgcc.a(_fixunsdfsi.o)
 .ARM.attributes
                0x0000000000000435       0x2c /Applications/STM32CubeIDE.app/Contents/Eclipse/plugins/com.st.stm32cube.ide.mcu.externaltools.gnu-tools-for-stm32.9-2020-q2-update.macos64_2.0.0.202105311346/tools/bin/../lib/gcc/arm-none-eabi/9.3.1/thumb/v6-m/nofp/libgcc.a(divdf3.o)
 .ARM.attributes
                0x0000000000000461       0x2c /Applications/STM32CubeIDE.app/Contents/Eclipse/plugins/com.st.stm32cube.ide.mcu.externaltools.gnu-tools-for-stm32.9-2020-q2-update.macos64_2.0.0.202105311346/tools/bin/../lib/gcc/arm-none-eabi/9.3.1/thumb/v6-m/nofp/libgcc.a(muldf3.o)
 .ARM.attributes
                0x000000000000048d       0x2c /Applications/STM32CubeIDE.app/Contents/Eclipse/plugins/com.st.stm32cube.ide.mcu.externaltools.gnu-tools-for-stm32.9-2020-q2-update.macos64_2.0.0.202105311346/tools/bin/../lib/gcc/arm-none-eabi/9.3.1/thumb/v6-m/nofp/libgcc.a(subdf3.o)
 .ARM.attributes
                0x00000000000004b9       0x2c /Applications/STM32CubeIDE.app/Contents/Eclipse/plugins/com.st.stm32cube.ide.mcu.externaltools.gnu-tools-for-stm32.9-2020-q2-update.macos64_2.0.0.202105311346/tools/bin/../lib/gcc/arm-none-eabi/9.3.1/thumb/v6-m/nofp/libgcc.a(fixdfsi.o)
 .ARM.attributes
                0x00000000000004e5       0x2c /Applications/STM32CubeIDE.app/Contents/Eclipse/plugins/com.st.stm32cube.ide.mcu.externaltools.gnu-tools-for-stm32.9-2020-q2-update.macos64_2.0.0.202105311346/tools/bin/../lib/gcc/arm-none-eabi/9.3.1/thumb/v6-m/nofp/libgcc.a(floatsidf.o)
 .ARM.attributes
                0x0000000000000511       0x1e /Applications/STM32CubeIDE.app/Contents/Eclipse/plugins/com.st.stm32cube.ide.mcu.externaltools.gnu-tools-for-stm32.9-2020-q2-update.macos64_2.0.0.202105311346/tools/bin/../lib/gcc/arm-none-eabi/9.3.1/thumb/v6-m/nofp/libgcc.a(_arm_cmpdf2.o)
 .ARM.attributes
                0x000000000000052f       0x1e /Applications/STM32CubeIDE.app/Contents/Eclipse/plugins/com.st.stm32cube.ide.mcu.externaltools.gnu-tools-for-stm32.9-2020-q2-update.macos64_2.0.0.202105311346/tools/bin/../lib/gcc/arm-none-eabi/9.3.1/thumb/v6-m/nofp/libgcc.a(_clzsi2.o)
 .ARM.attributes
                0x000000000000054d       0x2c /Applications/STM32CubeIDE.app/Contents/Eclipse/plugins/com.st.stm32cube.ide.mcu.externaltools.gnu-tools-for-stm32.9-2020-q2-update.macos64_2.0.0.202105311346/tools/bin/../lib/gcc/arm-none-eabi/9.3.1/thumb/v6-m/nofp/libgcc.a(eqdf2.o)
 .ARM.attributes
                0x0000000000000579       0x2c /Applications/STM32CubeIDE.app/Contents/Eclipse/plugins/com.st.stm32cube.ide.mcu.externaltools.gnu-tools-for-stm32.9-2020-q2-update.macos64_2.0.0.202105311346/tools/bin/../lib/gcc/arm-none-eabi/9.3.1/thumb/v6-m/nofp/libgcc.a(gedf2.o)
 .ARM.attributes
                0x00000000000005a5       0x2c /Applications/STM32CubeIDE.app/Contents/Eclipse/plugins/com.st.stm32cube.ide.mcu.externaltools.gnu-tools-for-stm32.9-2020-q2-update.macos64_2.0.0.202105311346/tools/bin/../lib/gcc/arm-none-eabi/9.3.1/thumb/v6-m/nofp/libgcc.a(ledf2.o)
 .ARM.attributes
                0x00000000000005d1       0x1e /Applications/STM32CubeIDE.app/Contents/Eclipse/plugins/com.st.stm32cube.ide.mcu.externaltools.gnu-tools-for-stm32.9-2020-q2-update.macos64_2.0.0.202105311346/tools/bin/../lib/gcc/arm-none-eabi/9.3.1/thumb/v6-m/nofp/crtn.o
OUTPUT(test.elf elf32-littlearm)
LOAD linker stubs
LOAD /Applications/STM32CubeIDE.app/Contents/Eclipse/plugins/com.st.stm32cube.ide.mcu.externaltools.gnu-tools-for-stm32.9-2020-q2-update.macos64_2.0.0.202105311346/tools/bin/../lib/gcc/arm-none-eabi/9.3.1/../../../../arm-none-eabi/lib/thumb/v6-m/nofp/libc.a
LOAD /Applications/STM32CubeIDE.app/Contents/Eclipse/plugins/com.st.stm32cube.ide.mcu.externaltools.gnu-tools-for-stm32.9-2020-q2-update.macos64_2.0.0.202105311346/tools/bin/../lib/gcc/arm-none-eabi/9.3.1/../../../../arm-none-eabi/lib/thumb/v6-m/nofp/libm.a
LOAD /Applications/STM32CubeIDE.app/Contents/Eclipse/plugins/com.st.stm32cube.ide.mcu.externaltools.gnu-tools-for-stm32.9-2020-q2-update.macos64_2.0.0.202105311346/tools/bin/../lib/gcc/arm-none-eabi/9.3.1/thumb/v6-m/nofp/libgcc.a

.debug_info     0x0000000000000000    0x11f57
 .debug_info    0x0000000000000000     0x1656 ./Core/Src/lcd.o
 .debug_info    0x0000000000001656     0x213e ./Core/Src/main.o
 .debug_info    0x0000000000003794     0x1350 ./Core/Src/menu.o
 .debug_info    0x0000000000004ae4     0x13c6 ./Core/Src/stm32f0xx_hal_msp.o
 .debug_info    0x0000000000005eaa      0x468 ./Core/Src/stm32f0xx_it.o
 .debug_info    0x0000000000006312      0x2c3 ./Core/Src/system_stm32f0xx.o
 .debug_info    0x00000000000065d5       0x22 ./Core/Startup/startup_stm32f091rctx.o
 .debug_info    0x00000000000065f7      0x711 ./Drivers/STM32F0xx_HAL_Driver/Src/stm32f0xx_hal.o
 .debug_info    0x0000000000006d08      0xd98 ./Drivers/STM32F0xx_HAL_Driver/Src/stm32f0xx_hal_adc.o
 .debug_info    0x0000000000007aa0      0x7e2 ./Drivers/STM32F0xx_HAL_Driver/Src/stm32f0xx_hal_cortex.o
 .debug_info    0x0000000000008282      0x840 ./Drivers/STM32F0xx_HAL_Driver/Src/stm32f0xx_hal_dma.o
 .debug_info    0x0000000000008ac2      0x72f ./Drivers/STM32F0xx_HAL_Driver/Src/stm32f0xx_hal_gpio.o
 .debug_info    0x00000000000091f1     0x21cb ./Drivers/STM32F0xx_HAL_Driver/Src/stm32f0xx_hal_i2c.o
 .debug_info    0x000000000000b3bc      0x9bf ./Drivers/STM32F0xx_HAL_Driver/Src/stm32f0xx_hal_i2c_ex.o
 .debug_info    0x000000000000bd7b      0x8b1 ./Drivers/STM32F0xx_HAL_Driver/Src/stm32f0xx_hal_rcc.o
 .debug_info    0x000000000000c62c     0x17ed ./Drivers/STM32F0xx_HAL_Driver/Src/stm32f0xx_hal_spi.o
 .debug_info    0x000000000000de19     0x2bdf ./Drivers/STM32F0xx_HAL_Driver/Src/stm32f0xx_hal_tim.o
 .debug_info    0x00000000000109f8     0x155f ./Drivers/STM32F0xx_HAL_Driver/Src/stm32f0xx_hal_tim_ex.o

.debug_abbrev   0x0000000000000000     0x2789
 .debug_abbrev  0x0000000000000000      0x341 ./Core/Src/lcd.o
 .debug_abbrev  0x0000000000000341      0x331 ./Core/Src/main.o
 .debug_abbrev  0x0000000000000672      0x3a4 ./Core/Src/menu.o
 .debug_abbrev  0x0000000000000a16      0x224 ./Core/Src/stm32f0xx_hal_msp.o
 .debug_abbrev  0x0000000000000c3a      0x163 ./Core/Src/stm32f0xx_it.o
 .debug_abbrev  0x0000000000000d9d      0x145 ./Core/Src/system_stm32f0xx.o
 .debug_abbrev  0x0000000000000ee2       0x12 ./Core/Startup/startup_stm32f091rctx.o
 .debug_abbrev  0x0000000000000ef4      0x1ed ./Drivers/STM32F0xx_HAL_Driver/Src/stm32f0xx_hal.o
 .debug_abbrev  0x00000000000010e1      0x231 ./Drivers/STM32F0xx_HAL_Driver/Src/stm32f0xx_hal_adc.o
 .debug_abbrev  0x0000000000001312      0x2a9 ./Drivers/STM32F0xx_HAL_Driver/Src/stm32f0xx_hal_cortex.o
 .debug_abbrev  0x00000000000015bb      0x242 ./Drivers/STM32F0xx_HAL_Driver/Src/stm32f0xx_hal_dma.o
 .debug_abbrev  0x00000000000017fd      0x1f7 ./Drivers/STM32F0xx_HAL_Driver/Src/stm32f0xx_hal_gpio.o
 .debug_abbrev  0x00000000000019f4      0x256 ./Drivers/STM32F0xx_HAL_Driver/Src/stm32f0xx_hal_i2c.o
 .debug_abbrev  0x0000000000001c4a      0x1ec ./Drivers/STM32F0xx_HAL_Driver/Src/stm32f0xx_hal_i2c_ex.o
 .debug_abbrev  0x0000000000001e36      0x23b ./Drivers/STM32F0xx_HAL_Driver/Src/stm32f0xx_hal_rcc.o
 .debug_abbrev  0x0000000000002071      0x254 ./Drivers/STM32F0xx_HAL_Driver/Src/stm32f0xx_hal_spi.o
 .debug_abbrev  0x00000000000022c5      0x25e ./Drivers/STM32F0xx_HAL_Driver/Src/stm32f0xx_hal_tim.o
 .debug_abbrev  0x0000000000002523      0x266 ./Drivers/STM32F0xx_HAL_Driver/Src/stm32f0xx_hal_tim_ex.o

.debug_aranges  0x0000000000000000     0x10f8
 .debug_aranges
                0x0000000000000000       0xe8 ./Core/Src/lcd.o
 .debug_aranges
                0x00000000000000e8       0x90 ./Core/Src/main.o
 .debug_aranges
                0x0000000000000178       0xa0 ./Core/Src/menu.o
 .debug_aranges
                0x0000000000000218       0x68 ./Core/Src/stm32f0xx_hal_msp.o
 .debug_aranges
                0x0000000000000280       0x58 ./Core/Src/stm32f0xx_it.o
 .debug_aranges
                0x00000000000002d8       0x28 ./Core/Src/system_stm32f0xx.o
 .debug_aranges
                0x0000000000000300       0x28 ./Core/Startup/startup_stm32f091rctx.o
 .debug_aranges
                0x0000000000000328       0xd0 ./Drivers/STM32F0xx_HAL_Driver/Src/stm32f0xx_hal.o
 .debug_aranges
                0x00000000000003f8       0xf8 ./Drivers/STM32F0xx_HAL_Driver/Src/stm32f0xx_hal_adc.o
 .debug_aranges
                0x00000000000004f0       0xc0 ./Drivers/STM32F0xx_HAL_Driver/Src/stm32f0xx_hal_cortex.o
 .debug_aranges
                0x00000000000005b0       0x88 ./Drivers/STM32F0xx_HAL_Driver/Src/stm32f0xx_hal_dma.o
 .debug_aranges
                0x0000000000000638       0x58 ./Drivers/STM32F0xx_HAL_Driver/Src/stm32f0xx_hal_gpio.o
 .debug_aranges
                0x0000000000000690      0x290 ./Drivers/STM32F0xx_HAL_Driver/Src/stm32f0xx_hal_i2c.o
 .debug_aranges
                0x0000000000000920       0x48 ./Drivers/STM32F0xx_HAL_Driver/Src/stm32f0xx_hal_i2c_ex.o
 .debug_aranges
                0x0000000000000968       0x80 ./Drivers/STM32F0xx_HAL_Driver/Src/stm32f0xx_hal_rcc.o
 .debug_aranges
                0x00000000000009e8      0x1d8 ./Drivers/STM32F0xx_HAL_Driver/Src/stm32f0xx_hal_spi.o
 .debug_aranges
                0x0000000000000bc0      0x3d0 ./Drivers/STM32F0xx_HAL_Driver/Src/stm32f0xx_hal_tim.o
 .debug_aranges
                0x0000000000000f90      0x168 ./Drivers/STM32F0xx_HAL_Driver/Src/stm32f0xx_hal_tim_ex.o

.debug_ranges   0x0000000000000000      0xfe0
 .debug_ranges  0x0000000000000000       0xd8 ./Core/Src/lcd.o
 .debug_ranges  0x00000000000000d8       0x80 ./Core/Src/main.o
 .debug_ranges  0x0000000000000158       0x90 ./Core/Src/menu.o
 .debug_ranges  0x00000000000001e8       0x58 ./Core/Src/stm32f0xx_hal_msp.o
 .debug_ranges  0x0000000000000240       0x48 ./Core/Src/stm32f0xx_it.o
 .debug_ranges  0x0000000000000288       0x18 ./Core/Src/system_stm32f0xx.o
 .debug_ranges  0x00000000000002a0       0x20 ./Core/Startup/startup_stm32f091rctx.o
 .debug_ranges  0x00000000000002c0       0xc0 ./Drivers/STM32F0xx_HAL_Driver/Src/stm32f0xx_hal.o
 .debug_ranges  0x0000000000000380       0xe8 ./Drivers/STM32F0xx_HAL_Driver/Src/stm32f0xx_hal_adc.o
 .debug_ranges  0x0000000000000468       0xb0 ./Drivers/STM32F0xx_HAL_Driver/Src/stm32f0xx_hal_cortex.o
 .debug_ranges  0x0000000000000518       0x78 ./Drivers/STM32F0xx_HAL_Driver/Src/stm32f0xx_hal_dma.o
 .debug_ranges  0x0000000000000590       0x48 ./Drivers/STM32F0xx_HAL_Driver/Src/stm32f0xx_hal_gpio.o
 .debug_ranges  0x00000000000005d8      0x280 ./Drivers/STM32F0xx_HAL_Driver/Src/stm32f0xx_hal_i2c.o
 .debug_ranges  0x0000000000000858       0x38 ./Drivers/STM32F0xx_HAL_Driver/Src/stm32f0xx_hal_i2c_ex.o
 .debug_ranges  0x0000000000000890       0x70 ./Drivers/STM32F0xx_HAL_Driver/Src/stm32f0xx_hal_rcc.o
 .debug_ranges  0x0000000000000900      0x1c8 ./Drivers/STM32F0xx_HAL_Driver/Src/stm32f0xx_hal_spi.o
 .debug_ranges  0x0000000000000ac8      0x3c0 ./Drivers/STM32F0xx_HAL_Driver/Src/stm32f0xx_hal_tim.o
 .debug_ranges  0x0000000000000e88      0x158 ./Drivers/STM32F0xx_HAL_Driver/Src/stm32f0xx_hal_tim_ex.o

.debug_macro    0x0000000000000000    0x1b840
 .debug_macro   0x0000000000000000      0x2f4 ./Core/Src/lcd.o
 .debug_macro   0x00000000000002f4       0x2e ./Core/Src/lcd.o
 .debug_macro   0x0000000000000322       0x22 ./Core/Src/lcd.o
 .debug_macro   0x0000000000000344       0x22 ./Core/Src/lcd.o
 .debug_macro   0x0000000000000366       0x8e ./Core/Src/lcd.o
 .debug_macro   0x00000000000003f4       0x51 ./Core/Src/lcd.o
 .debug_macro   0x0000000000000445      0x103 ./Core/Src/lcd.o
 .debug_macro   0x0000000000000548       0x6a ./Core/Src/lcd.o
 .debug_macro   0x00000000000005b2      0x1df ./Core/Src/lcd.o
 .debug_macro   0x0000000000000791       0x1c ./Core/Src/lcd.o
 .debug_macro   0x00000000000007ad       0x22 ./Core/Src/lcd.o
 .debug_macro   0x00000000000007cf       0xb5 ./Core/Src/lcd.o
 .debug_macro   0x0000000000000884      0x391 ./Core/Src/lcd.o
 .debug_macro   0x0000000000000c15    0x10e4f ./Core/Src/lcd.o
 .debug_macro   0x0000000000011a64       0x66 ./Core/Src/lcd.o
 .debug_macro   0x0000000000011aca      0x139 ./Core/Src/lcd.o
 .debug_macro   0x0000000000011c03     0x34a6 ./Core/Src/lcd.o
 .debug_macro   0x00000000000150a9      0x174 ./Core/Src/lcd.o
 .debug_macro   0x000000000001521d       0x55 ./Core/Src/lcd.o
 .debug_macro   0x0000000000015272      0x946 ./Core/Src/lcd.o
 .debug_macro   0x0000000000015bb8      0x69b ./Core/Src/lcd.o
 .debug_macro   0x0000000000016253      0x1af ./Core/Src/lcd.o
 .debug_macro   0x0000000000016402      0x202 ./Core/Src/lcd.o
 .debug_macro   0x0000000000016604      0x1a7 ./Core/Src/lcd.o
 .debug_macro   0x00000000000167ab      0x1bc ./Core/Src/lcd.o
 .debug_macro   0x0000000000016967      0x4d0 ./Core/Src/lcd.o
 .debug_macro   0x0000000000016e37       0x3c ./Core/Src/lcd.o
 .debug_macro   0x0000000000016e73       0x28 ./Core/Src/lcd.o
 .debug_macro   0x0000000000016e9b      0x33d ./Core/Src/lcd.o
 .debug_macro   0x00000000000171d8       0xd4 ./Core/Src/lcd.o
 .debug_macro   0x00000000000172ac       0xb0 ./Core/Src/lcd.o
 .debug_macro   0x000000000001735c      0x23f ./Core/Src/lcd.o
 .debug_macro   0x000000000001759b      0x22c ./Core/Src/lcd.o
 .debug_macro   0x00000000000177c7       0x61 ./Core/Src/lcd.o
 .debug_macro   0x0000000000017828       0xa5 ./Core/Src/lcd.o
 .debug_macro   0x00000000000178cd       0x4c ./Core/Src/lcd.o
 .debug_macro   0x0000000000017919      0x16d ./Core/Src/lcd.o
 .debug_macro   0x0000000000017a86      0x2fe ./Core/Src/lcd.o
 .debug_macro   0x0000000000017d84      0x8d8 ./Core/Src/lcd.o
 .debug_macro   0x000000000001865c       0x28 ./Core/Src/lcd.o
 .debug_macro   0x0000000000018684      0x435 ./Core/Src/lcd.o
 .debug_macro   0x0000000000018ab9       0x18 ./Core/Src/lcd.o
 .debug_macro   0x0000000000018ad1       0x52 ./Core/Src/lcd.o
 .debug_macro   0x0000000000018b23       0x3c ./Core/Src/lcd.o
 .debug_macro   0x0000000000018b5f       0x34 ./Core/Src/lcd.o
 .debug_macro   0x0000000000018b93       0x16 ./Core/Src/lcd.o
 .debug_macro   0x0000000000018ba9       0x35 ./Core/Src/lcd.o
 .debug_macro   0x0000000000018bde       0x16 ./Core/Src/lcd.o
 .debug_macro   0x0000000000018bf4       0x43 ./Core/Src/lcd.o
 .debug_macro   0x0000000000018c37       0x34 ./Core/Src/lcd.o
 .debug_macro   0x0000000000018c6b       0x10 ./Core/Src/lcd.o
 .debug_macro   0x0000000000018c7b       0x58 ./Core/Src/lcd.o
 .debug_macro   0x0000000000018cd3       0x71 ./Core/Src/lcd.o
 .debug_macro   0x0000000000018d44       0x1c ./Core/Src/lcd.o
 .debug_macro   0x0000000000018d60      0x12a ./Core/Src/lcd.o
 .debug_macro   0x0000000000018e8a      0x333 ./Core/Src/lcd.o
 .debug_macro   0x00000000000191bd       0x16 ./Core/Src/lcd.o
 .debug_macro   0x00000000000191d3       0x29 ./Core/Src/lcd.o
 .debug_macro   0x00000000000191fc       0x9a ./Core/Src/lcd.o
 .debug_macro   0x0000000000019296      0x390 ./Core/Src/main.o
 .debug_macro   0x0000000000019626       0xa0 ./Core/Src/main.o
 .debug_macro   0x00000000000196c6       0x1c ./Core/Src/main.o
 .debug_macro   0x00000000000196e2       0x10 ./Core/Src/main.o
 .debug_macro   0x00000000000196f2       0x10 ./Core/Src/main.o
 .debug_macro   0x0000000000019702       0x1c ./Core/Src/main.o
 .debug_macro   0x000000000001971e       0x52 ./Core/Src/main.o
 .debug_macro   0x0000000000019770       0x22 ./Core/Src/main.o
 .debug_macro   0x0000000000019792       0x10 ./Core/Src/main.o
 .debug_macro   0x00000000000197a2       0x40 ./Core/Src/main.o
 .debug_macro   0x00000000000197e2       0xd5 ./Core/Src/main.o
 .debug_macro   0x00000000000198b7       0x1c ./Core/Src/main.o
 .debug_macro   0x00000000000198d3       0x3d ./Core/Src/main.o
 .debug_macro   0x0000000000019910       0x16 ./Core/Src/main.o
 .debug_macro   0x0000000000019926      0x145 ./Core/Src/main.o
 .debug_macro   0x0000000000019a6b      0x2c6 ./Core/Src/menu.o
 .debug_macro   0x0000000000019d31      0x1e1 ./Core/Src/stm32f0xx_hal_msp.o
 .debug_macro   0x0000000000019f12      0x1eb ./Core/Src/stm32f0xx_it.o
 .debug_macro   0x000000000001a0fd      0x1d7 ./Core/Src/system_stm32f0xx.o
 .debug_macro   0x000000000001a2d4      0x1fb ./Drivers/STM32F0xx_HAL_Driver/Src/stm32f0xx_hal.o
 .debug_macro   0x000000000001a4cf      0x1fb ./Drivers/STM32F0xx_HAL_Driver/Src/stm32f0xx_hal_adc.o
 .debug_macro   0x000000000001a6ca      0x1d7 ./Drivers/STM32F0xx_HAL_Driver/Src/stm32f0xx_hal_cortex.o
 .debug_macro   0x000000000001a8a1      0x1d7 ./Drivers/STM32F0xx_HAL_Driver/Src/stm32f0xx_hal_dma.o
 .debug_macro   0x000000000001aa78      0x1de ./Drivers/STM32F0xx_HAL_Driver/Src/stm32f0xx_hal_gpio.o
 .debug_macro   0x000000000001ac56      0x29c ./Drivers/STM32F0xx_HAL_Driver/Src/stm32f0xx_hal_i2c.o
 .debug_macro   0x000000000001aef2      0x1d7 ./Drivers/STM32F0xx_HAL_Driver/Src/stm32f0xx_hal_i2c_ex.o
 .debug_macro   0x000000000001b0c9      0x1e9 ./Drivers/STM32F0xx_HAL_Driver/Src/stm32f0xx_hal_rcc.o
 .debug_macro   0x000000000001b2b2      0x1df ./Drivers/STM32F0xx_HAL_Driver/Src/stm32f0xx_hal_spi.o
 .debug_macro   0x000000000001b491      0x1d8 ./Drivers/STM32F0xx_HAL_Driver/Src/stm32f0xx_hal_tim.o
 .debug_macro   0x000000000001b669      0x1d7 ./Drivers/STM32F0xx_HAL_Driver/Src/stm32f0xx_hal_tim_ex.o

.debug_line     0x0000000000000000    0x13f52
 .debug_line    0x0000000000000000     0x1062 ./Core/Src/lcd.o
 .debug_line    0x0000000000001062      0xd3a ./Core/Src/main.o
 .debug_line    0x0000000000001d9c     0x108d ./Core/Src/menu.o
 .debug_line    0x0000000000002e29      0x8af ./Core/Src/stm32f0xx_hal_msp.o
 .debug_line    0x00000000000036d8      0x7ef ./Core/Src/stm32f0xx_it.o
 .debug_line    0x0000000000003ec7      0x7c9 ./Core/Src/system_stm32f0xx.o
 .debug_line    0x0000000000004690       0x89 ./Core/Startup/startup_stm32f091rctx.o
 .debug_line    0x0000000000004719      0x9bc ./Drivers/STM32F0xx_HAL_Driver/Src/stm32f0xx_hal.o
 .debug_line    0x00000000000050d5     0x1202 ./Drivers/STM32F0xx_HAL_Driver/Src/stm32f0xx_hal_adc.o
 .debug_line    0x00000000000062d7      0xa68 ./Drivers/STM32F0xx_HAL_Driver/Src/stm32f0xx_hal_cortex.o
 .debug_line    0x0000000000006d3f      0xcf9 ./Drivers/STM32F0xx_HAL_Driver/Src/stm32f0xx_hal_dma.o
 .debug_line    0x0000000000007a38      0xb4e ./Drivers/STM32F0xx_HAL_Driver/Src/stm32f0xx_hal_gpio.o
 .debug_line    0x0000000000008586     0x330c ./Drivers/STM32F0xx_HAL_Driver/Src/stm32f0xx_hal_i2c.o
 .debug_line    0x000000000000b892      0x95f ./Drivers/STM32F0xx_HAL_Driver/Src/stm32f0xx_hal_i2c_ex.o
 .debug_line    0x000000000000c1f1      0xe4b ./Drivers/STM32F0xx_HAL_Driver/Src/stm32f0xx_hal_rcc.o
 .debug_line    0x000000000000d03c     0x1ed1 ./Drivers/STM32F0xx_HAL_Driver/Src/stm32f0xx_hal_spi.o
 .debug_line    0x000000000000ef0d     0x36eb ./Drivers/STM32F0xx_HAL_Driver/Src/stm32f0xx_hal_tim.o
 .debug_line    0x00000000000125f8     0x195a ./Drivers/STM32F0xx_HAL_Driver/Src/stm32f0xx_hal_tim_ex.o

.debug_str      0x0000000000000000    0xaa4c5
 .debug_str     0x0000000000000000    0xa4ecf ./Core/Src/lcd.o
                                      0xa51fe (size before relaxing)
 .debug_str     0x00000000000a4ecf     0x1e9c ./Core/Src/main.o
                                      0xa6ed5 (size before relaxing)
 .debug_str     0x00000000000a6d6b      0x18a ./Core/Src/menu.o
                                      0xa5038 (size before relaxing)
 .debug_str     0x00000000000a6ef5       0xe8 ./Core/Src/stm32f0xx_hal_msp.o
                                      0xa2690 (size before relaxing)
 .debug_str     0x00000000000a6fdd       0x9d ./Core/Src/stm32f0xx_it.o
                                      0xa1c6f (size before relaxing)
 .debug_str     0x00000000000a707a       0x5f ./Core/Src/system_stm32f0xx.o
                                      0xa1a62 (size before relaxing)
 .debug_str     0x00000000000a70d9       0x36 ./Core/Startup/startup_stm32f091rctx.o
                                         0x8e (size before relaxing)
 .debug_str     0x00000000000a710f      0x2f6 ./Drivers/STM32F0xx_HAL_Driver/Src/stm32f0xx_hal.o
                                      0xa1fca (size before relaxing)
 .debug_str     0x00000000000a7405      0x349 ./Drivers/STM32F0xx_HAL_Driver/Src/stm32f0xx_hal_adc.o
                                      0xa2172 (size before relaxing)
 .debug_str     0x00000000000a774e      0x1d2 ./Drivers/STM32F0xx_HAL_Driver/Src/stm32f0xx_hal_cortex.o
                                      0xa1e7e (size before relaxing)
 .debug_str     0x00000000000a7920      0x248 ./Drivers/STM32F0xx_HAL_Driver/Src/stm32f0xx_hal_dma.o
                                      0xa1e4a (size before relaxing)
 .debug_str     0x00000000000a7b68      0x136 ./Drivers/STM32F0xx_HAL_Driver/Src/stm32f0xx_hal_gpio.o
                                      0xa1c56 (size before relaxing)
 .debug_str     0x00000000000a7c9e      0xdbc ./Drivers/STM32F0xx_HAL_Driver/Src/stm32f0xx_hal_i2c.o
                                      0xa2d26 (size before relaxing)
 .debug_str     0x00000000000a8a5a       0xb8 ./Drivers/STM32F0xx_HAL_Driver/Src/stm32f0xx_hal_i2c_ex.o
                                      0xa2025 (size before relaxing)
 .debug_str     0x00000000000a8b12      0x235 ./Drivers/STM32F0xx_HAL_Driver/Src/stm32f0xx_hal_rcc.o
                                      0xa1e77 (size before relaxing)
 .debug_str     0x00000000000a8d47      0x566 ./Drivers/STM32F0xx_HAL_Driver/Src/stm32f0xx_hal_spi.o
                                      0xa23c2 (size before relaxing)
 .debug_str     0x00000000000a92ad      0xdbe ./Drivers/STM32F0xx_HAL_Driver/Src/stm32f0xx_hal_tim.o
                                      0xa2e2d (size before relaxing)
 .debug_str     0x00000000000aa06b      0x45a ./Drivers/STM32F0xx_HAL_Driver/Src/stm32f0xx_hal_tim_ex.o
                                      0xa25de (size before relaxing)

.comment        0x0000000000000000       0x53
 .comment       0x0000000000000000       0x53 ./Core/Src/lcd.o
                                         0x54 (size before relaxing)
 .comment       0x0000000000000053       0x54 ./Core/Src/main.o
 .comment       0x0000000000000053       0x54 ./Core/Src/menu.o
 .comment       0x0000000000000053       0x54 ./Core/Src/stm32f0xx_hal_msp.o
 .comment       0x0000000000000053       0x54 ./Core/Src/stm32f0xx_it.o
 .comment       0x0000000000000053       0x54 ./Core/Src/system_stm32f0xx.o
 .comment       0x0000000000000053       0x54 ./Drivers/STM32F0xx_HAL_Driver/Src/stm32f0xx_hal.o
 .comment       0x0000000000000053       0x54 ./Drivers/STM32F0xx_HAL_Driver/Src/stm32f0xx_hal_adc.o
 .comment       0x0000000000000053       0x54 ./Drivers/STM32F0xx_HAL_Driver/Src/stm32f0xx_hal_cortex.o
 .comment       0x0000000000000053       0x54 ./Drivers/STM32F0xx_HAL_Driver/Src/stm32f0xx_hal_dma.o
 .comment       0x0000000000000053       0x54 ./Drivers/STM32F0xx_HAL_Driver/Src/stm32f0xx_hal_gpio.o
 .comment       0x0000000000000053       0x54 ./Drivers/STM32F0xx_HAL_Driver/Src/stm32f0xx_hal_i2c.o
 .comment       0x0000000000000053       0x54 ./Drivers/STM32F0xx_HAL_Driver/Src/stm32f0xx_hal_i2c_ex.o
 .comment       0x0000000000000053       0x54 ./Drivers/STM32F0xx_HAL_Driver/Src/stm32f0xx_hal_rcc.o
 .comment       0x0000000000000053       0x54 ./Drivers/STM32F0xx_HAL_Driver/Src/stm32f0xx_hal_spi.o
 .comment       0x0000000000000053       0x54 ./Drivers/STM32F0xx_HAL_Driver/Src/stm32f0xx_hal_tim.o
 .comment       0x0000000000000053       0x54 ./Drivers/STM32F0xx_HAL_Driver/Src/stm32f0xx_hal_tim_ex.o

.debug_frame    0x0000000000000000     0x4030
 .debug_frame   0x0000000000000000      0x368 ./Core/Src/lcd.o
 .debug_frame   0x0000000000000368      0x1dc ./Core/Src/main.o
 .debug_frame   0x0000000000000544      0x234 ./Core/Src/menu.o
 .debug_frame   0x0000000000000778      0x150 ./Core/Src/stm32f0xx_hal_msp.o
 .debug_frame   0x00000000000008c8       0xf0 ./Core/Src/stm32f0xx_it.o
 .debug_frame   0x00000000000009b8       0x4c ./Core/Src/system_stm32f0xx.o
 .debug_frame   0x0000000000000a04      0x2a4 ./Drivers/STM32F0xx_HAL_Driver/Src/stm32f0xx_hal.o
 .debug_frame   0x0000000000000ca8      0x3a0 ./Drivers/STM32F0xx_HAL_Driver/Src/stm32f0xx_hal_adc.o
 .debug_frame   0x0000000000001048      0x2a0 ./Drivers/STM32F0xx_HAL_Driver/Src/stm32f0xx_hal_cortex.o
 .debug_frame   0x00000000000012e8      0x1d0 ./Drivers/STM32F0xx_HAL_Driver/Src/stm32f0xx_hal_dma.o
 .debug_frame   0x00000000000014b8      0x110 ./Drivers/STM32F0xx_HAL_Driver/Src/stm32f0xx_hal_gpio.o
 .debug_frame   0x00000000000015c8      0xa24 ./Drivers/STM32F0xx_HAL_Driver/Src/stm32f0xx_hal_i2c.o
 .debug_frame   0x0000000000001fec       0xd0 ./Drivers/STM32F0xx_HAL_Driver/Src/stm32f0xx_hal_i2c_ex.o
 .debug_frame   0x00000000000020bc      0x198 ./Drivers/STM32F0xx_HAL_Driver/Src/stm32f0xx_hal_rcc.o
 .debug_frame   0x0000000000002254      0x710 ./Drivers/STM32F0xx_HAL_Driver/Src/stm32f0xx_hal_spi.o
 .debug_frame   0x0000000000002964      0xf00 ./Drivers/STM32F0xx_HAL_Driver/Src/stm32f0xx_hal_tim.o
 .debug_frame   0x0000000000003864      0x560 ./Drivers/STM32F0xx_HAL_Driver/Src/stm32f0xx_hal_tim_ex.o
 .debug_frame   0x0000000000003dc4       0x2c /Applications/STM32CubeIDE.app/Contents/Eclipse/plugins/com.st.stm32cube.ide.mcu.externaltools.gnu-tools-for-stm32.9-2020-q2-update.macos64_2.0.0.202105311346/tools/bin/../lib/gcc/arm-none-eabi/9.3.1/../../../../arm-none-eabi/lib/thumb/v6-m/nofp/libc_nano.a(lib_a-init.o)
 .debug_frame   0x0000000000003df0       0x20 /Applications/STM32CubeIDE.app/Contents/Eclipse/plugins/com.st.stm32cube.ide.mcu.externaltools.gnu-tools-for-stm32.9-2020-q2-update.macos64_2.0.0.202105311346/tools/bin/../lib/gcc/arm-none-eabi/9.3.1/../../../../arm-none-eabi/lib/thumb/v6-m/nofp/libc_nano.a(lib_a-memset.o)
 .debug_frame   0x0000000000003e10       0x20 /Applications/STM32CubeIDE.app/Contents/Eclipse/plugins/com.st.stm32cube.ide.mcu.externaltools.gnu-tools-for-stm32.9-2020-q2-update.macos64_2.0.0.202105311346/tools/bin/../lib/gcc/arm-none-eabi/9.3.1/thumb/v6-m/nofp/libgcc.a(_udivsi3.o)
 .debug_frame   0x0000000000003e30       0x20 /Applications/STM32CubeIDE.app/Contents/Eclipse/plugins/com.st.stm32cube.ide.mcu.externaltools.gnu-tools-for-stm32.9-2020-q2-update.macos64_2.0.0.202105311346/tools/bin/../lib/gcc/arm-none-eabi/9.3.1/thumb/v6-m/nofp/libgcc.a(_divsi3.o)
 .debug_frame   0x0000000000003e50       0x2c /Applications/STM32CubeIDE.app/Contents/Eclipse/plugins/com.st.stm32cube.ide.mcu.externaltools.gnu-tools-for-stm32.9-2020-q2-update.macos64_2.0.0.202105311346/tools/bin/../lib/gcc/arm-none-eabi/9.3.1/thumb/v6-m/nofp/libgcc.a(_fixunsdfsi.o)
 .debug_frame   0x0000000000003e7c       0x3c /Applications/STM32CubeIDE.app/Contents/Eclipse/plugins/com.st.stm32cube.ide.mcu.externaltools.gnu-tools-for-stm32.9-2020-q2-update.macos64_2.0.0.202105311346/tools/bin/../lib/gcc/arm-none-eabi/9.3.1/thumb/v6-m/nofp/libgcc.a(divdf3.o)
 .debug_frame   0x0000000000003eb8       0x3c /Applications/STM32CubeIDE.app/Contents/Eclipse/plugins/com.st.stm32cube.ide.mcu.externaltools.gnu-tools-for-stm32.9-2020-q2-update.macos64_2.0.0.202105311346/tools/bin/../lib/gcc/arm-none-eabi/9.3.1/thumb/v6-m/nofp/libgcc.a(muldf3.o)
 .debug_frame   0x0000000000003ef4       0x3c /Applications/STM32CubeIDE.app/Contents/Eclipse/plugins/com.st.stm32cube.ide.mcu.externaltools.gnu-tools-for-stm32.9-2020-q2-update.macos64_2.0.0.202105311346/tools/bin/../lib/gcc/arm-none-eabi/9.3.1/thumb/v6-m/nofp/libgcc.a(subdf3.o)
 .debug_frame   0x0000000000003f30       0x2c /Applications/STM32CubeIDE.app/Contents/Eclipse/plugins/com.st.stm32cube.ide.mcu.externaltools.gnu-tools-for-stm32.9-2020-q2-update.macos64_2.0.0.202105311346/tools/bin/../lib/gcc/arm-none-eabi/9.3.1/thumb/v6-m/nofp/libgcc.a(fixdfsi.o)
 .debug_frame   0x0000000000003f5c       0x2c /Applications/STM32CubeIDE.app/Contents/Eclipse/plugins/com.st.stm32cube.ide.mcu.externaltools.gnu-tools-for-stm32.9-2020-q2-update.macos64_2.0.0.202105311346/tools/bin/../lib/gcc/arm-none-eabi/9.3.1/thumb/v6-m/nofp/libgcc.a(floatsidf.o)
 .debug_frame   0x0000000000003f88       0x38 /Applications/STM32CubeIDE.app/Contents/Eclipse/plugins/com.st.stm32cube.ide.mcu.externaltools.gnu-tools-for-stm32.9-2020-q2-update.macos64_2.0.0.202105311346/tools/bin/../lib/gcc/arm-none-eabi/9.3.1/thumb/v6-m/nofp/libgcc.a(eqdf2.o)
 .debug_frame   0x0000000000003fc0       0x38 /Applications/STM32CubeIDE.app/Contents/Eclipse/plugins/com.st.stm32cube.ide.mcu.externaltools.gnu-tools-for-stm32.9-2020-q2-update.macos64_2.0.0.202105311346/tools/bin/../lib/gcc/arm-none-eabi/9.3.1/thumb/v6-m/nofp/libgcc.a(gedf2.o)
 .debug_frame   0x0000000000003ff8       0x38 /Applications/STM32CubeIDE.app/Contents/Eclipse/plugins/com.st.stm32cube.ide.mcu.externaltools.gnu-tools-for-stm32.9-2020-q2-update.macos64_2.0.0.202105311346/tools/bin/../lib/gcc/arm-none-eabi/9.3.1/thumb/v6-m/nofp/libgcc.a(ledf2.o)
