Archive member included to satisfy reference by file (symbol)

/Applications/STM32CubeIDE.app/Contents/Eclipse/plugins/com.st.stm32cube.ide.mcu.externaltools.gnu-tools-for-stm32.9-2020-q2-update.macos64_2.0.0.202105311346/tools/bin/../lib/gcc/arm-none-eabi/9.3.1/../../../../arm-none-eabi/lib/thumb/v6-m/nofp/libc_nano.a(lib_a-errno.o)
                              ./Core/Src/syscalls.o (__errno)
/Applications/STM32CubeIDE.app/Contents/Eclipse/plugins/com.st.stm32cube.ide.mcu.externaltools.gnu-tools-for-stm32.9-2020-q2-update.macos64_2.0.0.202105311346/tools/bin/../lib/gcc/arm-none-eabi/9.3.1/../../../../arm-none-eabi/lib/thumb/v6-m/nofp/libc_nano.a(lib_a-exit.o)
                              /Applications/STM32CubeIDE.app/Contents/Eclipse/plugins/com.st.stm32cube.ide.mcu.externaltools.gnu-tools-for-stm32.9-2020-q2-update.macos64_2.0.0.202105311346/tools/bin/../lib/gcc/arm-none-eabi/9.3.1/../../../../arm-none-eabi/lib/thumb/v6-m/nofp/crt0.o (exit)
/Applications/STM32CubeIDE.app/Contents/Eclipse/plugins/com.st.stm32cube.ide.mcu.externaltools.gnu-tools-for-stm32.9-2020-q2-update.macos64_2.0.0.202105311346/tools/bin/../lib/gcc/arm-none-eabi/9.3.1/../../../../arm-none-eabi/lib/thumb/v6-m/nofp/libc_nano.a(lib_a-impure.o)
                              /Applications/STM32CubeIDE.app/Contents/Eclipse/plugins/com.st.stm32cube.ide.mcu.externaltools.gnu-tools-for-stm32.9-2020-q2-update.macos64_2.0.0.202105311346/tools/bin/../lib/gcc/arm-none-eabi/9.3.1/../../../../arm-none-eabi/lib/thumb/v6-m/nofp/libc_nano.a(lib_a-exit.o) (_global_impure_ptr)
/Applications/STM32CubeIDE.app/Contents/Eclipse/plugins/com.st.stm32cube.ide.mcu.externaltools.gnu-tools-for-stm32.9-2020-q2-update.macos64_2.0.0.202105311346/tools/bin/../lib/gcc/arm-none-eabi/9.3.1/../../../../arm-none-eabi/lib/thumb/v6-m/nofp/libc_nano.a(lib_a-init.o)
                              /Applications/STM32CubeIDE.app/Contents/Eclipse/plugins/com.st.stm32cube.ide.mcu.externaltools.gnu-tools-for-stm32.9-2020-q2-update.macos64_2.0.0.202105311346/tools/bin/../lib/gcc/arm-none-eabi/9.3.1/../../../../arm-none-eabi/lib/thumb/v6-m/nofp/crt0.o (__libc_init_array)
/Applications/STM32CubeIDE.app/Contents/Eclipse/plugins/com.st.stm32cube.ide.mcu.externaltools.gnu-tools-for-stm32.9-2020-q2-update.macos64_2.0.0.202105311346/tools/bin/../lib/gcc/arm-none-eabi/9.3.1/../../../../arm-none-eabi/lib/thumb/v6-m/nofp/libc_nano.a(lib_a-memset.o)
                              /Applications/STM32CubeIDE.app/Contents/Eclipse/plugins/com.st.stm32cube.ide.mcu.externaltools.gnu-tools-for-stm32.9-2020-q2-update.macos64_2.0.0.202105311346/tools/bin/../lib/gcc/arm-none-eabi/9.3.1/../../../../arm-none-eabi/lib/thumb/v6-m/nofp/crt0.o (memset)
/Applications/STM32CubeIDE.app/Contents/Eclipse/plugins/com.st.stm32cube.ide.mcu.externaltools.gnu-tools-for-stm32.9-2020-q2-update.macos64_2.0.0.202105311346/tools/bin/../lib/gcc/arm-none-eabi/9.3.1/../../../../arm-none-eabi/lib/thumb/v6-m/nofp/libc_nano.a(lib_a-strlen.o)
                              ./Core/Src/oled.o (strlen)
/Applications/STM32CubeIDE.app/Contents/Eclipse/plugins/com.st.stm32cube.ide.mcu.externaltools.gnu-tools-for-stm32.9-2020-q2-update.macos64_2.0.0.202105311346/tools/bin/../lib/gcc/arm-none-eabi/9.3.1/thumb/v6-m/nofp/libgcc.a(_udivsi3.o)
                              ./Core/Src/system_stm32f0xx.o (__aeabi_uidiv)
/Applications/STM32CubeIDE.app/Contents/Eclipse/plugins/com.st.stm32cube.ide.mcu.externaltools.gnu-tools-for-stm32.9-2020-q2-update.macos64_2.0.0.202105311346/tools/bin/../lib/gcc/arm-none-eabi/9.3.1/thumb/v6-m/nofp/libgcc.a(_divsi3.o)
                              ./Core/Src/lcd.o (__aeabi_idiv)
/Applications/STM32CubeIDE.app/Contents/Eclipse/plugins/com.st.stm32cube.ide.mcu.externaltools.gnu-tools-for-stm32.9-2020-q2-update.macos64_2.0.0.202105311346/tools/bin/../lib/gcc/arm-none-eabi/9.3.1/thumb/v6-m/nofp/libgcc.a(_dvmd_tls.o)
                              /Applications/STM32CubeIDE.app/Contents/Eclipse/plugins/com.st.stm32cube.ide.mcu.externaltools.gnu-tools-for-stm32.9-2020-q2-update.macos64_2.0.0.202105311346/tools/bin/../lib/gcc/arm-none-eabi/9.3.1/thumb/v6-m/nofp/libgcc.a(_udivsi3.o) (__aeabi_idiv0)
/Applications/STM32CubeIDE.app/Contents/Eclipse/plugins/com.st.stm32cube.ide.mcu.externaltools.gnu-tools-for-stm32.9-2020-q2-update.macos64_2.0.0.202105311346/tools/bin/../lib/gcc/arm-none-eabi/9.3.1/thumb/v6-m/nofp/libgcc.a(_fixunsdfsi.o)
                              ./Core/Src/menu.o (__aeabi_d2uiz)
/Applications/STM32CubeIDE.app/Contents/Eclipse/plugins/com.st.stm32cube.ide.mcu.externaltools.gnu-tools-for-stm32.9-2020-q2-update.macos64_2.0.0.202105311346/tools/bin/../lib/gcc/arm-none-eabi/9.3.1/thumb/v6-m/nofp/libgcc.a(divdf3.o)
                              ./Core/Src/menu.o (__aeabi_ddiv)
/Applications/STM32CubeIDE.app/Contents/Eclipse/plugins/com.st.stm32cube.ide.mcu.externaltools.gnu-tools-for-stm32.9-2020-q2-update.macos64_2.0.0.202105311346/tools/bin/../lib/gcc/arm-none-eabi/9.3.1/thumb/v6-m/nofp/libgcc.a(muldf3.o)
[...]
Memory Configuration

Name             Origin             Length             Attributes
RAM              0x0000000020000000 0x0000000000008000 xrw
FLASH            0x0000000008000000 0x0000000000040000 xr
*default*        0x0000000000000000 0xffffffffffffffff

Linker script and memory map

LOAD /Applications/STM32CubeIDE.app/Contents/Eclipse/plugins/com.st.stm32cube.ide.mcu.externaltools.gnu-tools-for-stm32.9-2020-q2-update.macos64_2.0.0.202105311346/tools/bin/../lib/gcc/arm-none-eabi/9.3.1/thumb/v6-m/nofp/crti.o
LOAD /Applications/STM32CubeIDE.app/Contents/Eclipse/plugins/com.st.stm32cube.ide.mcu.externaltools.gnu-tools-for-stm32.9-2020-q2-update.macos64_2.0.0.202105311346/tools/bin/../lib/gcc/arm-none-eabi/9.3.1/thumb/v6-m/nofp/crtbegin.o
LOAD /Applications/STM32CubeIDE.app/Contents/Eclipse/plugins/com.st.stm32cube.ide.mcu.externaltools.gnu-tools-for-stm32.9-2020-q2-update.macos64_2.0.0.202105311346/tools/bin/../lib/gcc/arm-none-eabi/9.3.1/../../../../arm-none-eabi/lib/thumb/v6-m/nofp/crt0.o
LOAD ./Core/Src/image.o
LOAD ./Core/Src/lcd.o
LOAD ./Core/Src/main.o
LOAD ./Core/Src/menu.o
LOAD ./Core/Src/oled.o
LOAD ./Core/Src/stm32f0xx_hal_msp.o
LOAD ./Core/Src/stm32f0xx_it.o
LOAD ./Core/Src/syscalls.o
LOAD ./Core/Src/sysmem.o
LOAD ./Core/Src/system_stm32f0xx.o
LOAD ./Core/Startup/startup_stm32f091rctx.o
LOAD ./Drivers/STM32F0xx_HAL_Driver/Src/stm32f0xx_hal.o
LOAD ./Drivers/STM32F0xx_HAL_Driver/Src/stm32f0xx_hal_adc.o
LOAD ./Drivers/STM32F0xx_HAL_Driver/Src/stm32f0xx_hal_adc_ex.o
LOAD ./Drivers/STM32F0xx_HAL_Driver/Src/stm32f0xx_hal_cortex.o
LOAD ./Drivers/STM32F0xx_HAL_Driver/Src/stm32f0xx_hal_dma.o
LOAD ./Drivers/STM32F0xx_HAL_Driver/Src/stm32f0xx_hal_exti.o
LOAD ./Drivers/STM32F0xx_HAL_Driver/Src/stm32f0xx_hal_flash.o
LOAD ./Drivers/STM32F0xx_HAL_Driver/Src/stm32f0xx_hal_flash_ex.o
LOAD ./Drivers/STM32F0xx_HAL_Driver/Src/stm32f0xx_hal_gpio.o
LOAD ./Drivers/STM32F0xx_HAL_Driver/Src/stm32f0xx_hal_i2c.o
LOAD ./Drivers/STM32F0xx_HAL_Driver/Src/stm32f0xx_hal_i2c_ex.o
LOAD ./Drivers/STM32F0xx_HAL_Driver/Src/stm32f0xx_hal_pwr.o
LOAD ./Drivers/STM32F0xx_HAL_Driver/Src/stm32f0xx_hal_pwr_ex.o
LOAD ./Drivers/STM32F0xx_HAL_Driver/Src/stm32f0xx_hal_rcc.o
LOAD ./Drivers/STM32F0xx_HAL_Driver/Src/stm32f0xx_hal_rcc_ex.o
LOAD ./Drivers/STM32F0xx_HAL_Driver/Src/stm32f0xx_hal_spi.o
LOAD ./Drivers/STM32F0xx_HAL_Driver/Src/stm32f0xx_hal_spi_ex.o
LOAD ./Drivers/STM32F0xx_HAL_Driver/Src/stm32f0xx_hal_tim.o
LOAD ./Drivers/STM32F0xx_HAL_Driver/Src/stm32f0xx_hal_tim_ex.o
START GROUP
LOAD /Applications/STM32CubeIDE.app/Contents/Eclipse/plugins/com.st.stm32cube.ide.mcu.externaltools.gnu-tools-for-stm32.9-2020-q2-update.macos64_2.0.0.202105311346/tools/bin/../lib/gcc/arm-none-eabi/9.3.1/../../../../arm-none-eabi/lib/thumb/v6-m/nofp/libc_nano.a
LOAD /Applications/STM32CubeIDE.app/Contents/Eclipse/plugins/com.st.stm32cube.ide.mcu.externaltools.gnu-tools-for-stm32.9-2020-q2-update.macos64_2.0.0.202105311346/tools/bin/../lib/gcc/arm-none-eabi/9.3.1/../../../../arm-none-eabi/lib/thumb/v6-m/nofp/libm.a
END GROUP
START GROUP
LOAD /Applications/STM32CubeIDE.app/Contents/Eclipse/plugins/com.st.stm32cube.ide.mcu.externaltools.gnu-tools-for-stm32.9-2020-q2-update.macos64_2.0.0.202105311346/tools/bin/../lib/gcc/arm-none-eabi/9.3.1/thumb/v6-m/nofp/libgcc.a
LOAD /Applications/STM32CubeIDE.app/Contents/Eclipse/plugins/com.st.stm32cube.ide.mcu.externaltools.gnu-tools-for-stm32.9-2020-q2-update.macos64_2.0.0.202105311346/tools/bin/../lib/gcc/arm-none-eabi/9.3.1/../../../../arm-none-eabi/lib/thumb/v6-m/nofp/libc_nano.a
END GROUP
START GROUP
LOAD /Applications/STM32CubeIDE.app/Contents/Eclipse/plugins/com.st.stm32cube.ide.mcu.externaltools.gnu-tools-for-stm32.9-2020-q2-update.macos64_2.0.0.202105311346/tools/bin/../lib/gcc/arm-none-eabi/9.3.1/thumb/v6-m/nofp/libgcc.a
LOAD /Applications/STM32CubeIDE.app/Contents/Eclipse/plugins/com.st.stm32cube.ide.mcu.externaltools.gnu-tools-for-stm32.9-2020-q2-update.macos64_2.0.0.202105311346/tools/bin/../lib/gcc/arm-none-eabi/9.3.1/../../../../arm-none-eabi/lib/thumb/v6-m/nofp/libc_nano.a
LOAD /Applications/STM32CubeIDE.app/Contents/Eclipse/plugins/com.st.stm32cube.ide.mcu.externaltools.gnu-tools-for-stm32.9-2020-q2-update.macos64_2.0.0.202105311346/tools/bin/../lib/gcc/arm-none-eabi/9.3.1/../../../../arm-none-eabi/lib/thumb/v6-m/nofp/libnosys.a
END GROUP
START GROUP
LOAD /Applications/STM32CubeIDE.app/Contents/Eclipse/plugins/com.st.stm32cube.ide.mcu.externaltools.gnu-tools-for-stm32.9-2020-q2-update.macos64_2.0.0.202105311346/tools/bin/../lib/gcc/arm-none-eabi/9.3.1/thumb/v6-m/nofp/libgcc.a
LOAD /Applications/STM32CubeIDE.app/Contents/Eclipse/plugins/com.st.stm32cube.ide.mcu.externaltools.gnu-tools-for-stm32.9-2020-q2-update.macos64_2.0.0.202105311346/tools/bin/../lib/gcc/arm-none-eabi/9.3.1/../../../../arm-none-eabi/lib/thumb/v6-m/nofp/libc_nano.a
LOAD /Applications/STM32CubeIDE.app/Contents/Eclipse/plugins/com.st.stm32cube.ide.mcu.externaltools.gnu-tools-for-stm32.9-2020-q2-update.macos64_2.0.0.202105311346/tools/bin/../lib/gcc/arm-none-eabi/9.3.1/../../../../arm-none-eabi/lib/thumb/v6-m/nofp/libnosys.a
END GROUP
LOAD /Applications/STM32CubeIDE.app/Contents/Eclipse/plugins/com.st.stm32cube.ide.mcu.externaltools.gnu-tools-for-stm32.9-2020-q2-update.macos64_2.0.0.202105311346/tools/bin/../lib/gcc/arm-none-eabi/9.3.1/thumb/v6-m/nofp/crtend.o
LOAD /Applications/STM32CubeIDE.app/Contents/Eclipse/plugins/com.st.stm32cube.ide.mcu.externaltools.gnu-tools-for-stm32.9-2020-q2-update.macos64_2.0.0.202105311346/tools/bin/../lib/gcc/arm-none-eabi/9.3.1/thumb/v6-m/nofp/crtn.o
                0x0000000020008000                _estack = (ORIGIN (RAM) + LENGTH (RAM))
                0x0000000000000200                _Min_Heap_Size = 0x200
                0x0000000000000400                _Min_Stack_Size = 0x400

.isr_vector     0x0000000008000000       0xbc
                0x0000000008000000                . = ALIGN (0x4)
 *(.isr_vector)
 .isr_vector    0x0000000008000000       0xbc ./Core/Startup/startup_stm32f091rctx.o
                0x0000000008000000                g_pfnVectors
                0x00000000080000bc                . = ALIGN (0x4)

.text           0x00000000080000bc     0x4040
                0x00000000080000bc                . = ALIGN (0x4)
 *(.text)
 .text          0x00000000080000bc       0x48 /Applications/STM32CubeIDE.app/Contents/Eclipse/plugins/com.st.stm32cube.ide.mcu.externaltools.gnu-tools-for-stm32.9-2020-q2-update.macos64_2.0.0.202105311346/tools/bin/../lib/gcc/arm-none-eabi/9.3.1/thumb/v6-m/nofp/crtbegin.o
 .text          0x0000000008000104      0x114 /Applications/STM32CubeIDE.app/Contents/Eclipse/plugins/com.st.stm32cube.ide.mcu.externaltools.gnu-tools-for-stm32.9-2020-q2-update.macos64_2.0.0.202105311346/tools/bin/../lib/gcc/arm-none-eabi/9.3.1/thumb/v6-m/nofp/libgcc.a(_udivsi3.o)
                0x0000000008000104                __udivsi3
                0x0000000008000104                __aeabi_uidiv
                0x0000000008000210                __aeabi_uidivmod
 .text          0x0000000008000218        0x4 /Applications/STM32CubeIDE.app/Contents/Eclipse/plugins/com.st.stm32cube.ide.mcu.externaltools.gnu-tools-for-stm32.9-2020-q2-update.macos64_2.0.0.202105311346/tools/bin/../lib/gcc/arm-none-eabi/9.3.1/thumb/v6-m/nofp/libgcc.a(_dvmd_tls.o)
                0x0000000008000218                __aeabi_ldiv0
                0x0000000008000218                __aeabi_idiv0
 *(.text*)
 .text.nano_wait
                0x000000000800021c       0x18 ./Core/Src/lcd.o
                0x000000000800021c                nano_wait
 .text.LCD_Reset
                0x0000000008000234       0x34 ./Core/Src/lcd.o
                0x0000000008000234                LCD_Reset
 .text.LCD_WR_REG
                0x0000000008000268       0x38 ./Core/Src/lcd.o
                0x0000000008000268                LCD_WR_REG
 .text.LCD_WR_DATA
                0x00000000080002a0       0x38 ./Core/Src/lcd.o
                0x00000000080002a0                LCD_WR_DATA
 .text.LCD_WriteData16_Prepare
                0x00000000080002d8       0x24 ./Core/Src/lcd.o
                0x00000000080002d8                LCD_WriteData16_Prepare
 .text.LCD_WriteData16
                0x00000000080002fc       0x2c ./Core/Src/lcd.o
                0x00000000080002fc                LCD_WriteData16
 .text.LCD_WriteData16_End
                0x0000000008000328       0x20 ./Core/Src/lcd.o
                0x0000000008000328                LCD_WriteData16_End
 .text.LCD_WriteReg
                0x0000000008000348       0x30 ./Core/Src/lcd.o
                0x0000000008000348                LCD_WriteReg
 .text.LCD_WriteRAM_Prepare
                0x0000000008000378       0x1c ./Core/Src/lcd.o
                0x0000000008000378                LCD_WriteRAM_Prepare
 .text.LCD_direction
                0x0000000008000394       0xa8 ./Core/Src/lcd.o
                0x0000000008000394                LCD_direction
 .text.LCD_Init
                0x000000000800043c      0x244 ./Core/Src/lcd.o
                0x000000000800043c                LCD_Init
 .text.LCD_Clear
                0x0000000008000680       0x70 ./Core/Src/lcd.o
                0x0000000008000680                LCD_Clear
 .text.LCD_SetWindow
                0x00000000080006f0       0xc0 ./Core/Src/lcd.o
                0x00000000080006f0                LCD_SetWindow
 .text.LCD_DrawPoint
                0x00000000080007b0       0x4e ./Core/Src/lcd.o
                0x00000000080007b0                LCD_DrawPoint
 *fill*         0x00000000080007fe        0x2 
 .text.LCD_DrawChar
                0x0000000008000800      0x22c ./Core/Src/lcd.o
                0x0000000008000800                LCD_DrawChar
 .text.LCD_DrawString
                0x0000000008000a2c       0xb4 ./Core/Src/lcd.o
                0x0000000008000a2c                LCD_DrawString
 .text.main     0x0000000008000ae0       0xc8 ./Core/Src/main.o
                0x0000000008000ae0                main
 .text.SystemClock_Config
                0x0000000008000ba8       0x8c ./Core/Src/main.o
                0x0000000008000ba8                SystemClock_Config
 .text.MX_ADC_Init
                0x0000000008000c34       0xb8 ./Core/Src/main.o
 .text.MX_I2C2_Init
                0x0000000008000cec       0x80 ./Core/Src/main.o
 .text.MX_SPI1_Init
                0x0000000008000d6c      0x134 ./Core/Src/main.o
 .text.MX_TIM1_Init
                0x0000000008000ea0      0x12c ./Core/Src/main.o
 .text.MX_DMA_Init
                0x0000000008000fcc       0x3c ./Core/Src/main.o
 .text.MX_GPIO_Init
                0x0000000008001008      0x168 ./Core/Src/main.o
 .text.HAL_GPIO_EXTI_Callback
                0x0000000008001170       0x78 ./Core/Src/main.o
                0x0000000008001170                HAL_GPIO_EXTI_Callback
 .text.HAL_ADC_ConvHalfCpltCallback
                0x00000000080011e8       0x12 ./Core/Src/main.o
                0x00000000080011e8                HAL_ADC_ConvHalfCpltCallback
 .text.HAL_ADC_ConvCpltCallback
                0x00000000080011fa       0x1a ./Core/Src/main.o
                0x00000000080011fa                HAL_ADC_ConvCpltCallback
 .text.Error_Handler
                0x0000000008001214        0xa ./Core/Src/main.o
                0x0000000008001214                Error_Handler
 *fill*         0x000000000800121e        0x2 
 .text.HAL_MspInit
                0x0000000008001220       0x48 ./Core/Src/stm32f0xx_hal_msp.o
                0x0000000008001220                HAL_MspInit
 .text.HAL_ADC_MspInit
                0x0000000008001268      0x108 ./Core/Src/stm32f0xx_hal_msp.o
                0x0000000008001268                HAL_ADC_MspInit
 .text.HAL_I2C_MspInit
                0x0000000008001370       0x9c ./Core/Src/stm32f0xx_hal_msp.o
                0x0000000008001370                HAL_I2C_MspInit
 .text.HAL_SPI_MspInit
                0x000000000800140c       0x98 ./Core/Src/stm32f0xx_hal_msp.o
                0x000000000800140c                HAL_SPI_MspInit
 .text.HAL_TIM_PWM_MspInit
                0x00000000080014a4       0x40 ./Core/Src/stm32f0xx_hal_msp.o
                0x00000000080014a4                HAL_TIM_PWM_MspInit
 .text.HAL_TIM_MspPostInit
                0x00000000080014e4       0x80 ./Core/Src/stm32f0xx_hal_msp.o
                0x00000000080014e4                HAL_TIM_MspPostInit
 .text.NMI_Handler
                0x0000000008001564        0x6 ./Core/Src/stm32f0xx_it.o
                0x0000000008001564                NMI_Handler
 .text.HardFault_Handler
                0x000000000800156a        0x6 ./Core/Src/stm32f0xx_it.o
                0x000000000800156a                HardFault_Handler
 .text.SVC_Handler
                0x0000000008001570        0xa ./Core/Src/stm32f0xx_it.o
                0x0000000008001570                SVC_Handler
 .text.PendSV_Handler
                0x000000000800157a        0xa ./Core/Src/stm32f0xx_it.o
                0x000000000800157a                PendSV_Handler
 .text.SysTick_Handler
                0x0000000008001584        0xe ./Core/Src/stm32f0xx_it.o
                0x0000000008001584                SysTick_Handler
 .text.EXTI2_3_IRQHandler
                0x0000000008001592       0x16 ./Core/Src/stm32f0xx_it.o
                0x0000000008001592                EXTI2_3_IRQHandler
 .text.EXTI4_15_IRQHandler
                0x00000000080015a8       0x10 ./Core/Src/stm32f0xx_it.o
                0x00000000080015a8                EXTI4_15_IRQHandler
 .text.DMA1_Ch1_IRQHandler
                0x00000000080015b8       0x18 ./Core/Src/stm32f0xx_it.o
                0x00000000080015b8                DMA1_Ch1_IRQHandler
 .text.SystemInit
                0x00000000080015d0        0xa ./Core/Src/system_stm32f0xx.o
                0x00000000080015d0                SystemInit
 *fill*         0x00000000080015da        0x2 
 .text.Reset_Handler
                0x00000000080015dc       0x50 ./Core/Startup/startup_stm32f091rctx.o
                0x00000000080015dc                Reset_Handler
 .text.Default_Handler
                0x000000000800162c        0x2 ./Core/Startup/startup_stm32f091rctx.o
                0x000000000800162c                TIM1_BRK_UP_TRG_COM_IRQHandler
                0x000000000800162c                TSC_IRQHandler
                0x000000000800162c                ADC1_COMP_IRQHandler
                0x000000000800162c                I2C1_IRQHandler
                0x000000000800162c                RCC_CRS_IRQHandler
                0x000000000800162c                SPI1_IRQHandler
                0x000000000800162c                TIM6_DAC_IRQHandler
                0x000000000800162c                I2C2_IRQHandler
                0x000000000800162c                TIM17_IRQHandler
                0x000000000800162c                CEC_CAN_IRQHandler
                0x000000000800162c                RTC_IRQHandler
                0x000000000800162c                PVD_VDDIO2_IRQHandler
                0x000000000800162c                TIM16_IRQHandler
                0x000000000800162c                TIM3_IRQHandler
                0x000000000800162c                USART3_8_IRQHandler
                0x000000000800162c                Default_Handler
                0x000000000800162c                TIM14_IRQHandler
                0x000000000800162c                TIM7_IRQHandler
                0x000000000800162c                TIM15_IRQHandler
                0x000000000800162c                EXTI0_1_IRQHandler
                0x000000000800162c                SPI2_IRQHandler
                0x000000000800162c                DMA1_Ch2_3_DMA2_Ch1_2_IRQHandler
                0x000000000800162c                DMA1_Ch4_7_DMA2_Ch3_5_IRQHandler
                0x000000000800162c                WWDG_IRQHandler
                0x000000000800162c                TIM2_IRQHandler
                0x000000000800162c                USART2_IRQHandler
                0x000000000800162c                FLASH_IRQHandler
                0x000000000800162c                USART1_IRQHandler
                0x000000000800162c                TIM1_CC_IRQHandler
 *fill*         0x000000000800162e        0x2 
 .text.HAL_Init
                0x0000000008001630       0x28 ./Drivers/STM32F0xx_HAL_Driver/Src/stm32f0xx_hal.o
                0x0000000008001630                HAL_Init
 .text.HAL_InitTick
                0x0000000008001658       0x68 ./Drivers/STM32F0xx_HAL_Driver/Src/stm32f0xx_hal.o
                0x0000000008001658                HAL_InitTick
 .text.HAL_IncTick
                0x00000000080016c0       0x24 ./Drivers/STM32F0xx_HAL_Driver/Src/stm32f0xx_hal.o
                0x00000000080016c0                HAL_IncTick
 .text.HAL_GetTick
                0x00000000080016e4       0x14 ./Drivers/STM32F0xx_HAL_Driver/Src/stm32f0xx_hal.o
                0x00000000080016e4                HAL_GetTick
 .text.HAL_Delay
                0x00000000080016f8       0x48 ./Drivers/STM32F0xx_HAL_Driver/Src/stm32f0xx_hal.o
                0x00000000080016f8                HAL_Delay
 .text.HAL_ADC_Init
                0x0000000008001740      0x280 ./Drivers/STM32F0xx_HAL_Driver/Src/stm32f0xx_hal_adc.o
                0x0000000008001740                HAL_ADC_Init
 .text.HAL_ADC_Start_DMA
                0x00000000080019c0      0x104 ./Drivers/STM32F0xx_HAL_Driver/Src/stm32f0xx_hal_adc.o
                0x00000000080019c0                HAL_ADC_Start_DMA
 .text.HAL_ADC_Stop_DMA
                0x0000000008001ac4       0xec ./Drivers/STM32F0xx_HAL_Driver/Src/stm32f0xx_hal_adc.o
                0x0000000008001ac4                HAL_ADC_Stop_DMA
 .text.HAL_ADC_ErrorCallback
                0x0000000008001bb0       0x10 ./Drivers/STM32F0xx_HAL_Driver/Src/stm32f0xx_hal_adc.o
                0x0000000008001bb0                HAL_ADC_ErrorCallback
 .text.HAL_ADC_ConfigChannel
                0x0000000008001bc0      0x21c ./Drivers/STM32F0xx_HAL_Driver/Src/stm32f0xx_hal_adc.o
                0x0000000008001bc0                HAL_ADC_ConfigChannel
 .text.ADC_Enable
                0x0000000008001ddc      0x108 ./Drivers/STM32F0xx_HAL_Driver/Src/stm32f0xx_hal_adc.o
 .text.ADC_Disable
                0x0000000008001ee4       0xe2 ./Drivers/STM32F0xx_HAL_Driver/Src/stm32f0xx_hal_adc.o
 .text.ADC_ConversionStop
                0x0000000008001fc6       0x98 ./Drivers/STM32F0xx_HAL_Driver/Src/stm32f0xx_hal_adc.o
 *fill*         0x000000000800205e        0x2 
 .text.ADC_DMAConvCplt
                0x0000000008002060       0xb4 ./Drivers/STM32F0xx_HAL_Driver/Src/stm32f0xx_hal_adc.o
 .text.ADC_DMAHalfConvCplt
                0x0000000008002114       0x1e ./Drivers/STM32F0xx_HAL_Driver/Src/stm32f0xx_hal_adc.o
 .text.ADC_DMAError
                0x0000000008002132       0x36 ./Drivers/STM32F0xx_HAL_Driver/Src/stm32f0xx_hal_adc.o
 .text.__NVIC_EnableIRQ
                0x0000000008002168       0x34 ./Drivers/STM32F0xx_HAL_Driver/Src/stm32f0xx_hal_cortex.o
 .text.__NVIC_SetPriority
                0x000000000800219c       0xdc ./Drivers/STM32F0xx_HAL_Driver/Src/stm32f0xx_hal_cortex.o
 .text.SysTick_Config
                0x0000000008002278       0x48 ./Drivers/STM32F0xx_HAL_Driver/Src/stm32f0xx_hal_cortex.o
 .text.HAL_NVIC_SetPriority
                0x00000000080022c0       0x2a ./Drivers/STM32F0xx_HAL_Driver/Src/stm32f0xx_hal_cortex.o
                0x00000000080022c0                HAL_NVIC_SetPriority
 .text.HAL_NVIC_EnableIRQ
                0x00000000080022ea       0x20 ./Drivers/STM32F0xx_HAL_Driver/Src/stm32f0xx_hal_cortex.o
                0x00000000080022ea                HAL_NVIC_EnableIRQ
 .text.HAL_SYSTICK_Config
                0x000000000800230a       0x1a ./Drivers/STM32F0xx_HAL_Driver/Src/stm32f0xx_hal_cortex.o
                0x000000000800230a                HAL_SYSTICK_Config
 .text.HAL_DMA_Init
                0x0000000008002324       0x90 ./Drivers/STM32F0xx_HAL_Driver/Src/stm32f0xx_hal_dma.o
                0x0000000008002324                HAL_DMA_Init
 .text.HAL_DMA_Start_IT
                0x00000000080023b4       0xcc ./Drivers/STM32F0xx_HAL_Driver/Src/stm32f0xx_hal_dma.o
                0x00000000080023b4                HAL_DMA_Start_IT
 .text.HAL_DMA_Abort
                0x0000000008002480       0x70 ./Drivers/STM32F0xx_HAL_Driver/Src/stm32f0xx_hal_dma.o
                0x0000000008002480                HAL_DMA_Abort
 .text.HAL_DMA_IRQHandler
                0x00000000080024f0      0x144 ./Drivers/STM32F0xx_HAL_Driver/Src/stm32f0xx_hal_dma.o
                0x00000000080024f0                HAL_DMA_IRQHandler
 .text.DMA_SetConfig
                0x0000000008002634       0x58 ./Drivers/STM32F0xx_HAL_Driver/Src/stm32f0xx_hal_dma.o
 .text.DMA_CalcBaseAndBitshift
                0x000000000800268c       0x74 ./Drivers/STM32F0xx_HAL_Driver/Src/stm32f0xx_hal_dma.o
 .text.HAL_GPIO_Init
                0x0000000008002700      0x2f0 ./Drivers/STM32F0xx_HAL_Driver/Src/stm32f0xx_hal_gpio.o
                0x0000000008002700                HAL_GPIO_Init
 .text.HAL_GPIO_WritePin
                0x00000000080029f0       0x3a ./Drivers/STM32F0xx_HAL_Driver/Src/stm32f0xx_hal_gpio.o
                0x00000000080029f0                HAL_GPIO_WritePin
 *fill*         0x0000000008002a2a        0x2 
 .text.HAL_GPIO_EXTI_IRQHandler
                0x0000000008002a2c       0x38 ./Drivers/STM32F0xx_HAL_Driver/Src/stm32f0xx_hal_gpio.o
                0x0000000008002a2c                HAL_GPIO_EXTI_IRQHandler
 .text.HAL_I2C_Init
                0x0000000008002a64      0x12c ./Drivers/STM32F0xx_HAL_Driver/Src/stm32f0xx_hal_i2c.o
                0x0000000008002a64                HAL_I2C_Init
 .text.HAL_I2CEx_ConfigAnalogFilter
                0x0000000008002b90       0x98 ./Drivers/STM32F0xx_HAL_Driver/Src/stm32f0xx_hal_i2c_ex.o
                0x0000000008002b90                HAL_I2CEx_ConfigAnalogFilter
 .text.HAL_I2CEx_ConfigDigitalFilter
                0x0000000008002c28       0x98 ./Drivers/STM32F0xx_HAL_Driver/Src/stm32f0xx_hal_i2c_ex.o
                0x0000000008002c28                HAL_I2CEx_ConfigDigitalFilter
 .text.HAL_RCC_OscConfig
                0x0000000008002cc0      0x70c ./Drivers/STM32F0xx_HAL_Driver/Src/stm32f0xx_hal_rcc.o
                0x0000000008002cc0                HAL_RCC_OscConfig
 .text.HAL_RCC_ClockConfig
                0x00000000080033cc      0x1b4 ./Drivers/STM32F0xx_HAL_Driver/Src/stm32f0xx_hal_rcc.o
                0x00000000080033cc                HAL_RCC_ClockConfig
 .text.HAL_RCC_GetSysClockFreq
                0x0000000008003580      0x100 ./Drivers/STM32F0xx_HAL_Driver/Src/stm32f0xx_hal_rcc.o
                0x0000000008003580                HAL_RCC_GetSysClockFreq
 .text.HAL_SPI_Init
                0x0000000008003680      0x170 ./Drivers/STM32F0xx_HAL_Driver/Src/stm32f0xx_hal_spi.o
                0x0000000008003680                HAL_SPI_Init
 .text.HAL_TIM_PWM_Init
                0x00000000080037f0       0xa0 ./Drivers/STM32F0xx_HAL_Driver/Src/stm32f0xx_hal_tim.o
                0x00000000080037f0                HAL_TIM_PWM_Init
 .text.HAL_TIM_PWM_ConfigChannel
                0x0000000008003890      0x18c ./Drivers/STM32F0xx_HAL_Driver/Src/stm32f0xx_hal_tim.o
                0x0000000008003890                HAL_TIM_PWM_ConfigChannel
 .text.TIM_Base_SetConfig
                0x0000000008003a1c      0x100 ./Drivers/STM32F0xx_HAL_Driver/Src/stm32f0xx_hal_tim.o
                0x0000000008003a1c                TIM_Base_SetConfig
 .text.TIM_OC1_SetConfig
                0x0000000008003b1c      0x110 ./Drivers/STM32F0xx_HAL_Driver/Src/stm32f0xx_hal_tim.o
 .text.TIM_OC2_SetConfig
                0x0000000008003c2c      0x108 ./Drivers/STM32F0xx_HAL_Driver/Src/stm32f0xx_hal_tim.o
                0x0000000008003c2c                TIM_OC2_SetConfig
 .text.TIM_OC3_SetConfig
                0x0000000008003d34      0x10c ./Drivers/STM32F0xx_HAL_Driver/Src/stm32f0xx_hal_tim.o
 .text.TIM_OC4_SetConfig
                0x0000000008003e40       0xd4 ./Drivers/STM32F0xx_HAL_Driver/Src/stm32f0xx_hal_tim.o
 .text.HAL_TIMEx_MasterConfigSynchronization
                0x0000000008003f14       0xbc ./Drivers/STM32F0xx_HAL_Driver/Src/stm32f0xx_hal_tim_ex.o
                0x0000000008003f14                HAL_TIMEx_MasterConfigSynchronization
 .text.HAL_TIMEx_ConfigBreakDeadTime
                0x0000000008003fd0       0xbc ./Drivers/STM32F0xx_HAL_Driver/Src/stm32f0xx_hal_tim_ex.o
                0x0000000008003fd0                HAL_TIMEx_ConfigBreakDeadTime
 .text.__libc_init_array
                0x000000000800408c       0x48 /Applications/STM32CubeIDE.app/Contents/Eclipse/plugins/com.st.stm32cube.ide.mcu.externaltools.gnu-tools-for-stm32.9-2020-q2-update.macos64_2.0.0.202105311346/tools/bin/../lib/gcc/arm-none-eabi/9.3.1/../../../../arm-none-eabi/lib/thumb/v6-m/nofp/libc_nano.a(lib_a-init.o)
                0x000000000800408c                __libc_init_array
 .text.memset   0x00000000080040d4       0x10 /Applications/STM32CubeIDE.app/Contents/Eclipse/plugins/com.st.stm32cube.ide.mcu.externaltools.gnu-tools-for-stm32.9-2020-q2-update.macos64_2.0.0.202105311346/tools/bin/../lib/gcc/arm-none-eabi/9.3.1/../../../../arm-none-eabi/lib/thumb/v6-m/nofp/libc_nano.a(lib_a-memset.o)
                0x00000000080040d4                memset
 *(.glue_7)
 .glue_7        0x00000000080040e4        0x0 linker stubs
 *(.glue_7t)
 .glue_7t       0x00000000080040e4        0x0 linker stubs
 *(.eh_frame)
 .eh_frame      0x00000000080040e4        0x0 /Applications/STM32CubeIDE.app/Contents/Eclipse/plugins/com.st.stm32cube.ide.mcu.externaltools.gnu-tools-for-stm32.9-2020-q2-update.macos64_2.0.0.202105311346/tools/bin/../lib/gcc/arm-none-eabi/9.3.1/thumb/v6-m/nofp/crtbegin.o
 *(.init)
 .init          0x00000000080040e4        0x4 /Applications/STM32CubeIDE.app/Contents/Eclipse/plugins/com.st.stm32cube.ide.mcu.externaltools.gnu-tools-for-stm32.9-2020-q2-update.macos64_2.0.0.202105311346/tools/bin/../lib/gcc/arm-none-eabi/9.3.1/thumb/v6-m/nofp/crti.o
                0x00000000080040e4                _init
 .init          0x00000000080040e8        0x8 /Applications/STM32CubeIDE.app/Contents/Eclipse/plugins/com.st.stm32cube.ide.mcu.externaltools.gnu-tools-for-stm32.9-2020-q2-update.macos64_2.0.0.202105311346/tools/bin/../lib/gcc/arm-none-eabi/9.3.1/thumb/v6-m/nofp/crtn.o
 *(.fini)
 .fini          0x00000000080040f0        0x4 /Applications/STM32CubeIDE.app/Contents/Eclipse/plugins/com.st.stm32cube.ide.mcu.externaltools.gnu-tools-for-stm32.9-2020-q2-update.macos64_2.0.0.202105311346/tools/bin/../lib/gcc/arm-none-eabi/9.3.1/thumb/v6-m/nofp/crti.o
                0x00000000080040f0                _fini
 .fini          0x00000000080040f4        0x8 /Applications/STM32CubeIDE.app/Contents/Eclipse/plugins/com.st.stm32cube.ide.mcu.externaltools.gnu-tools-for-stm32.9-2020-q2-update.macos64_2.0.0.202105311346/tools/bin/../lib/gcc/arm-none-eabi/9.3.1/thumb/v6-m/nofp/crtn.o
                0x00000000080040fc                . = ALIGN (0x4)
                0x00000000080040fc                _etext = .

.vfp11_veneer   0x00000000080040fc        0x0
 .vfp11_veneer  0x00000000080040fc        0x0 linker stubs

.v4_bx          0x00000000080040fc        0x0
 .v4_bx         0x00000000080040fc        0x0 linker stubs

.iplt           0x00000000080040fc        0x0
 .iplt          0x00000000080040fc        0x0 /Applications/STM32CubeIDE.app/Contents/Eclipse/plugins/com.st.stm32cube.ide.mcu.externaltools.gnu-tools-for-stm32.9-2020-q2-update.macos64_2.0.0.202105311346/tools/bin/../lib/gcc/arm-none-eabi/9.3.1/thumb/v6-m/nofp/crtbegin.o

.rodata         0x00000000080040fc      0xbe8
                0x00000000080040fc                . = ALIGN (0x4)
 *(.rodata)
 .rodata        0x00000000080040fc      0x152 ./Core/Src/menu.o
 *fill*         0x000000000800424e        0x2 
 .rodata        0x0000000008004250       0x20 ./Drivers/STM32F0xx_HAL_Driver/Src/stm32f0xx_hal_rcc.o
 *(.rodata*)
 .rodata.asc2_1206
                0x0000000008004270      0x474 ./Core/Src/lcd.o
                0x0000000008004270                asc2_1206
 .rodata.asc2_1608
                0x00000000080046e4      0x5f0 ./Core/Src/lcd.o
                0x00000000080046e4                asc2_1608
 .rodata.AHBPrescTable
                0x0000000008004cd4       0x10 ./Core/Src/system_stm32f0xx.o
                0x0000000008004cd4                AHBPrescTable
                0x0000000008004ce4                . = ALIGN (0x4)

.rel.dyn        0x0000000008004ce4        0x0
 .rel.iplt      0x0000000008004ce4        0x0 /Applications/STM32CubeIDE.app/Contents/Eclipse/plugins/com.st.stm32cube.ide.mcu.externaltools.gnu-tools-for-stm32.9-2020-q2-update.macos64_2.0.0.202105311346/tools/bin/../lib/gcc/arm-none-eabi/9.3.1/thumb/v6-m/nofp/crtbegin.o

.ARM.extab      0x0000000008004ce4        0x0
                0x0000000008004ce4                . = ALIGN (0x4)
 *(.ARM.extab* .gnu.linkonce.armextab.*)
                0x0000000008004ce4                . = ALIGN (0x4)

.ARM            0x0000000008004ce4        0x0
                0x0000000008004ce4                . = ALIGN (0x4)
                0x0000000008004ce4                __exidx_start = .
 *(.ARM.exidx*)
                0x0000000008004ce4                __exidx_end = .
                0x0000000008004ce4                . = ALIGN (0x4)

.preinit_array  0x0000000008004ce4        0x0
                0x0000000008004ce4                . = ALIGN (0x4)
                0x0000000008004ce4                PROVIDE (__preinit_array_start = .)
 *(.preinit_array*)
                0x0000000008004ce4                PROVIDE (__preinit_array_end = .)
                0x0000000008004ce4                . = ALIGN (0x4)

.init_array     0x0000000008004ce4        0x4
                0x0000000008004ce4                . = ALIGN (0x4)
                0x0000000008004ce4                PROVIDE (__init_array_start = .)
 *(SORT_BY_NAME(.init_array.*))
 *(.init_array*)
 .init_array    0x0000000008004ce4        0x4 /Applications/STM32CubeIDE.app/Contents/Eclipse/plugins/com.st.stm32cube.ide.mcu.externaltools.gnu-tools-for-stm32.9-2020-q2-update.macos64_2.0.0.202105311346/tools/bin/../lib/gcc/arm-none-eabi/9.3.1/thumb/v6-m/nofp/crtbegin.o
                0x0000000008004ce8                PROVIDE (__init_array_end = .)
                0x0000000008004ce8                . = ALIGN (0x4)

.fini_array     0x0000000008004ce8        0x4
                0x0000000008004ce8                . = ALIGN (0x4)
                [!provide]                        PROVIDE (__fini_array_start = .)
 *(SORT_BY_NAME(.fini_array.*))
 *(.fini_array*)
 .fini_array    0x0000000008004ce8        0x4 /Applications/STM32CubeIDE.app/Contents/Eclipse/plugins/com.st.stm32cube.ide.mcu.externaltools.gnu-tools-for-stm32.9-2020-q2-update.macos64_2.0.0.202105311346/tools/bin/../lib/gcc/arm-none-eabi/9.3.1/thumb/v6-m/nofp/crtbegin.o
                [!provide]                        PROVIDE (__fini_array_end = .)
                0x0000000008004cec                . = ALIGN (0x4)
                0x0000000008004cec                _sidata = LOADADDR (.data)

.data           0x0000000020000000       0x18 load address 0x0000000008004cec
                0x0000000020000000                . = ALIGN (0x4)
                0x0000000020000000                _sdata = .
 *(.data)
 *(.data*)
 .data.menu     0x0000000020000000        0xc ./Core/Src/menu.o
                0x0000000020000000                menu
 .data.SystemCoreClock
                0x000000002000000c        0x4 ./Core/Src/system_stm32f0xx.o
                0x000000002000000c                SystemCoreClock
 .data.uwTickPrio
                0x0000000020000010        0x4 ./Drivers/STM32F0xx_HAL_Driver/Src/stm32f0xx_hal.o
                0x0000000020000010                uwTickPrio
 .data.uwTickFreq
                0x0000000020000014        0x1 ./Drivers/STM32F0xx_HAL_Driver/Src/stm32f0xx_hal.o
                0x0000000020000014                uwTickFreq
 *(.RamFunc)
 *(.RamFunc*)
                0x0000000020000018                . = ALIGN (0x4)
 *fill*         0x0000000020000015        0x3 
                0x0000000020000018                _edata = .

.igot.plt       0x0000000020000018        0x0 load address 0x0000000008004d04
 .igot.plt      0x0000000020000018        0x0 /Applications/STM32CubeIDE.app/Contents/Eclipse/plugins/com.st.stm32cube.ide.mcu.externaltools.gnu-tools-for-stm32.9-2020-q2-update.macos64_2.0.0.202105311346/tools/bin/../lib/gcc/arm-none-eabi/9.3.1/thumb/v6-m/nofp/crtbegin.o
                0x0000000020000018                . = ALIGN (0x4)

.bss            0x0000000020000018      0x1d0 load address 0x0000000008004d04
                0x0000000020000018                _sbss = .
                0x0000000020000018                __bss_start__ = _sbss
 *(.bss)
 .bss           0x0000000020000018       0x1c /Applications/STM32CubeIDE.app/Contents/Eclipse/plugins/com.st.stm32cube.ide.mcu.externaltools.gnu-tools-for-stm32.9-2020-q2-update.macos64_2.0.0.202105311346/tools/bin/../lib/gcc/arm-none-eabi/9.3.1/thumb/v6-m/nofp/crtbegin.o
 *(.bss*)
 .bss.goleft    0x0000000020000034        0x4 ./Core/Src/menu.o
                0x0000000020000034                goleft
 .bss.goright   0x0000000020000038        0x4 ./Core/Src/menu.o
                0x0000000020000038                goright
 .bss.prev      0x000000002000003c        0x4 ./Core/Src/menu.o
                0x000000002000003c                prev
 .bss.curr      0x0000000020000040        0x4 ./Core/Src/menu.o
                0x0000000020000040                curr
 *(COMMON)
 COMMON         0x0000000020000044        0xe ./Core/Src/lcd.o
                0x0000000020000044                lcddev
 *fill*         0x0000000020000052        0x2 
 COMMON         0x0000000020000054      0x190 ./Core/Src/main.o
                0x0000000020000054                hi2c2
                0x00000000200000a0                htim1
                0x00000000200000e8                hspi1
                0x000000002000014c                adc_buf
                0x0000000020000160                hdma_adc
                0x00000000200001a4                hadc
 COMMON         0x00000000200001e4        0x4 ./Drivers/STM32F0xx_HAL_Driver/Src/stm32f0xx_hal.o
                0x00000000200001e4                uwTick
                0x00000000200001e8                . = ALIGN (0x4)
                0x00000000200001e8                _ebss = .
                0x00000000200001e8                __bss_end__ = _ebss

._user_heap_stack
                0x00000000200001e8      0x600 load address 0x0000000008004d04
                0x00000000200001e8                . = ALIGN (0x8)
                [!provide]                        PROVIDE (end = .)
                0x00000000200001e8                PROVIDE (_end = .)
                0x00000000200003e8                . = (. + _Min_Heap_Size)
 *fill*         0x00000000200001e8      0x200 
                0x00000000200007e8                . = (. + _Min_Stack_Size)
 *fill*         0x00000000200003e8      0x400 
                0x00000000200007e8                . = ALIGN (0x8)

/DISCARD/
 libc.a(*)
 libm.a(*)
 libgcc.a(*)

.ARM.attributes
                0x0000000000000000       0x28
 *(.ARM.attributes)
 .ARM.attributes
                0x0000000000000000       0x1e /Applications/STM32CubeIDE.app/Contents/Eclipse/plugins/com.st.stm32cube.ide.mcu.externaltools.gnu-tools-for-stm32.9-2020-q2-update.macos64_2.0.0.202105311346/tools/bin/../lib/gcc/arm-none-eabi/9.3.1/thumb/v6-m/nofp/crti.o
 .ARM.attributes
                0x000000000000001e       0x2c /Applications/STM32CubeIDE.app/Contents/Eclipse/plugins/com.st.stm32cube.ide.mcu.externaltools.gnu-tools-for-stm32.9-2020-q2-update.macos64_2.0.0.202105311346/tools/bin/../lib/gcc/arm-none-eabi/9.3.1/thumb/v6-m/nofp/crtbegin.o
 .ARM.attributes
                0x000000000000004a       0x2c ./Core/Src/lcd.o
 .ARM.attributes
                0x0000000000000076       0x2c ./Core/Src/main.o
 .ARM.attributes
                0x00000000000000a2       0x2c ./Core/Src/menu.o
 .ARM.attributes
                0x00000000000000ce       0x2c ./Core/Src/stm32f0xx_hal_msp.o
 .ARM.attributes
                0x00000000000000fa       0x2c ./Core/Src/stm32f0xx_it.o
 .ARM.attributes
                0x0000000000000126       0x2c ./Core/Src/system_stm32f0xx.o
 .ARM.attributes
                0x0000000000000152       0x21 ./Core/Startup/startup_stm32f091rctx.o
 .ARM.attributes
                0x0000000000000173       0x2c ./Drivers/STM32F0xx_HAL_Driver/Src/stm32f0xx_hal.o
 .ARM.attributes
                0x000000000000019f       0x2c ./Drivers/STM32F0xx_HAL_Driver/Src/stm32f0xx_hal_adc.o
 .ARM.attributes
                0x00000000000001cb       0x2c ./Drivers/STM32F0xx_HAL_Driver/Src/stm32f0xx_hal_cortex.o
 .ARM.attributes
                0x00000000000001f7       0x2c ./Drivers/STM32F0xx_HAL_Driver/Src/stm32f0xx_hal_dma.o
 .ARM.attributes
                0x0000000000000223       0x2c ./Drivers/STM32F0xx_HAL_Driver/Src/stm32f0xx_hal_gpio.o
 .ARM.attributes
                0x000000000000024f       0x2c ./Drivers/STM32F0xx_HAL_Driver/Src/stm32f0xx_hal_i2c.o
 .ARM.attributes
                0x000000000000027b       0x2c ./Drivers/STM32F0xx_HAL_Driver/Src/stm32f0xx_hal_i2c_ex.o
 .ARM.attributes
                0x00000000000002a7       0x2c ./Drivers/STM32F0xx_HAL_Driver/Src/stm32f0xx_hal_rcc.o
 .ARM.attributes
                0x00000000000002d3       0x2c ./Drivers/STM32F0xx_HAL_Driver/Src/stm32f0xx_hal_spi.o
 .ARM.attributes
                0x00000000000002ff       0x2c ./Drivers/STM32F0xx_HAL_Driver/Src/stm32f0xx_hal_tim.o
 .ARM.attributes
                0x000000000000032b       0x2c ./Drivers/STM32F0xx_HAL_Driver/Src/stm32f0xx_hal_tim_ex.o
 .ARM.attributes
                0x0000000000000357       0x2c /Applications/STM32CubeIDE.app/Contents/Eclipse/plugins/com.st.stm32cube.ide.mcu.externaltools.gnu-tools-for-stm32.9-2020-q2-update.macos64_2.0.0.202105311346/tools/bin/../lib/gcc/arm-none-eabi/9.3.1/../../../../arm-none-eabi/lib/thumb/v6-m/nofp/libc_nano.a(lib_a-init.o)
 .ARM.attributes
                0x0000000000000383       0x2c /Applications/STM32CubeIDE.app/Contents/Eclipse/plugins/com.st.stm32cube.ide.mcu.externaltools.gnu-tools-for-stm32.9-2020-q2-update.macos64_2.0.0.202105311346/tools/bin/../lib/gcc/arm-none-eabi/9.3.1/../../../../arm-none-eabi/lib/thumb/v6-m/nofp/libc_nano.a(lib_a-memset.o)
 .ARM.attributes
                0x00000000000003af       0x1e /Applications/STM32CubeIDE.app/Contents/Eclipse/plugins/com.st.stm32cube.ide.mcu.externaltools.gnu-tools-for-stm32.9-2020-q2-update.macos64_2.0.0.202105311346/tools/bin/../lib/gcc/arm-none-eabi/9.3.1/thumb/v6-m/nofp/libgcc.a(_udivsi3.o)
 .ARM.attributes
                0x00000000000003cd       0x1e /Applications/STM32CubeIDE.app/Contents/Eclipse/plugins/com.st.stm32cube.ide.mcu.externaltools.gnu-tools-for-stm32.9-2020-q2-update.macos64_2.0.0.202105311346/tools/bin/../lib/gcc/arm-none-eabi/9.3.1/thumb/v6-m/nofp/libgcc.a(_dvmd_tls.o)
 .ARM.attributes
                0x00000000000003eb       0x1e /Applications/STM32CubeIDE.app/Contents/Eclipse/plugins/com.st.stm32cube.ide.mcu.externaltools.gnu-tools-for-stm32.9-2020-q2-update.macos64_2.0.0.202105311346/tools/bin/../lib/gcc/arm-none-eabi/9.3.1/thumb/v6-m/nofp/crtn.o
OUTPUT(test.elf elf32-littlearm)
LOAD linker stubs
LOAD /Applications/STM32CubeIDE.app/Contents/Eclipse/plugins/com.st.stm32cube.ide.mcu.externaltools.gnu-tools-for-stm32.9-2020-q2-update.macos64_2.0.0.202105311346/tools/bin/../lib/gcc/arm-none-eabi/9.3.1/../../../../arm-none-eabi/lib/thumb/v6-m/nofp/libc.a
LOAD /Applications/STM32CubeIDE.app/Contents/Eclipse/plugins/com.st.stm32cube.ide.mcu.externaltools.gnu-tools-for-stm32.9-2020-q2-update.macos64_2.0.0.202105311346/tools/bin/../lib/gcc/arm-none-eabi/9.3.1/../../../../arm-none-eabi/lib/thumb/v6-m/nofp/libm.a
LOAD /Applications/STM32CubeIDE.app/Contents/Eclipse/plugins/com.st.stm32cube.ide.mcu.externaltools.gnu-tools-for-stm32.9-2020-q2-update.macos64_2.0.0.202105311346/tools/bin/../lib/gcc/arm-none-eabi/9.3.1/thumb/v6-m/nofp/libgcc.a

.debug_info     0x0000000000000000    0x11f79
 .debug_info    0x0000000000000000     0x1656 ./Core/Src/lcd.o
 .debug_info    0x0000000000001656     0x2160 ./Core/Src/main.o
 .debug_info    0x00000000000037b6     0x1350 ./Core/Src/menu.o
 .debug_info    0x0000000000004b06     0x13c6 ./Core/Src/stm32f0xx_hal_msp.o
 .debug_info    0x0000000000005ecc      0x468 ./Core/Src/stm32f0xx_it.o
 .debug_info    0x0000000000006334      0x2c3 ./Core/Src/system_stm32f0xx.o
 .debug_info    0x00000000000065f7       0x22 ./Core/Startup/startup_stm32f091rctx.o
 .debug_info    0x0000000000006619      0x711 ./Drivers/STM32F0xx_HAL_Driver/Src/stm32f0xx_hal.o
 .debug_info    0x0000000000006d2a      0xd98 ./Drivers/STM32F0xx_HAL_Driver/Src/stm32f0xx_hal_adc.o
 .debug_info    0x0000000000007ac2      0x7e2 ./Drivers/STM32F0xx_HAL_Driver/Src/stm32f0xx_hal_cortex.o
 .debug_info    0x00000000000082a4      0x840 ./Drivers/STM32F0xx_HAL_Driver/Src/stm32f0xx_hal_dma.o
 .debug_info    0x0000000000008ae4      0x72f ./Drivers/STM32F0xx_HAL_Driver/Src/stm32f0xx_hal_gpio.o
 .debug_info    0x0000000000009213     0x21cb ./Drivers/STM32F0xx_HAL_Driver/Src/stm32f0xx_hal_i2c.o
 .debug_info    0x000000000000b3de      0x9bf ./Drivers/STM32F0xx_HAL_Driver/Src/stm32f0xx_hal_i2c_ex.o
 .debug_info    0x000000000000bd9d      0x8b1 ./Drivers/STM32F0xx_HAL_Driver/Src/stm32f0xx_hal_rcc.o
 .debug_info    0x000000000000c64e     0x17ed ./Drivers/STM32F0xx_HAL_Driver/Src/stm32f0xx_hal_spi.o
 .debug_info    0x000000000000de3b     0x2bdf ./Drivers/STM32F0xx_HAL_Driver/Src/stm32f0xx_hal_tim.o
 .debug_info    0x0000000000010a1a     0x155f ./Drivers/STM32F0xx_HAL_Driver/Src/stm32f0xx_hal_tim_ex.o

.debug_abbrev   0x0000000000000000     0x2789
 .debug_abbrev  0x0000000000000000      0x341 ./Core/Src/lcd.o
 .debug_abbrev  0x0000000000000341      0x331 ./Core/Src/main.o
 .debug_abbrev  0x0000000000000672      0x3a4 ./Core/Src/menu.o
 .debug_abbrev  0x0000000000000a16      0x224 ./Core/Src/stm32f0xx_hal_msp.o
 .debug_abbrev  0x0000000000000c3a      0x163 ./Core/Src/stm32f0xx_it.o
 .debug_abbrev  0x0000000000000d9d      0x145 ./Core/Src/system_stm32f0xx.o
 .debug_abbrev  0x0000000000000ee2       0x12 ./Core/Startup/startup_stm32f091rctx.o
 .debug_abbrev  0x0000000000000ef4      0x1ed ./Drivers/STM32F0xx_HAL_Driver/Src/stm32f0xx_hal.o
 .debug_abbrev  0x00000000000010e1      0x231 ./Drivers/STM32F0xx_HAL_Driver/Src/stm32f0xx_hal_adc.o
 .debug_abbrev  0x0000000000001312      0x2a9 ./Drivers/STM32F0xx_HAL_Driver/Src/stm32f0xx_hal_cortex.o
 .debug_abbrev  0x00000000000015bb      0x242 ./Drivers/STM32F0xx_HAL_Driver/Src/stm32f0xx_hal_dma.o
 .debug_abbrev  0x00000000000017fd      0x1f7 ./Drivers/STM32F0xx_HAL_Driver/Src/stm32f0xx_hal_gpio.o
 .debug_abbrev  0x00000000000019f4      0x256 ./Drivers/STM32F0xx_HAL_Driver/Src/stm32f0xx_hal_i2c.o
 .debug_abbrev  0x0000000000001c4a      0x1ec ./Drivers/STM32F0xx_HAL_Driver/Src/stm32f0xx_hal_i2c_ex.o
 .debug_abbrev  0x0000000000001e36      0x23b ./Drivers/STM32F0xx_HAL_Driver/Src/stm32f0xx_hal_rcc.o
 .debug_abbrev  0x0000000000002071      0x254 ./Drivers/STM32F0xx_HAL_Driver/Src/stm32f0xx_hal_spi.o
 .debug_abbrev  0x00000000000022c5      0x25e ./Drivers/STM32F0xx_HAL_Driver/Src/stm32f0xx_hal_tim.o
 .debug_abbrev  0x0000000000002523      0x266 ./Drivers/STM32F0xx_HAL_Driver/Src/stm32f0xx_hal_tim_ex.o

.debug_aranges  0x0000000000000000     0x10f8
 .debug_aranges
                0x0000000000000000       0xe8 ./Core/Src/lcd.o
 .debug_aranges
                0x00000000000000e8       0x90 ./Core/Src/main.o
 .debug_aranges
                0x0000000000000178       0xa0 ./Core/Src/menu.o
 .debug_aranges
                0x0000000000000218       0x68 ./Core/Src/stm32f0xx_hal_msp.o
 .debug_aranges
                0x0000000000000280       0x58 ./Core/Src/stm32f0xx_it.o
 .debug_aranges
                0x00000000000002d8       0x28 ./Core/Src/system_stm32f0xx.o
 .debug_aranges
                0x0000000000000300       0x28 ./Core/Startup/startup_stm32f091rctx.o
 .debug_aranges
                0x0000000000000328       0xd0 ./Drivers/STM32F0xx_HAL_Driver/Src/stm32f0xx_hal.o
 .debug_aranges
                0x00000000000003f8       0xf8 ./Drivers/STM32F0xx_HAL_Driver/Src/stm32f0xx_hal_adc.o
 .debug_aranges
                0x00000000000004f0       0xc0 ./Drivers/STM32F0xx_HAL_Driver/Src/stm32f0xx_hal_cortex.o
 .debug_aranges
                0x00000000000005b0       0x88 ./Drivers/STM32F0xx_HAL_Driver/Src/stm32f0xx_hal_dma.o
 .debug_aranges
                0x0000000000000638       0x58 ./Drivers/STM32F0xx_HAL_Driver/Src/stm32f0xx_hal_gpio.o
 .debug_aranges
                0x0000000000000690      0x290 ./Drivers/STM32F0xx_HAL_Driver/Src/stm32f0xx_hal_i2c.o
 .debug_aranges
                0x0000000000000920       0x48 ./Drivers/STM32F0xx_HAL_Driver/Src/stm32f0xx_hal_i2c_ex.o
 .debug_aranges
                0x0000000000000968       0x80 ./Drivers/STM32F0xx_HAL_Driver/Src/stm32f0xx_hal_rcc.o
 .debug_aranges
                0x00000000000009e8      0x1d8 ./Drivers/STM32F0xx_HAL_Driver/Src/stm32f0xx_hal_spi.o
 .debug_aranges
                0x0000000000000bc0      0x3d0 ./Drivers/STM32F0xx_HAL_Driver/Src/stm32f0xx_hal_tim.o
 .debug_aranges
                0x0000000000000f90      0x168 ./Drivers/STM32F0xx_HAL_Driver/Src/stm32f0xx_hal_tim_ex.o

.debug_ranges   0x0000000000000000      0xfe0
 .debug_ranges  0x0000000000000000       0xd8 ./Core/Src/lcd.o
 .debug_ranges  0x00000000000000d8       0x80 ./Core/Src/main.o
 .debug_ranges  0x0000000000000158       0x90 ./Core/Src/menu.o
 .debug_ranges  0x00000000000001e8       0x58 ./Core/Src/stm32f0xx_hal_msp.o
 .debug_ranges  0x0000000000000240       0x48 ./Core/Src/stm32f0xx_it.o
 .debug_ranges  0x0000000000000288       0x18 ./Core/Src/system_stm32f0xx.o
 .debug_ranges  0x00000000000002a0       0x20 ./Core/Startup/startup_stm32f091rctx.o
 .debug_ranges  0x00000000000002c0       0xc0 ./Drivers/STM32F0xx_HAL_Driver/Src/stm32f0xx_hal.o
 .debug_ranges  0x0000000000000380       0xe8 ./Drivers/STM32F0xx_HAL_Driver/Src/stm32f0xx_hal_adc.o
 .debug_ranges  0x0000000000000468       0xb0 ./Drivers/STM32F0xx_HAL_Driver/Src/stm32f0xx_hal_cortex.o
 .debug_ranges  0x0000000000000518       0x78 ./Drivers/STM32F0xx_HAL_Driver/Src/stm32f0xx_hal_dma.o
 .debug_ranges  0x0000000000000590       0x48 ./Drivers/STM32F0xx_HAL_Driver/Src/stm32f0xx_hal_gpio.o
 .debug_ranges  0x00000000000005d8      0x280 ./Drivers/STM32F0xx_HAL_Driver/Src/stm32f0xx_hal_i2c.o
 .debug_ranges  0x0000000000000858       0x38 ./Drivers/STM32F0xx_HAL_Driver/Src/stm32f0xx_hal_i2c_ex.o
 .debug_ranges  0x0000000000000890       0x70 ./Drivers/STM32F0xx_HAL_Driver/Src/stm32f0xx_hal_rcc.o
 .debug_ranges  0x0000000000000900      0x1c8 ./Drivers/STM32F0xx_HAL_Driver/Src/stm32f0xx_hal_spi.o
 .debug_ranges  0x0000000000000ac8      0x3c0 ./Drivers/STM32F0xx_HAL_Driver/Src/stm32f0xx_hal_tim.o
 .debug_ranges  0x0000000000000e88      0x158 ./Drivers/STM32F0xx_HAL_Driver/Src/stm32f0xx_hal_tim_ex.o

.debug_macro    0x0000000000000000    0x1b846
 .debug_macro   0x0000000000000000      0x2f4 ./Core/Src/lcd.o
 .debug_macro   0x00000000000002f4       0x2e ./Core/Src/lcd.o
 .debug_macro   0x0000000000000322       0x22 ./Core/Src/lcd.o
 .debug_macro   0x0000000000000344       0x22 ./Core/Src/lcd.o
 .debug_macro   0x0000000000000366       0x8e ./Core/Src/lcd.o
 .debug_macro   0x00000000000003f4       0x51 ./Core/Src/lcd.o
 .debug_macro   0x0000000000000445      0x103 ./Core/Src/lcd.o
 .debug_macro   0x0000000000000548       0x6a ./Core/Src/lcd.o
 .debug_macro   0x00000000000005b2      0x1df ./Core/Src/lcd.o
 .debug_macro   0x0000000000000791       0x1c ./Core/Src/lcd.o
 .debug_macro   0x00000000000007ad       0x22 ./Core/Src/lcd.o
 .debug_macro   0x00000000000007cf       0xb5 ./Core/Src/lcd.o
 .debug_macro   0x0000000000000884      0x391 ./Core/Src/lcd.o
 .debug_macro   0x0000000000000c15    0x10e4f ./Core/Src/lcd.o
 .debug_macro   0x0000000000011a64       0x66 ./Core/Src/lcd.o
 .debug_macro   0x0000000000011aca      0x139 ./Core/Src/lcd.o
 .debug_macro   0x0000000000011c03     0x34a6 ./Core/Src/lcd.o
 .debug_macro   0x00000000000150a9      0x174 ./Core/Src/lcd.o
 .debug_macro   0x000000000001521d       0x55 ./Core/Src/lcd.o
 .debug_macro   0x0000000000015272      0x946 ./Core/Src/lcd.o
 .debug_macro   0x0000000000015bb8      0x69b ./Core/Src/lcd.o
 .debug_macro   0x0000000000016253      0x1af ./Core/Src/lcd.o
 .debug_macro   0x0000000000016402      0x202 ./Core/Src/lcd.o
 .debug_macro   0x0000000000016604      0x1a7 ./Core/Src/lcd.o
 .debug_macro   0x00000000000167ab      0x1bc ./Core/Src/lcd.o
 .debug_macro   0x0000000000016967      0x4d0 ./Core/Src/lcd.o
 .debug_macro   0x0000000000016e37       0x3c ./Core/Src/lcd.o
 .debug_macro   0x0000000000016e73       0x28 ./Core/Src/lcd.o
 .debug_macro   0x0000000000016e9b      0x33d ./Core/Src/lcd.o
 .debug_macro   0x00000000000171d8       0xd4 ./Core/Src/lcd.o
 .debug_macro   0x00000000000172ac       0xb0 ./Core/Src/lcd.o
 .debug_macro   0x000000000001735c      0x23f ./Core/Src/lcd.o
 .debug_macro   0x000000000001759b      0x22c ./Core/Src/lcd.o
 .debug_macro   0x00000000000177c7       0x61 ./Core/Src/lcd.o
 .debug_macro   0x0000000000017828       0xa5 ./Core/Src/lcd.o
 .debug_macro   0x00000000000178cd       0x4c ./Core/Src/lcd.o
 .debug_macro   0x0000000000017919      0x16d ./Core/Src/lcd.o
 .debug_macro   0x0000000000017a86      0x2fe ./Core/Src/lcd.o
 .debug_macro   0x0000000000017d84      0x8d8 ./Core/Src/lcd.o
 .debug_macro   0x000000000001865c       0x28 ./Core/Src/lcd.o
 .debug_macro   0x0000000000018684      0x435 ./Core/Src/lcd.o
 .debug_macro   0x0000000000018ab9       0x18 ./Core/Src/lcd.o
 .debug_macro   0x0000000000018ad1       0x52 ./Core/Src/lcd.o
 .debug_macro   0x0000000000018b23       0x3c ./Core/Src/lcd.o
 .debug_macro   0x0000000000018b5f       0x34 ./Core/Src/lcd.o
 .debug_macro   0x0000000000018b93       0x16 ./Core/Src/lcd.o
 .debug_macro   0x0000000000018ba9       0x35 ./Core/Src/lcd.o
 .debug_macro   0x0000000000018bde       0x16 ./Core/Src/lcd.o
 .debug_macro   0x0000000000018bf4       0x43 ./Core/Src/lcd.o
 .debug_macro   0x0000000000018c37       0x34 ./Core/Src/lcd.o
 .debug_macro   0x0000000000018c6b       0x10 ./Core/Src/lcd.o
 .debug_macro   0x0000000000018c7b       0x58 ./Core/Src/lcd.o
 .debug_macro   0x0000000000018cd3       0x71 ./Core/Src/lcd.o
 .debug_macro   0x0000000000018d44       0x1c ./Core/Src/lcd.o
 .debug_macro   0x0000000000018d60      0x12a ./Core/Src/lcd.o
 .debug_macro   0x0000000000018e8a      0x333 ./Core/Src/lcd.o
 .debug_macro   0x00000000000191bd       0x16 ./Core/Src/lcd.o
 .debug_macro   0x00000000000191d3       0x29 ./Core/Src/lcd.o
 .debug_macro   0x00000000000191fc       0x9a ./Core/Src/lcd.o
 .debug_macro   0x0000000000019296      0x396 ./Core/Src/main.o
 .debug_macro   0x000000000001962c       0xa0 ./Core/Src/main.o
 .debug_macro   0x00000000000196cc       0x1c ./Core/Src/main.o
 .debug_macro   0x00000000000196e8       0x10 ./Core/Src/main.o
 .debug_macro   0x00000000000196f8       0x10 ./Core/Src/main.o
 .debug_macro   0x0000000000019708       0x1c ./Core/Src/main.o
 .debug_macro   0x0000000000019724       0x52 ./Core/Src/main.o
 .debug_macro   0x0000000000019776       0x22 ./Core/Src/main.o
 .debug_macro   0x0000000000019798       0x10 ./Core/Src/main.o
 .debug_macro   0x00000000000197a8       0x40 ./Core/Src/main.o
 .debug_macro   0x00000000000197e8       0xd5 ./Core/Src/main.o
 .debug_macro   0x00000000000198bd       0x1c ./Core/Src/main.o
 .debug_macro   0x00000000000198d9       0x3d ./Core/Src/main.o
 .debug_macro   0x0000000000019916       0x16 ./Core/Src/main.o
 .debug_macro   0x000000000001992c      0x145 ./Core/Src/main.o
 .debug_macro   0x0000000000019a71      0x2c6 ./Core/Src/menu.o
 .debug_macro   0x0000000000019d37      0x1e1 ./Core/Src/stm32f0xx_hal_msp.o
 .debug_macro   0x0000000000019f18      0x1eb ./Core/Src/stm32f0xx_it.o
 .debug_macro   0x000000000001a103      0x1d7 ./Core/Src/system_stm32f0xx.o
 .debug_macro   0x000000000001a2da      0x1fb ./Drivers/STM32F0xx_HAL_Driver/Src/stm32f0xx_hal.o
 .debug_macro   0x000000000001a4d5      0x1fb ./Drivers/STM32F0xx_HAL_Driver/Src/stm32f0xx_hal_adc.o
 .debug_macro   0x000000000001a6d0      0x1d7 ./Drivers/STM32F0xx_HAL_Driver/Src/stm32f0xx_hal_cortex.o
 .debug_macro   0x000000000001a8a7      0x1d7 ./Drivers/STM32F0xx_HAL_Driver/Src/stm32f0xx_hal_dma.o
 .debug_macro   0x000000000001aa7e      0x1de ./Drivers/STM32F0xx_HAL_Driver/Src/stm32f0xx_hal_gpio.o
 .debug_macro   0x000000000001ac5c      0x29c ./Drivers/STM32F0xx_HAL_Driver/Src/stm32f0xx_hal_i2c.o
 .debug_macro   0x000000000001aef8      0x1d7 ./Drivers/STM32F0xx_HAL_Driver/Src/stm32f0xx_hal_i2c_ex.o
 .debug_macro   0x000000000001b0cf      0x1e9 ./Drivers/STM32F0xx_HAL_Driver/Src/stm32f0xx_hal_rcc.o
 .debug_macro   0x000000000001b2b8      0x1df ./Drivers/STM32F0xx_HAL_Driver/Src/stm32f0xx_hal_spi.o
 .debug_macro   0x000000000001b497      0x1d8 ./Drivers/STM32F0xx_HAL_Driver/Src/stm32f0xx_hal_tim.o
 .debug_macro   0x000000000001b66f      0x1d7 ./Drivers/STM32F0xx_HAL_Driver/Src/stm32f0xx_hal_tim_ex.o

.debug_line     0x0000000000000000    0x13f5a
 .debug_line    0x0000000000000000     0x1062 ./Core/Src/lcd.o
 .debug_line    0x0000000000001062      0xd42 ./Core/Src/main.o
 .debug_line    0x0000000000001da4     0x108d ./Core/Src/menu.o
 .debug_line    0x0000000000002e31      0x8af ./Core/Src/stm32f0xx_hal_msp.o
 .debug_line    0x00000000000036e0      0x7ef ./Core/Src/stm32f0xx_it.o
 .debug_line    0x0000000000003ecf      0x7c9 ./Core/Src/system_stm32f0xx.o
 .debug_line    0x0000000000004698       0x89 ./Core/Startup/startup_stm32f091rctx.o
 .debug_line    0x0000000000004721      0x9bc ./Drivers/STM32F0xx_HAL_Driver/Src/stm32f0xx_hal.o
 .debug_line    0x00000000000050dd     0x1202 ./Drivers/STM32F0xx_HAL_Driver/Src/stm32f0xx_hal_adc.o
 .debug_line    0x00000000000062df      0xa68 ./Drivers/STM32F0xx_HAL_Driver/Src/stm32f0xx_hal_cortex.o
 .debug_line    0x0000000000006d47      0xcf9 ./Drivers/STM32F0xx_HAL_Driver/Src/stm32f0xx_hal_dma.o
 .debug_line    0x0000000000007a40      0xb4e ./Drivers/STM32F0xx_HAL_Driver/Src/stm32f0xx_hal_gpio.o
 .debug_line    0x000000000000858e     0x330c ./Drivers/STM32F0xx_HAL_Driver/Src/stm32f0xx_hal_i2c.o
 .debug_line    0x000000000000b89a      0x95f ./Drivers/STM32F0xx_HAL_Driver/Src/stm32f0xx_hal_i2c_ex.o
 .debug_line    0x000000000000c1f9      0xe4b ./Drivers/STM32F0xx_HAL_Driver/Src/stm32f0xx_hal_rcc.o
 .debug_line    0x000000000000d044     0x1ed1 ./Drivers/STM32F0xx_HAL_Driver/Src/stm32f0xx_hal_spi.o
 .debug_line    0x000000000000ef15     0x36eb ./Drivers/STM32F0xx_HAL_Driver/Src/stm32f0xx_hal_tim.o
 .debug_line    0x0000000000012600     0x195a ./Drivers/STM32F0xx_HAL_Driver/Src/stm32f0xx_hal_tim_ex.o

.debug_str      0x0000000000000000    0xaa4dc
 .debug_str     0x0000000000000000    0xa4ecf ./Core/Src/lcd.o
                                      0xa51fe (size before relaxing)
 .debug_str     0x00000000000a4ecf     0x1eb3 ./Core/Src/main.o
                                      0xa6eec (size before relaxing)
 .debug_str     0x00000000000a6d82      0x18a ./Core/Src/menu.o
                                      0xa5038 (size before relaxing)
 .debug_str     0x00000000000a6f0c       0xe8 ./Core/Src/stm32f0xx_hal_msp.o
                                      0xa2690 (size before relaxing)
 .debug_str     0x00000000000a6ff4       0x9d ./Core/Src/stm32f0xx_it.o
                                      0xa1c6f (size before relaxing)
 .debug_str     0x00000000000a7091       0x5f ./Core/Src/system_stm32f0xx.o
                                      0xa1a62 (size before relaxing)
 .debug_str     0x00000000000a70f0       0x36 ./Core/Startup/startup_stm32f091rctx.o
                                         0x8e (size before relaxing)
 .debug_str     0x00000000000a7126      0x2f6 ./Drivers/STM32F0xx_HAL_Driver/Src/stm32f0xx_hal.o
                                      0xa1fca (size before relaxing)
 .debug_str     0x00000000000a741c      0x349 ./Drivers/STM32F0xx_HAL_Driver/Src/stm32f0xx_hal_adc.o
                                      0xa2172 (size before relaxing)
 .debug_str     0x00000000000a7765      0x1d2 ./Drivers/STM32F0xx_HAL_Driver/Src/stm32f0xx_hal_cortex.o
                                      0xa1e7e (size before relaxing)
 .debug_str     0x00000000000a7937      0x248 ./Drivers/STM32F0xx_HAL_Driver/Src/stm32f0xx_hal_dma.o
                                      0xa1e4a (size before relaxing)
 .debug_str     0x00000000000a7b7f      0x136 ./Drivers/STM32F0xx_HAL_Driver/Src/stm32f0xx_hal_gpio.o
                                      0xa1c56 (size before relaxing)
 .debug_str     0x00000000000a7cb5      0xdbc ./Drivers/STM32F0xx_HAL_Driver/Src/stm32f0xx_hal_i2c.o
                                      0xa2d26 (size before relaxing)
 .debug_str     0x00000000000a8a71       0xb8 ./Drivers/STM32F0xx_HAL_Driver/Src/stm32f0xx_hal_i2c_ex.o
                                      0xa2025 (size before relaxing)
 .debug_str     0x00000000000a8b29      0x235 ./Drivers/STM32F0xx_HAL_Driver/Src/stm32f0xx_hal_rcc.o
                                      0xa1e77 (size before relaxing)
 .debug_str     0x00000000000a8d5e      0x566 ./Drivers/STM32F0xx_HAL_Driver/Src/stm32f0xx_hal_spi.o
                                      0xa23c2 (size before relaxing)
 .debug_str     0x00000000000a92c4      0xdbe ./Drivers/STM32F0xx_HAL_Driver/Src/stm32f0xx_hal_tim.o
                                      0xa2e2d (size before relaxing)
 .debug_str     0x00000000000aa082      0x45a ./Drivers/STM32F0xx_HAL_Driver/Src/stm32f0xx_hal_tim_ex.o
                                      0xa25de (size before relaxing)

.comment        0x0000000000000000       0x53
 .comment       0x0000000000000000       0x53 ./Core/Src/lcd.o
                                         0x54 (size before relaxing)
 .comment       0x0000000000000053       0x54 ./Core/Src/main.o
 .comment       0x0000000000000053       0x54 ./Core/Src/menu.o
 .comment       0x0000000000000053       0x54 ./Core/Src/stm32f0xx_hal_msp.o
 .comment       0x0000000000000053       0x54 ./Core/Src/stm32f0xx_it.o
 .comment       0x0000000000000053       0x54 ./Core/Src/system_stm32f0xx.o
 .comment       0x0000000000000053       0x54 ./Drivers/STM32F0xx_HAL_Driver/Src/stm32f0xx_hal.o
 .comment       0x0000000000000053       0x54 ./Drivers/STM32F0xx_HAL_Driver/Src/stm32f0xx_hal_adc.o
 .comment       0x0000000000000053       0x54 ./Drivers/STM32F0xx_HAL_Driver/Src/stm32f0xx_hal_cortex.o
 .comment       0x0000000000000053       0x54 ./Drivers/STM32F0xx_HAL_Driver/Src/stm32f0xx_hal_dma.o
 .comment       0x0000000000000053       0x54 ./Drivers/STM32F0xx_HAL_Driver/Src/stm32f0xx_hal_gpio.o
 .comment       0x0000000000000053       0x54 ./Drivers/STM32F0xx_HAL_Driver/Src/stm32f0xx_hal_i2c.o
 .comment       0x0000000000000053       0x54 ./Drivers/STM32F0xx_HAL_Driver/Src/stm32f0xx_hal_i2c_ex.o
 .comment       0x0000000000000053       0x54 ./Drivers/STM32F0xx_HAL_Driver/Src/stm32f0xx_hal_rcc.o
 .comment       0x0000000000000053       0x54 ./Drivers/STM32F0xx_HAL_Driver/Src/stm32f0xx_hal_spi.o
 .comment       0x0000000000000053       0x54 ./Drivers/STM32F0xx_HAL_Driver/Src/stm32f0xx_hal_tim.o
 .comment       0x0000000000000053       0x54 ./Drivers/STM32F0xx_HAL_Driver/Src/stm32f0xx_hal_tim_ex.o

.debug_frame    0x0000000000000000     0x3e30
 .debug_frame   0x0000000000000000      0x368 ./Core/Src/lcd.o
 .debug_frame   0x0000000000000368      0x1dc ./Core/Src/main.o
 .debug_frame   0x0000000000000544      0x234 ./Core/Src/menu.o
 .debug_frame   0x0000000000000778      0x150 ./Core/Src/stm32f0xx_hal_msp.o
 .debug_frame   0x00000000000008c8       0xf0 ./Core/Src/stm32f0xx_it.o
 .debug_frame   0x00000000000009b8       0x4c ./Core/Src/system_stm32f0xx.o
 .debug_frame   0x0000000000000a04      0x2a4 ./Drivers/STM32F0xx_HAL_Driver/Src/stm32f0xx_hal.o
 .debug_frame   0x0000000000000ca8      0x3a0 ./Drivers/STM32F0xx_HAL_Driver/Src/stm32f0xx_hal_adc.o
 .debug_frame   0x0000000000001048      0x2a0 ./Drivers/STM32F0xx_HAL_Driver/Src/stm32f0xx_hal_cortex.o
 .debug_frame   0x00000000000012e8      0x1d0 ./Drivers/STM32F0xx_HAL_Driver/Src/stm32f0xx_hal_dma.o
 .debug_frame   0x00000000000014b8      0x110 ./Drivers/STM32F0xx_HAL_Driver/Src/stm32f0xx_hal_gpio.o
 .debug_frame   0x00000000000015c8      0xa24 ./Drivers/STM32F0xx_HAL_Driver/Src/stm32f0xx_hal_i2c.o
 .debug_frame   0x0000000000001fec       0xd0 ./Drivers/STM32F0xx_HAL_Driver/Src/stm32f0xx_hal_i2c_ex.o
 .debug_frame   0x00000000000020bc      0x198 ./Drivers/STM32F0xx_HAL_Driver/Src/stm32f0xx_hal_rcc.o
 .debug_frame   0x0000000000002254      0x710 ./Drivers/STM32F0xx_HAL_Driver/Src/stm32f0xx_hal_spi.o
 .debug_frame   0x0000000000002964      0xf00 ./Drivers/STM32F0xx_HAL_Driver/Src/stm32f0xx_hal_tim.o
 .debug_frame   0x0000000000003864      0x560 ./Drivers/STM32F0xx_HAL_Driver/Src/stm32f0xx_hal_tim_ex.o
 .debug_frame   0x0000000000003dc4       0x2c /Applications/STM32CubeIDE.app/Contents/Eclipse/plugins/com.st.stm32cube.ide.mcu.externaltools.gnu-tools-for-stm32.9-2020-q2-update.macos64_2.0.0.202105311346/tools/bin/../lib/gcc/arm-none-eabi/9.3.1/../../../../arm-none-eabi/lib/thumb/v6-m/nofp/libc_nano.a(lib_a-init.o)
 .debug_frame   0x0000000000003df0       0x20 /Applications/STM32CubeIDE.app/Contents/Eclipse/plugins/com.st.stm32cube.ide.mcu.externaltools.gnu-tools-for-stm32.9-2020-q2-update.macos64_2.0.0.202105311346/tools/bin/../lib/gcc/arm-none-eabi/9.3.1/../../../../arm-none-eabi/lib/thumb/v6-m/nofp/libc_nano.a(lib_a-memset.o)
 .debug_frame   0x0000000000003e10       0x20 /Applications/STM32CubeIDE.app/Contents/Eclipse/plugins/com.st.stm32cube.ide.mcu.externaltools.gnu-tools-for-stm32.9-2020-q2-update.macos64_2.0.0.202105311346/tools/bin/../lib/gcc/arm-none-eabi/9.3.1/thumb/v6-m/nofp/libgcc.a(_udivsi3.o)
