planner.c:53:12:subsumes	24	static
planner.c:64:17:addmod	32	static
planner.c:80:13:sgrow	48	static
planner.c:94:13:register_solver	24	static
planner.c:123:17:slookup	40	static
planner.c:138:13:signature_of_configuration	32	static
planner.c:155:17:h1	24	static
planner.c:163:17:h2	24	static
planner.c:170:13:md5hash	24	static
planner.c:179:12:md5eq	16	static
planner.c:184:13:sigcpy	16	static
planner.c:203:18:htab_lookup	48	static
planner.c:239:18:hlookup	32	static
planner.c:247:13:fill_slot	24	static
planner.c:265:13:kill_slot	16	static
planner.c:273:13:hinsert0	56	static
planner.c:292:13:rehash	40	static
planner.c:320:17:minsz	16	static
planner.c:325:17:nextsz	16	static
planner.c:330:13:hgrow	24	static
planner.c:347:13:htab_insert	64	static
planner.c:389:13:hinsert	24	static
planner.c:397:13:invoke_hook	32	static
planner.c:426:8:fftw_iestimate_cost	48	static
planner.c:444:13:evaluate_plan	32	static
planner.c:477:14:invoke_solver	48	static
planner.c:493:12:timeout_p	16	static
planner.c:518:14:search0	56	static
planner.c:572:14:search	48	static
planner.c:623:14:mkplan	136	static
planner.c:749:13:htab_destroy	16	static
planner.c:756:13:mkhashtab	16	static
planner.c:769:13:forget	16	static
planner.c:790:13:exprt	192	static
planner.c:830:12:imprt	256	static
planner.c:911:10:fftw_mkplanner	16	static
planner.c:952:6:fftw_planner_destroy	32	static
planner.c:968:7:fftw_mkplan_d	24	static
planner.c:976:7:fftw_mkplan_f_d	48	static
