main.c:74:5:main	8	static
main.c:129:6:SystemClock_Config	88	static
main.c:166:13:MX_ADC_Init	24	static
main.c:218:13:MX_I2C1_Init	8	static
main.c:264:13:MX_SPI1_Init	8	static
main.c:318:13:MX_TIM1_Init	80	static
main.c:383:13:MX_DMA_Init	16	static
main.c:401:13:MX_GPIO_Init	48	static
main.c:467:6:HAL_GPIO_EXTI_Callback	16	static
main.c:488:6:HAL_ADC_ConvHalfCpltCallback	16	static,ignoring_inline_asm
main.c:493:6:HAL_ADC_ConvCpltCallback	24	static,ignoring_inline_asm
main.c:503:6:Sample	24	static
main.c:506:6:LCD_Draw4digit	64	static
main.c:526:6:auto_tune	24	static
main.c:531:6:startmotor	8	static
main.c:535:6:stopmotor	8	static
main.c:546:6:Error_Handler	8	static,ignoring_inline_asm
