main.c:80:5:main	8	static,ignoring_inline_asm
main.c:136:6:SystemClock_Config	112	static
main.c:180:13:MX_ADC_Init	24	static
main.c:232:13:MX_I2C1_Init	8	static
main.c:278:13:MX_SPI1_Init	8	static
main.c:332:13:MX_TIM1_Init	80	static
main.c:397:13:MX_DMA_Init	16	static
main.c:415:13:MX_GPIO_Init	48	static
main.c:480:6:HAL_GPIO_EXTI_Callback	16	static
main.c:501:6:HAL_ADC_ConvHalfCpltCallback	16	static,ignoring_inline_asm
main.c:506:6:HAL_ADC_ConvCpltCallback	24	static,ignoring_inline_asm
main.c:515:6:battery	8	static
main.c:518:6:HAL_I2C_MasterRxCpltCallback	24	static
main.c:523:6:LCD_Draw4digit	64	static
main.c:543:6:LCD_Drawpin	48	static
main.c:563:6:auto_tune	24	static
main.c:568:6:startmotor	8	static
main.c:572:6:stopmotor	8	static
main.c:583:6:Error_Handler	8	static,ignoring_inline_asm
