menu.c:31:6:initialize	48	static
menu.c:131:6:menu_home	24	static
menu.c:136:6:move_right	8	static
menu.c:148:6:move_left	8	static
menu.c:161:6:display_move	56	static
menu.c:213:6:display_select	48	static
menu.c:253:6:resetSel	32	static
menu.c:263:6:Infomode	24	static
menu.c:268:6:Manualmode	24	static
menu.c:275:6:manualRotate	8	static
menu.c:279:6:autoRotate	8	static
menu.c:283:6:stepperMotor	48	static
menu.c:325:6:Tunemode	24	static
menu.c:339:6:pegDisplay	24	static
menu.c:348:9:updateToggleHistory	40	static
