menu.c:29:6:initialize	32	static
menu.c:87:6:menu_home	32	static
menu.c:99:6:displayBody	8	static
menu.c:139:6:display_move	32	static
menu.c:147:6:menu_select	48	static
menu.c:169:6:Infomode	32	static
menu.c:215:6:Info_move	32	static
menu.c:221:5:Info_select	48	static
menu.c:239:6:Manualmode	32	static
menu.c:285:6:Manual_move	32	static
menu.c:291:5:Manual_select	48	static
menu.c:317:6:stepperMotor	40	static
menu.c:354:6:Tunemode	64	static
menu.c:467:6:Tune_move	40	static
menu.c:477:5:Tune_select	48	static
menu.c:515:6:pegDisplay	32	static
menu.c:561:6:peg_move	32	static
menu.c:567:5:peg_select	48	static
menu.c:631:9:updateToggleHistory	40	static
