menu.c:29:6:initialize	32	static
menu.c:87:6:menu_home	32	static
menu.c:99:6:displayBody	8	static
menu.c:139:6:display_move	32	static
menu.c:147:6:menu_select	40	static
menu.c:166:6:Infomode	32	static
menu.c:212:6:Info_move	32	static
menu.c:218:5:Info_select	48	static
menu.c:236:6:Manualmode	32	static
menu.c:282:6:Manual_move	32	static
menu.c:288:5:Manual_select	48	static
menu.c:314:6:stepperMotor	40	static
menu.c:351:6:Tunemode	64	static
menu.c:464:6:Tune_move	40	static
menu.c:474:5:Tune_select	48	static
menu.c:512:6:pegDisplay	32	static
menu.c:558:6:peg_move	32	static
menu.c:564:5:peg_select	48	static
menu.c:628:9:updateToggleHistory	40	static
