lcd.c:31:6:nano_wait	16	static,ignoring_inline_asm
lcd.c:37:6:LCD_Reset	8	static
lcd.c:99:6:LCD_WR_REG	16	static
lcd.c:109:6:LCD_WR_DATA	16	static
lcd.c:119:6:LCD_WriteData16_Prepare	8	static
lcd.c:126:6:LCD_WriteData16	16	static
lcd.c:134:6:LCD_WriteData16_End	8	static
lcd.c:141:6:LCD_WriteReg	16	static
lcd.c:148:6:LCD_WriteRAM_Prepare	8	static
lcd.c:154:6:LCD_direction	16	static
lcd.c:185:6:LCD_Init	8	static
lcd.c:289:6:LCD_Clear	24	static
lcd.c:308:6:LCD_SetWindow	24	static
lcd.c:328:6:LCD_DrawPoint	24	static
lcd.c:339:6:LCD_DrawLine	64	static
lcd.c:378:6:LCD_DrawRectangle	32	static
lcd.c:389:6:LCD_Fill	32	static
lcd.c:407:6:LCD_DrawFillRectangle	32	static
lcd.c:412:13:_draw_circle_8	32	static
lcd.c:428:6:LCD_Circle	48	static
lcd.c:465:6:LCD_DrawTriangle	40	static
lcd.c:472:13:_swap	24	static
lcd.c:483:6:LCD_DrawFillTriangle	72	static
lcd.c:774:6:LCD_DrawChar	32	static
lcd.c:821:6:LCD_DrawString	48	static
lcd.c:836:6:LCD_DrawPicture	48	static
