main.c:97:5:main	32	static
main.c:219:6:change_pwm	88	static
main.c:270:6:menu_move	32	static
main.c:278:6:menu_select	40	static
main.c:298:6:Infomode	32	static
main.c:342:6:Info_move	32	static
main.c:348:5:Info_select	48	static
main.c:369:6:Manualmode	32	static
main.c:414:6:Manual_move	32	static
main.c:420:5:Manual_select	48	static
main.c:450:6:stepperMotor	32	static
main.c:489:6:Tunemode	64	static
main.c:601:6:Tune_move	40	static
main.c:611:5:Tune_select	48	static
main.c:644:5:pegDisplay	32	static
main.c:687:6:peg_move	32	static
main.c:693:5:peg_select	48	static
main.c:724:9:updateToggleHistory	40	static
main.c:745:6:SystemClock_Config	88	static
main.c:784:13:MX_ADC_Init	24	static
main.c:837:13:MX_I2C2_Init	8	static
main.c:884:13:MX_SPI1_Init	8	static
main.c:940:13:MX_TIM1_Init	80	static
main.c:1008:13:MX_GPIO_Init	48	static
main.c:1068:6:HAL_GPIO_EXTI2_Callback	16	static
main.c:1075:6:HAL_GPIO_EXTI3_Callback	16	static
main.c:1081:6:HAL_GPIO_EXTI4_Callback	16	static
main.c:1105:6:Error_Handler	8	static,ignoring_inline_asm
