main.c:96:5:main	32	static
main.c:205:6:change_pwm	88	static
main.c:256:6:menu_move	32	static
main.c:264:6:menu_select	40	static
main.c:284:6:Infomode	32	static
main.c:328:6:Info_move	32	static
main.c:334:5:Info_select	48	static
main.c:355:6:Manualmode	32	static
main.c:400:6:Manual_move	32	static
main.c:406:5:Manual_select	48	static
main.c:436:6:stepperMotor	24	static
main.c:462:6:Tunemode	64	static
main.c:574:6:Tune_move	40	static
main.c:584:5:Tune_select	48	static
main.c:609:5:pegDisplay	32	static
main.c:620:9:updateToggleHistory	40	static
main.c:641:6:SystemClock_Config	88	static
main.c:680:13:MX_ADC_Init	24	static
main.c:733:13:MX_I2C2_Init	8	static
main.c:780:13:MX_SPI1_Init	8	static
main.c:836:13:MX_TIM1_Init	80	static
main.c:904:13:MX_GPIO_Init	48	static
main.c:964:6:HAL_GPIO_EXTI2_Callback	16	static
main.c:971:6:HAL_GPIO_EXTI3_Callback	16	static
main.c:977:6:HAL_GPIO_EXTI4_Callback	16	static
