main.c:106:5:main	32	static
main.c:230:6:change_pwm	88	static
main.c:281:6:menu_move	32	static
main.c:289:6:menu_select	40	static
main.c:309:6:Infomode	32	static
main.c:353:6:Info_move	32	static
main.c:359:5:Info_select	48	static
main.c:380:6:Manualmode	32	static
main.c:425:6:Manual_move	32	static
main.c:431:5:Manual_select	48	static
main.c:461:6:stepperMotor	48	static
main.c:508:6:Tunemode	64	static
main.c:620:6:Tune_move	40	static
main.c:630:5:Tune_select	48	static
main.c:671:5:pegDisplay	32	static
main.c:718:6:peg_move	32	static
main.c:724:5:peg_select	64	static
main.c:782:9:updateToggleHistory	40	static
main.c:803:6:SystemClock_Config	88	static
main.c:840:13:MX_ADC_Init	24	static
main.c:892:13:MX_I2C2_Init	8	static
main.c:938:13:MX_SPI1_Init	8	static
main.c:992:13:MX_TIM1_Init	80	static
main.c:1059:13:MX_GPIO_Init	48	static
main.c:1125:6:HAL_GPIO_EXTI_Callback	16	static
main.c:1144:6:Error_Handler	8	static,ignoring_inline_asm
