main.c:96:5:main	32	static
main.c:206:6:change_pwm	88	static
main.c:257:6:menu_move	32	static
main.c:265:6:menu_select	40	static
main.c:285:6:Infomode	32	static
main.c:329:6:Info_move	32	static
main.c:335:5:Info_select	48	static
main.c:356:6:Manualmode	32	static
main.c:401:6:Manual_move	32	static
main.c:407:5:Manual_select	48	static
main.c:437:6:stepperMotor	24	static
main.c:478:6:Tunemode	64	static
main.c:590:6:Tune_move	40	static
main.c:600:5:Tune_select	48	static
main.c:628:5:pegDisplay	24	static
main.c:648:9:updateToggleHistory	40	static
main.c:669:6:SystemClock_Config	88	static
main.c:708:13:MX_ADC_Init	24	static
main.c:761:13:MX_I2C2_Init	8	static
main.c:808:13:MX_SPI1_Init	8	static
main.c:864:13:MX_TIM1_Init	80	static
main.c:932:13:MX_GPIO_Init	48	static
main.c:992:6:HAL_GPIO_EXTI2_Callback	16	static
main.c:999:6:HAL_GPIO_EXTI3_Callback	16	static
main.c:1005:6:HAL_GPIO_EXTI4_Callback	16	static
main.c:1029:6:Error_Handler	8	static,ignoring_inline_asm
