main.c:110:5:main	32	static
main.c:165:6:startmotor	8	static
main.c:169:6:stopmotor	8	static
main.c:174:6:change_pwm	88	static
main.c:231:6:SystemClock_Config	88	static
main.c:268:13:MX_ADC_Init	24	static
main.c:320:13:MX_I2C2_Init	8	static
main.c:366:13:MX_SPI1_Init	8	static
main.c:420:13:MX_TIM1_Init	80	static
main.c:485:13:MX_DMA_Init	16	static
main.c:503:13:MX_GPIO_Init	48	static
main.c:563:6:HAL_GPIO_EXTI_Callback	16	static
main.c:578:6:HAL_ADC_ConvHalfCpltCallback	16	static
main.c:583:6:HAL_ADC_ConvCpltCallback	16	static
main.c:594:6:Error_Handler	8	static,ignoring_inline_asm
