main.c:96:5:main	32	static
main.c:205:6:change_pwm	88	static
main.c:263:6:menu_move	32	static
main.c:271:6:menu_select	40	static
main.c:291:6:Infomode	32	static
main.c:335:6:Info_move	32	static
main.c:341:5:Info_select	48	static
main.c:362:6:Manualmode	32	static
main.c:407:6:Manual_move	32	static
main.c:413:5:Manual_select	48	static
main.c:442:6:stepperMotor	24	static
main.c:462:6:Tunemode	64	static
main.c:577:6:Tune_move	40	static
main.c:587:5:Tune_select	48	static
main.c:609:9:updateToggleHistory	40	static
main.c:635:6:SystemClock_Config	88	static
main.c:672:13:MX_ADC_Init	24	static
main.c:724:13:MX_I2C2_Init	8	static
main.c:770:13:MX_SPI1_Init	8	static
main.c:824:13:MX_TIM1_Init	80	static
main.c:891:13:MX_GPIO_Init	48	static
main.c:945:6:Error_Handler	8	static,ignoring_inline_asm
