main.c:110:5:main	32	static
main.c:166:6:startmotor	8	static
main.c:170:6:stopmotor	8	static
main.c:175:6:change_pwm	88	static
main.c:232:6:SystemClock_Config	88	static
main.c:269:13:MX_ADC_Init	24	static
main.c:321:13:MX_I2C2_Init	8	static
main.c:367:13:MX_SPI1_Init	8	static
main.c:421:13:MX_TIM1_Init	80	static
main.c:486:13:MX_DMA_Init	16	static
main.c:504:13:MX_GPIO_Init	48	static
main.c:564:6:HAL_GPIO_EXTI_Callback	16	static
main.c:579:6:HAL_ADC_ConvHalfCpltCallback	16	static,ignoring_inline_asm
main.c:584:6:HAL_ADC_ConvCpltCallback	16	static,ignoring_inline_asm
main.c:596:6:Error_Handler	8	static,ignoring_inline_asm
