main.c:96:5:main	32	static
main.c:218:6:change_pwm	88	static
main.c:269:6:menu_move	32	static
main.c:277:6:menu_select	40	static
main.c:297:6:Infomode	32	static
main.c:341:6:Info_move	32	static
main.c:347:5:Info_select	48	static
main.c:368:6:Manualmode	32	static
main.c:413:6:Manual_move	32	static
main.c:419:5:Manual_select	48	static
main.c:449:6:stepperMotor	24	static
main.c:488:6:Tunemode	64	static
main.c:600:6:Tune_move	40	static
main.c:610:5:Tune_select	48	static
main.c:643:5:pegDisplay	32	static
main.c:686:6:peg_move	32	static
main.c:692:5:peg_select	48	static
main.c:723:9:updateToggleHistory	40	static
main.c:744:6:SystemClock_Config	88	static
main.c:781:13:MX_ADC_Init	24	static
main.c:833:13:MX_I2C2_Init	8	static
main.c:879:13:MX_SPI1_Init	8	static
main.c:933:13:MX_TIM1_Init	80	static
main.c:1000:13:MX_GPIO_Init	48	static
main.c:1060:6:HAL_GPIO_EXTI2_Callback	16	static
main.c:1067:6:HAL_GPIO_EXTI3_Callback	16	static
main.c:1073:6:HAL_GPIO_EXTI4_Callback	16	static
main.c:1096:6:Error_Handler	8	static,ignoring_inline_asm
