main.c:96:5:main	32	static
main.c:191:6:menu_move	32	static
main.c:199:6:menu_select	40	static
main.c:219:6:Infomode	32	static
main.c:263:6:Info_move	32	static
main.c:269:5:Info_select	48	static
main.c:290:6:Manualmode	32	static
main.c:335:6:Manual_move	32	static
main.c:341:5:Manual_select	48	static
main.c:366:6:stepperMotor	32	static
main.c:389:6:Tunemode	64	static
main.c:504:6:Tune_move	40	static
main.c:514:5:Tune_select	48	static
main.c:536:9:updateToggleHistory	40	static
main.c:562:6:SystemClock_Config	88	static
main.c:599:13:MX_ADC_Init	24	static
main.c:651:13:MX_I2C2_Init	8	static
main.c:697:13:MX_SPI1_Init	8	static
main.c:751:13:MX_TIM1_Init	80	static
main.c:818:13:MX_GPIO_Init	48	static
main.c:872:6:Error_Handler	8	static,ignoring_inline_asm
