main.c:96:5:main	32	static
main.c:206:6:change_pwm	88	static
main.c:264:6:menu_move	32	static
main.c:272:6:menu_select	40	static
main.c:292:6:Infomode	32	static
main.c:336:6:Info_move	32	static
main.c:342:5:Info_select	48	static
main.c:363:6:Manualmode	32	static
main.c:408:6:Manual_move	32	static
main.c:414:5:Manual_select	48	static
main.c:444:6:stepperMotor	24	static
main.c:467:6:Tunemode	64	static
main.c:582:6:Tune_move	40	static
main.c:592:5:Tune_select	48	static
main.c:614:9:updateToggleHistory	40	static
main.c:640:6:SystemClock_Config	88	static
main.c:677:13:MX_ADC_Init	24	static
main.c:729:13:MX_I2C2_Init	8	static
main.c:775:13:MX_SPI1_Init	8	static
main.c:829:13:MX_TIM1_Init	80	static
main.c:896:13:MX_GPIO_Init	48	static
main.c:950:6:Error_Handler	8	static,ignoring_inline_asm
