main.c:96:5:main	32	static
main.c:187:6:menu_move	32	static
main.c:195:6:menu_select	40	static
main.c:215:6:Infomode	32	static
main.c:259:6:Info_move	32	static
main.c:265:5:Info_select	48	static
main.c:285:6:Manualmode	32	static
main.c:328:6:Manual_move	32	static
main.c:334:5:Manual_select	48	static
main.c:357:6:stepperMotor	32	static
main.c:380:6:Tunemode	64	static
main.c:487:6:Tune_move	40	static
main.c:497:5:Tune_select	48	static
main.c:517:9:updateToggleHistory	40	static
main.c:543:6:SystemClock_Config	88	static
main.c:580:13:MX_ADC_Init	24	static
main.c:632:13:MX_I2C2_Init	8	static
main.c:678:13:MX_SPI1_Init	8	static
main.c:732:13:MX_TIM1_Init	80	static
main.c:799:13:MX_GPIO_Init	48	static
main.c:853:6:Error_Handler	8	static,ignoring_inline_asm
