main.c:109:5:main	32	static
main.c:200:6:change_pwm	88	static
main.c:251:6:menu_move	32	static
main.c:259:6:menu_select	40	static
main.c:279:6:Infomode	32	static
main.c:323:6:Info_move	32	static
main.c:329:5:Info_select	48	static
main.c:350:6:Manualmode	32	static
main.c:395:6:Manual_move	32	static
main.c:401:5:Manual_select	48	static
main.c:431:6:stepperMotor	48	static
main.c:478:6:Tunemode	64	static
main.c:590:6:Tune_move	40	static
main.c:600:5:Tune_select	48	static
main.c:641:5:pegDisplay	32	static
main.c:688:6:peg_move	32	static
main.c:694:5:peg_select	64	static
main.c:752:9:updateToggleHistory	40	static
main.c:773:6:SystemClock_Config	88	static
main.c:810:13:MX_ADC_Init	24	static
main.c:862:13:MX_I2C2_Init	8	static
main.c:908:13:MX_SPI1_Init	8	static
main.c:962:13:MX_TIM1_Init	80	static
main.c:1027:13:MX_DMA_Init	16	static
main.c:1045:13:MX_GPIO_Init	48	static
main.c:1105:6:HAL_GPIO_EXTI_Callback	16	static
main.c:1120:6:HAL_ADC_ConvHalfCpltCallback	16	static
main.c:1125:6:HAL_ADC_ConvCpltCallback	16	static
main.c:1136:6:Error_Handler	8	static,ignoring_inline_asm
