00:42:23 **** Incremental Build of configuration Debug for project ADC_test ****
make -j3 all 
arm-none-eabi-gcc "../Core/Src/main.c" -mcpu=cortex-m0 -std=gnu11 -g -DDEBUG -DSTM32F091xC -DUSE_HAL_DRIVER -c -I../Drivers/STM32F0xx_HAL_Driver/Inc -I/usr/local/include -I../Drivers/CMSIS/Include -I../Core/Inc -I../Drivers/STM32F0xx_HAL_Driver/Inc/Legacy -I../Drivers/CMSIS/Device/ST/STM32F0xx/Include -I/usr/local/lib -O0 -ffunction-sections -fdata-sections -Wall -fstack-usage -MMD -MP -MF"Core/Src/main.d" -MT"Core/Src/main.o" --specs=nano.specs -mfloat-abi=soft -mthumb -o "Core/Src/main.o"
../Core/Src/main.c: In function 'main':
../Core/Src/main.c:125:16: warning: unused variable 're' [-Wunused-variable]
  125 |   fftw_complex re;
      |                ^~
../Core/Src/main.c: In function 'HAL_ADC_ConvCpltCallback':
../Core/Src/main.c:502:28: warning: passing argument 4 of 'LCD_Draw4digit' from incompatible pointer type [-Wincompatible-pointer-types]
  502 |    LCD_Draw4digit(i, 0, i, adc_buf);
      |                            ^~~~~~~
      |                            |
      |                            uint32_t * {aka long unsigned int *}
In file included from ../Core/Src/main.c:26:
../Core/Src/lcd.h:81:58: note: expected 'uint8_t *' {aka 'unsigned char *'} but argument is of type 'uint32_t *' {aka 'long unsigned int *'}
   81 | void LCD_Draw4digit(int idx, int side, int row, uint8_t *buff);
      |                                                 ~~~~~~~~~^~~~
../Core/Src/main.c:504:32: warning: passing argument 4 of 'LCD_Draw4digit' from incompatible pointer type [-Wincompatible-pointer-types]
  504 |      LCD_Draw4digit(i, 1, i-5, adc_buf);
      |                                ^~~~~~~
      |                                |
      |                                uint32_t * {aka long unsigned int *}
In file included from ../Core/Src/main.c:26:
../Core/Src/lcd.h:81:58: note: expected 'uint8_t *' {aka 'unsigned char *'} but argument is of type 'uint32_t *' {aka 'long unsigned int *'}
   81 | void LCD_Draw4digit(int idx, int side, int row, uint8_t *buff);
      |                                                 ~~~~~~~~~^~~~
../Core/Src/main.c: In function 'battery':
../Core/Src/main.c:507:41: warning: passing argument 3 of 'HAL_I2C_Master_Receive_IT' from incompatible pointer type [-Wincompatible-pointer-types]
  507 |  HAL_I2C_Master_Receive_IT(&hi2c1, 100, batbuf, I2C_BUF_LEN);
      |                                         ^~~~~~
      |                                         |
      |                                         uint32_t * {aka long unsigned int *}
In file included from ../Core/Inc/stm32f0xx_hal_conf.h:241,
                 from ../Drivers/STM32F0xx_HAL_Driver/Inc/stm32f0xx_hal.h:30,
                 from ../Core/Inc/main.h:30,
                 from ../Core/Src/main.c:20:
../Drivers/STM32F0xx_HAL_Driver/Inc/stm32f0xx_hal_i2c.h:640:100: note: expected 'uint8_t *' {aka 'unsigned char *'} but argument is of type 'uint32_t *' {aka 'long unsigned int *'}
  640 | HAL_StatusTypeDef HAL_I2C_Master_Receive_IT(I2C_HandleTypeDef *hi2c, uint16_t DevAddress, uint8_t *pData,
      |                                                                                           ~~~~~~~~~^~~~~
../Core/Src/main.c: In function 'HAL_I2C_MasterRxCpltCallback':
../Core/Src/main.c:512:27: warning: passing argument 4 of 'LCD_Draw4digit' from incompatible pointer type [-Wincompatible-pointer-types]
  512 |   LCD_Draw4digit(i, 0, i, batbuf);
      |                           ^~~~~~
      |                           |
      |                           uint32_t * {aka long unsigned int *}
In file included from ../Core/Src/main.c:26:
../Core/Src/lcd.h:81:58: note: expected 'uint8_t *' {aka 'unsigned char *'} but argument is of type 'uint32_t *' {aka 'long unsigned int *'}
   81 | void LCD_Draw4digit(int idx, int side, int row, uint8_t *buff);
      |                                                 ~~~~~~~~~^~~~
arm-none-eabi-gcc -o "ADC_test.elf" @"objects.list"  -Wl,--start-group -lfftw3 -Wl,--end-group -mcpu=cortex-m0 -T"/Users/markscheker/OneDrive - purdue.edu/Senior year/spring2022/ADC_test/ADC_test/STM32F091RCTX_FLASH.ld" --specs=nosys.specs -Wl,-Map="ADC_test.map" -Wl,--gc-sections -static -L/usr/local/lib -L/usr/local/include --specs=nano.specs -mfloat-abi=soft -mthumb -Wl,--start-group -lc -lm -Wl,--end-group
Finished building target: ADC_test.elf
 
arm-none-eabi-size   ADC_test.elf 
arm-none-eabi-objdump -h -S  ADC_test.elf  > "ADC_test.list"
arm-none-eabi-objcopy  -O binary  ADC_test.elf  "ADC_test.bin"
   text	   data	    bss	    dec	    hex	filename
  34024	    244	   2084	  36352	   8e00	ADC_test.elf
Finished building: default.size.stdout
 
Finished building: ADC_test.bin
 
Finished building: ADC_test.list
 

00:42:25 Build Finished. 0 errors, 5 warnings. (took 1s.918ms)

