15:04:30 **** Incremental Build of configuration Debug for project ADC_test ****
make -j3 all 
arm-none-eabi-gcc "../Core/Src/main.c" -mcpu=cortex-m0 -std=gnu11 -g3 -DDEBUG -DUSE_HAL_DRIVER -DSTM32F091xC -c -I../Core/Inc -I../Drivers/STM32F0xx_HAL_Driver/Inc -I../Drivers/STM32F0xx_HAL_Driver/Inc/Legacy -I../Drivers/CMSIS/Device/ST/STM32F0xx/Include -I../Drivers/CMSIS/Include -O0 -ffunction-sections -fdata-sections -Wall -fstack-usage -MMD -MP -MF"Core/Src/main.d" -MT"Core/Src/main.o" --specs=nano.specs -mfloat-abi=soft -mthumb -o "Core/Src/main.o"
../Core/Src/main.c: In function 'auto_tune':
../Core/Src/main.c:490:16: warning: passing argument 2 of 'Sample' from incompatible pointer type [-Wincompatible-pointer-types]
  490 |  Sample(&hadc, &adc_buf, ADC_BUF_LEN);
      |                ^~~~~~~~
      |                |
      |                uint16_t (*)[10] {aka short unsigned int (*)[10]}
../Core/Src/main.c:485:48: note: expected 'uint16_t *' {aka 'short unsigned int *'} but argument is of type 'uint16_t (*)[10]' {aka 'short unsigned int (*)[10]'}
  485 | void Sample(ADC_HandleTypeDef* hadc, uint16_t* adc_buf, uint32_t buf_len) {
      |                                      ~~~~~~~~~~^~~~~~~
arm-none-eabi-gcc -o "ADC_test.elf" @"objects.list"   -mcpu=cortex-m0 -T"/Users/markscheker/OneDrive - purdue.edu/Senior year/spring2022/ADC_test/ADC_test/STM32F091RCTX_FLASH.ld" --specs=nosys.specs -Wl,-Map="ADC_test.map" -Wl,--gc-sections -static --specs=nano.specs -mfloat-abi=soft -mthumb -Wl,--start-group -lc -lm -Wl,--end-group
Finished building target: ADC_test.elf
 
arm-none-eabi-size   ADC_test.elf 
arm-none-eabi-objdump -h -S  ADC_test.elf  > "ADC_test.list"
arm-none-eabi-objcopy  -O binary  ADC_test.elf  "ADC_test.bin"
   text	   data	    bss	    dec	    hex	filename
  12344	     20	   1988	  14352	   3810	ADC_test.elf
Finished building: default.size.stdout
 
Finished building: ADC_test.bin
 
Finished building: ADC_test.list
 
15:04:37 **** Incremental Build of configuration Debug for project ADC_test ****
make -j3 all 
arm-none-eabi-size   ADC_test.elf 
   text	   data	    bss	    dec	    hex	filename
  12344	     20	   1988	  14352	   3810	ADC_test.elf
Finished building: default.size.stdout
 
15:05:09 **** Incremental Build of configuration Debug for project ADC_test ****
make -j3 all 
arm-none-eabi-size   ADC_test.elf 
   text	   data	    bss	    dec	    hex	filename
  12344	     20	   1988	  14352	   3810	ADC_test.elf
Finished building: default.size.stdout
 
