14:29:13 **** Incremental Build of configuration Debug for project ADC_test ****
make -j3 all 
arm-none-eabi-gcc "../Drivers/STM32F0xx_HAL_Driver/Src/stm32f0xx_hal.c" -mcpu=cortex-m0 -std=gnu11 -g3 -DDEBUG -DUSE_HAL_DRIVER -DSTM32F091xC -c -I../Core/Inc -I../Drivers/STM32F0xx_HAL_Driver/Inc -I../Drivers/STM32F0xx_HAL_Driver/Inc/Legacy -I../Drivers/CMSIS/Device/ST/STM32F0xx/Include -I../Drivers/CMSIS/Include -O0 -ffunction-sections -fdata-sections -Wall -fstack-usage -MMD -MP -MF"Drivers/STM32F0xx_HAL_Driver/Src/stm32f0xx_hal.d" -MT"Drivers/STM32F0xx_HAL_Driver/Src/stm32f0xx_hal.o" --specs=nano.specs -mfloat-abi=soft -mthumb -o "Drivers/STM32F0xx_HAL_Driver/Src/stm32f0xx_hal.o"
arm-none-eabi-gcc "../Drivers/STM32F0xx_HAL_Driver/Src/stm32f0xx_hal_adc.c" -mcpu=cortex-m0 -std=gnu11 -g3 -DDEBUG -DUSE_HAL_DRIVER -DSTM32F091xC -c -I../Core/Inc -I../Drivers/STM32F0xx_HAL_Driver/Inc -I../Drivers/STM32F0xx_HAL_Driver/Inc/Legacy -I../Drivers/CMSIS/Device/ST/STM32F0xx/Include -I../Drivers/CMSIS/Include -O0 -ffunction-sections -fdata-sections -Wall -fstack-usage -MMD -MP -MF"Drivers/STM32F0xx_HAL_Driver/Src/stm32f0xx_hal_adc.d" -MT"Drivers/STM32F0xx_HAL_Driver/Src/stm32f0xx_hal_adc.o" --specs=nano.specs -mfloat-abi=soft -mthumb -o "Drivers/STM32F0xx_HAL_Driver/Src/stm32f0xx_hal_adc.o"
arm-none-eabi-gcc "../Drivers/STM32F0xx_HAL_Driver/Src/stm32f0xx_hal_adc_ex.c" -mcpu=cortex-m0 -std=gnu11 -g3 -DDEBUG -DUSE_HAL_DRIVER -DSTM32F091xC -c -I../Core/Inc -I../Drivers/STM32F0xx_HAL_Driver/Inc -I../Drivers/STM32F0xx_HAL_Driver/Inc/Legacy -I../Drivers/CMSIS/Device/ST/STM32F0xx/Include -I../Drivers/CMSIS/Include -O0 -ffunction-sections -fdata-sections -Wall -fstack-usage -MMD -MP -MF"Drivers/STM32F0xx_HAL_Driver/Src/stm32f0xx_hal_adc_ex.d" -MT"Drivers/STM32F0xx_HAL_Driver/Src/stm32f0xx_hal_adc_ex.o" --specs=nano.specs -mfloat-abi=soft -mthumb -o "Drivers/STM32F0xx_HAL_Driver/Src/stm32f0xx_hal_adc_ex.o"
arm-none-eabi-gcc "../Drivers/STM32F0xx_HAL_Driver/Src/stm32f0xx_hal_cortex.c" -mcpu=cortex-m0 -std=gnu11 -g3 -DDEBUG -DUSE_HAL_DRIVER -DSTM32F091xC -c -I../Core/Inc -I../Drivers/STM32F0xx_HAL_Driver/Inc -I../Drivers/STM32F0xx_HAL_Driver/Inc/Legacy -I../Drivers/CMSIS/Device/ST/STM32F0xx/Include -I../Drivers/CMSIS/Include -O0 -ffunction-sections -fdata-sections -Wall -fstack-usage -MMD -MP -MF"Drivers/STM32F0xx_HAL_Driver/Src/stm32f0xx_hal_cortex.d" -MT"Drivers/STM32F0xx_HAL_Driver/Src/stm32f0xx_hal_cortex.o" --specs=nano.specs -mfloat-abi=soft -mthumb -o "Drivers/STM32F0xx_HAL_Driver/Src/stm32f0xx_hal_cortex.o"
arm-none-eabi-gcc "../Drivers/STM32F0xx_HAL_Driver/Src/stm32f0xx_hal_dma.c" -mcpu=cortex-m0 -std=gnu11 -g3 -DDEBUG -DUSE_HAL_DRIVER -DSTM32F091xC -c -I../Core/Inc -I../Drivers/STM32F0xx_HAL_Driver/Inc -I../Drivers/STM32F0xx_HAL_Driver/Inc/Legacy -I../Drivers/CMSIS/Device/ST/STM32F0xx/Include -I../Drivers/CMSIS/Include -O0 -ffunction-sections -fdata-sections -Wall -fstack-usage -MMD -MP -MF"Drivers/STM32F0xx_HAL_Driver/Src/stm32f0xx_hal_dma.d" -MT"Drivers/STM32F0xx_HAL_Driver/Src/stm32f0xx_hal_dma.o" --specs=nano.specs -mfloat-abi=soft -mthumb -o "Drivers/STM32F0xx_HAL_Driver/Src/stm32f0xx_hal_dma.o"
arm-none-eabi-gcc "../Drivers/STM32F0xx_HAL_Driver/Src/stm32f0xx_hal_exti.c" -mcpu=cortex-m0 -std=gnu11 -g3 -DDEBUG -DUSE_HAL_DRIVER -DSTM32F091xC -c -I../Core/Inc -I../Drivers/STM32F0xx_HAL_Driver/Inc -I../Drivers/STM32F0xx_HAL_Driver/Inc/Legacy -I../Drivers/CMSIS/Device/ST/STM32F0xx/Include -I../Drivers/CMSIS/Include -O0 -ffunction-sections -fdata-sections -Wall -fstack-usage -MMD -MP -MF"Drivers/STM32F0xx_HAL_Driver/Src/stm32f0xx_hal_exti.d" -MT"Drivers/STM32F0xx_HAL_Driver/Src/stm32f0xx_hal_exti.o" --specs=nano.specs -mfloat-abi=soft -mthumb -o "Drivers/STM32F0xx_HAL_Driver/Src/stm32f0xx_hal_exti.o"
arm-none-eabi-gcc "../Drivers/STM32F0xx_HAL_Driver/Src/stm32f0xx_hal_flash.c" -mcpu=cortex-m0 -std=gnu11 -g3 -DDEBUG -DUSE_HAL_DRIVER -DSTM32F091xC -c -I../Core/Inc -I../Drivers/STM32F0xx_HAL_Driver/Inc -I../Drivers/STM32F0xx_HAL_Driver/Inc/Legacy -I../Drivers/CMSIS/Device/ST/STM32F0xx/Include -I../Drivers/CMSIS/Include -O0 -ffunction-sections -fdata-sections -Wall -fstack-usage -MMD -MP -MF"Drivers/STM32F0xx_HAL_Driver/Src/stm32f0xx_hal_flash.d" -MT"Drivers/STM32F0xx_HAL_Driver/Src/stm32f0xx_hal_flash.o" --specs=nano.specs -mfloat-abi=soft -mthumb -o "Drivers/STM32F0xx_HAL_Driver/Src/stm32f0xx_hal_flash.o"
arm-none-eabi-gcc "../Drivers/STM32F0xx_HAL_Driver/Src/stm32f0xx_hal_flash_ex.c" -mcpu=cortex-m0 -std=gnu11 -g3 -DDEBUG -DUSE_HAL_DRIVER -DSTM32F091xC -c -I../Core/Inc -I../Drivers/STM32F0xx_HAL_Driver/Inc -I../Drivers/STM32F0xx_HAL_Driver/Inc/Legacy -I../Drivers/CMSIS/Device/ST/STM32F0xx/Include -I../Drivers/CMSIS/Include -O0 -ffunction-sections -fdata-sections -Wall -fstack-usage -MMD -MP -MF"Drivers/STM32F0xx_HAL_Driver/Src/stm32f0xx_hal_flash_ex.d" -MT"Drivers/STM32F0xx_HAL_Driver/Src/stm32f0xx_hal_flash_ex.o" --specs=nano.specs -mfloat-abi=soft -mthumb -o "Drivers/STM32F0xx_HAL_Driver/Src/stm32f0xx_hal_flash_ex.o"
arm-none-eabi-gcc "../Drivers/STM32F0xx_HAL_Driver/Src/stm32f0xx_hal_gpio.c" -mcpu=cortex-m0 -std=gnu11 -g3 -DDEBUG -DUSE_HAL_DRIVER -DSTM32F091xC -c -I../Core/Inc -I../Drivers/STM32F0xx_HAL_Driver/Inc -I../Drivers/STM32F0xx_HAL_Driver/Inc/Legacy -I../Drivers/CMSIS/Device/ST/STM32F0xx/Include -I../Drivers/CMSIS/Include -O0 -ffunction-sections -fdata-sections -Wall -fstack-usage -MMD -MP -MF"Drivers/STM32F0xx_HAL_Driver/Src/stm32f0xx_hal_gpio.d" -MT"Drivers/STM32F0xx_HAL_Driver/Src/stm32f0xx_hal_gpio.o" --specs=nano.specs -mfloat-abi=soft -mthumb -o "Drivers/STM32F0xx_HAL_Driver/Src/stm32f0xx_hal_gpio.o"
arm-none-eabi-gcc "../Drivers/STM32F0xx_HAL_Driver/Src/stm32f0xx_hal_i2c.c" -mcpu=cortex-m0 -std=gnu11 -g3 -DDEBUG -DUSE_HAL_DRIVER -DSTM32F091xC -c -I../Core/Inc -I../Drivers/STM32F0xx_HAL_Driver/Inc -I../Drivers/STM32F0xx_HAL_Driver/Inc/Legacy -I../Drivers/CMSIS/Device/ST/STM32F0xx/Include -I../Drivers/CMSIS/Include -O0 -ffunction-sections -fdata-sections -Wall -fstack-usage -MMD -MP -MF"Drivers/STM32F0xx_HAL_Driver/Src/stm32f0xx_hal_i2c.d" -MT"Drivers/STM32F0xx_HAL_Driver/Src/stm32f0xx_hal_i2c.o" --specs=nano.specs -mfloat-abi=soft -mthumb -o "Drivers/STM32F0xx_HAL_Driver/Src/stm32f0xx_hal_i2c.o"
arm-none-eabi-gcc "../Drivers/STM32F0xx_HAL_Driver/Src/stm32f0xx_hal_i2c_ex.c" -mcpu=cortex-m0 -std=gnu11 -g3 -DDEBUG -DUSE_HAL_DRIVER -DSTM32F091xC -c -I../Core/Inc -I../Drivers/STM32F0xx_HAL_Driver/Inc -I../Drivers/STM32F0xx_HAL_Driver/Inc/Legacy -I../Drivers/CMSIS/Device/ST/STM32F0xx/Include -I../Drivers/CMSIS/Include -O0 -ffunction-sections -fdata-sections -Wall -fstack-usage -MMD -MP -MF"Drivers/STM32F0xx_HAL_Driver/Src/stm32f0xx_hal_i2c_ex.d" -MT"Drivers/STM32F0xx_HAL_Driver/Src/stm32f0xx_hal_i2c_ex.o" --specs=nano.specs -mfloat-abi=soft -mthumb -o "Drivers/STM32F0xx_HAL_Driver/Src/stm32f0xx_hal_i2c_ex.o"
arm-none-eabi-gcc "../Drivers/STM32F0xx_HAL_Driver/Src/stm32f0xx_hal_pwr.c" -mcpu=cortex-m0 -std=gnu11 -g3 -DDEBUG -DUSE_HAL_DRIVER -DSTM32F091xC -c -I../Core/Inc -I../Drivers/STM32F0xx_HAL_Driver/Inc -I../Drivers/STM32F0xx_HAL_Driver/Inc/Legacy -I../Drivers/CMSIS/Device/ST/STM32F0xx/Include -I../Drivers/CMSIS/Include -O0 -ffunction-sections -fdata-sections -Wall -fstack-usage -MMD -MP -MF"Drivers/STM32F0xx_HAL_Driver/Src/stm32f0xx_hal_pwr.d" -MT"Drivers/STM32F0xx_HAL_Driver/Src/stm32f0xx_hal_pwr.o" --specs=nano.specs -mfloat-abi=soft -mthumb -o "Drivers/STM32F0xx_HAL_Driver/Src/stm32f0xx_hal_pwr.o"
arm-none-eabi-gcc "../Drivers/STM32F0xx_HAL_Driver/Src/stm32f0xx_hal_pwr_ex.c" -mcpu=cortex-m0 -std=gnu11 -g3 -DDEBUG -DUSE_HAL_DRIVER -DSTM32F091xC -c -I../Core/Inc -I../Drivers/STM32F0xx_HAL_Driver/Inc -I../Drivers/STM32F0xx_HAL_Driver/Inc/Legacy -I../Drivers/CMSIS/Device/ST/STM32F0xx/Include -I../Drivers/CMSIS/Include -O0 -ffunction-sections -fdata-sections -Wall -fstack-usage -MMD -MP -MF"Drivers/STM32F0xx_HAL_Driver/Src/stm32f0xx_hal_pwr_ex.d" -MT"Drivers/STM32F0xx_HAL_Driver/Src/stm32f0xx_hal_pwr_ex.o" --specs=nano.specs -mfloat-abi=soft -mthumb -o "Drivers/STM32F0xx_HAL_Driver/Src/stm32f0xx_hal_pwr_ex.o"
arm-none-eabi-gcc "../Drivers/STM32F0xx_HAL_Driver/Src/stm32f0xx_hal_rcc.c" -mcpu=cortex-m0 -std=gnu11 -g3 -DDEBUG -DUSE_HAL_DRIVER -DSTM32F091xC -c -I../Core/Inc -I../Drivers/STM32F0xx_HAL_Driver/Inc -I../Drivers/STM32F0xx_HAL_Driver/Inc/Legacy -I../Drivers/CMSIS/Device/ST/STM32F0xx/Include -I../Drivers/CMSIS/Include -O0 -ffunction-sections -fdata-sections -Wall -fstack-usage -MMD -MP -MF"Drivers/STM32F0xx_HAL_Driver/Src/stm32f0xx_hal_rcc.d" -MT"Drivers/STM32F0xx_HAL_Driver/Src/stm32f0xx_hal_rcc.o" --specs=nano.specs -mfloat-abi=soft -mthumb -o "Drivers/STM32F0xx_HAL_Driver/Src/stm32f0xx_hal_rcc.o"
arm-none-eabi-gcc "../Drivers/STM32F0xx_HAL_Driver/Src/stm32f0xx_hal_rcc_ex.c" -mcpu=cortex-m0 -std=gnu11 -g3 -DDEBUG -DUSE_HAL_DRIVER -DSTM32F091xC -c -I../Core/Inc -I../Drivers/STM32F0xx_HAL_Driver/Inc -I../Drivers/STM32F0xx_HAL_Driver/Inc/Legacy -I../Drivers/CMSIS/Device/ST/STM32F0xx/Include -I../Drivers/CMSIS/Include -O0 -ffunction-sections -fdata-sections -Wall -fstack-usage -MMD -MP -MF"Drivers/STM32F0xx_HAL_Driver/Src/stm32f0xx_hal_rcc_ex.d" -MT"Drivers/STM32F0xx_HAL_Driver/Src/stm32f0xx_hal_rcc_ex.o" --specs=nano.specs -mfloat-abi=soft -mthumb -o "Drivers/STM32F0xx_HAL_Driver/Src/stm32f0xx_hal_rcc_ex.o"
arm-none-eabi-gcc "../Drivers/STM32F0xx_HAL_Driver/Src/stm32f0xx_hal_spi.c" -mcpu=cortex-m0 -std=gnu11 -g3 -DDEBUG -DUSE_HAL_DRIVER -DSTM32F091xC -c -I../Core/Inc -I../Drivers/STM32F0xx_HAL_Driver/Inc -I../Drivers/STM32F0xx_HAL_Driver/Inc/Legacy -I../Drivers/CMSIS/Device/ST/STM32F0xx/Include -I../Drivers/CMSIS/Include -O0 -ffunction-sections -fdata-sections -Wall -fstack-usage -MMD -MP -MF"Drivers/STM32F0xx_HAL_Driver/Src/stm32f0xx_hal_spi.d" -MT"Drivers/STM32F0xx_HAL_Driver/Src/stm32f0xx_hal_spi.o" --specs=nano.specs -mfloat-abi=soft -mthumb -o "Drivers/STM32F0xx_HAL_Driver/Src/stm32f0xx_hal_spi.o"
arm-none-eabi-gcc "../Drivers/STM32F0xx_HAL_Driver/Src/stm32f0xx_hal_spi_ex.c" -mcpu=cortex-m0 -std=gnu11 -g3 -DDEBUG -DUSE_HAL_DRIVER -DSTM32F091xC -c -I../Core/Inc -I../Drivers/STM32F0xx_HAL_Driver/Inc -I../Drivers/STM32F0xx_HAL_Driver/Inc/Legacy -I../Drivers/CMSIS/Device/ST/STM32F0xx/Include -I../Drivers/CMSIS/Include -O0 -ffunction-sections -fdata-sections -Wall -fstack-usage -MMD -MP -MF"Drivers/STM32F0xx_HAL_Driver/Src/stm32f0xx_hal_spi_ex.d" -MT"Drivers/STM32F0xx_HAL_Driver/Src/stm32f0xx_hal_spi_ex.o" --specs=nano.specs -mfloat-abi=soft -mthumb -o "Drivers/STM32F0xx_HAL_Driver/Src/stm32f0xx_hal_spi_ex.o"
arm-none-eabi-gcc "../Drivers/STM32F0xx_HAL_Driver/Src/stm32f0xx_hal_tim.c" -mcpu=cortex-m0 -std=gnu11 -g3 -DDEBUG -DUSE_HAL_DRIVER -DSTM32F091xC -c -I../Core/Inc -I../Drivers/STM32F0xx_HAL_Driver/Inc -I../Drivers/STM32F0xx_HAL_Driver/Inc/Legacy -I../Drivers/CMSIS/Device/ST/STM32F0xx/Include -I../Drivers/CMSIS/Include -O0 -ffunction-sections -fdata-sections -Wall -fstack-usage -MMD -MP -MF"Drivers/STM32F0xx_HAL_Driver/Src/stm32f0xx_hal_tim.d" -MT"Drivers/STM32F0xx_HAL_Driver/Src/stm32f0xx_hal_tim.o" --specs=nano.specs -mfloat-abi=soft -mthumb -o "Drivers/STM32F0xx_HAL_Driver/Src/stm32f0xx_hal_tim.o"
arm-none-eabi-gcc "../Drivers/STM32F0xx_HAL_Driver/Src/stm32f0xx_hal_tim_ex.c" -mcpu=cortex-m0 -std=gnu11 -g3 -DDEBUG -DUSE_HAL_DRIVER -DSTM32F091xC -c -I../Core/Inc -I../Drivers/STM32F0xx_HAL_Driver/Inc -I../Drivers/STM32F0xx_HAL_Driver/Inc/Legacy -I../Drivers/CMSIS/Device/ST/STM32F0xx/Include -I../Drivers/CMSIS/Include -O0 -ffunction-sections -fdata-sections -Wall -fstack-usage -MMD -MP -MF"Drivers/STM32F0xx_HAL_Driver/Src/stm32f0xx_hal_tim_ex.d" -MT"Drivers/STM32F0xx_HAL_Driver/Src/stm32f0xx_hal_tim_ex.o" --specs=nano.specs -mfloat-abi=soft -mthumb -o "Drivers/STM32F0xx_HAL_Driver/Src/stm32f0xx_hal_tim_ex.o"
arm-none-eabi-gcc -mcpu=cortex-m0 -g3 -DDEBUG -c -x assembler-with-cpp -MMD -MP -MF"Core/Startup/startup_stm32f091rctx.d" -MT"Core/Startup/startup_stm32f091rctx.o" --specs=nano.specs -mfloat-abi=soft -mthumb -o "Core/Startup/startup_stm32f091rctx.o" "../Core/Startup/startup_stm32f091rctx.s"
arm-none-eabi-gcc "../Core/Src/lcd.c" -mcpu=cortex-m0 -std=gnu11 -g3 -DDEBUG -DUSE_HAL_DRIVER -DSTM32F091xC -c -I../Core/Inc -I../Drivers/STM32F0xx_HAL_Driver/Inc -I../Drivers/STM32F0xx_HAL_Driver/Inc/Legacy -I../Drivers/CMSIS/Device/ST/STM32F0xx/Include -I../Drivers/CMSIS/Include -O0 -ffunction-sections -fdata-sections -Wall -fstack-usage -MMD -MP -MF"Core/Src/lcd.d" -MT"Core/Src/lcd.o" --specs=nano.specs -mfloat-abi=soft -mthumb -o "Core/Src/lcd.o"
../Core/Src/lcd.c: In function 'LCD_Clear':
../Core/Src/lcd.c:292:5: warning: implicit declaration of function 'LCD_SetWindow' [-Wimplicit-function-declaration]
  292 |     LCD_SetWindow(0,0,lcddev.width-1,lcddev.height-1);
      |     ^~~~~~~~~~~~~
../Core/Src/lcd.c: At top level:
../Core/Src/lcd.c:308:6: warning: conflicting types for 'LCD_SetWindow'
  308 | void LCD_SetWindow(uint16_t xStart, uint16_t yStart, uint16_t xEnd, uint16_t yEnd)
      |      ^~~~~~~~~~~~~
../Core/Src/lcd.c:292:5: note: previous implicit declaration of 'LCD_SetWindow' was here
  292 |     LCD_SetWindow(0,0,lcddev.width-1,lcddev.height-1);
      |     ^~~~~~~~~~~~~
../Core/Src/lcd.c: In function 'LCD_DrawChar':
../Core/Src/lcd.c:784:31: warning: array subscript has type 'char' [-Wchar-subscripts]
  784 |                 temp=asc2_1206[num][pos];
      |                               ^
../Core/Src/lcd.c:786:31: warning: array subscript has type 'char' [-Wchar-subscripts]
  786 |                 temp=asc2_1608[num][pos];
      |                               ^
../Core/Src/lcd.c:801:31: warning: array subscript has type 'char' [-Wchar-subscripts]
  801 |                 temp=asc2_1206[num][pos];
      |                               ^
../Core/Src/lcd.c:803:31: warning: array subscript has type 'char' [-Wchar-subscripts]
  803 |                 temp=asc2_1608[num][pos];
      |                               ^
arm-none-eabi-gcc "../Core/Src/main.c" -mcpu=cortex-m0 -std=gnu11 -g3 -DDEBUG -DUSE_HAL_DRIVER -DSTM32F091xC -c -I../Core/Inc -I../Drivers/STM32F0xx_HAL_Driver/Inc -I../Drivers/STM32F0xx_HAL_Driver/Inc/Legacy -I../Drivers/CMSIS/Device/ST/STM32F0xx/Include -I../Drivers/CMSIS/Include -O0 -ffunction-sections -fdata-sections -Wall -fstack-usage -MMD -MP -MF"Core/Src/main.d" -MT"Core/Src/main.o" --specs=nano.specs -mfloat-abi=soft -mthumb -o "Core/Src/main.o"
../Core/Src/main.c: In function 'HAL_ADC_ConvCpltCallback':
../Core/Src/main.c:481:4: warning: implicit declaration of function 'LCD_Draw4digit'; did you mean 'LCD_DrawPoint'? [-Wimplicit-function-declaration]
  481 |    LCD_Draw4digit(i, 0, i);
      |    ^~~~~~~~~~~~~~
      |    LCD_DrawPoint
../Core/Src/main.c: At top level:
../Core/Src/main.c:489:6: warning: conflicting types for 'LCD_Draw4digit'
  489 | void LCD_Draw4digit(int idx, int side, int row)
      |      ^~~~~~~~~~~~~~
../Core/Src/main.c:481:4: note: previous implicit declaration of 'LCD_Draw4digit' was here
  481 |    LCD_Draw4digit(i, 0, i);
      |    ^~~~~~~~~~~~~~
../Core/Src/main.c: In function 'auto_tune':
../Core/Src/main.c:512:16: warning: passing argument 2 of 'Sample' from incompatible pointer type [-Wincompatible-pointer-types]
  512 |  Sample(&hadc, &adc_buf, ADC_BUF_LEN);
      |                ^~~~~~~~
      |                |
      |                uint16_t (*)[10] {aka short unsigned int (*)[10]}
../Core/Src/main.c:486:48: note: expected 'uint16_t *' {aka 'short unsigned int *'} but argument is of type 'uint16_t (*)[10]' {aka 'short unsigned int (*)[10]'}
  486 | void Sample(ADC_HandleTypeDef* hadc, uint16_t* adc_buf, uint32_t buf_len) {
      |                                      ~~~~~~~~~~^~~~~~~
arm-none-eabi-gcc "../Core/Src/menu.c" -mcpu=cortex-m0 -std=gnu11 -g3 -DDEBUG -DUSE_HAL_DRIVER -DSTM32F091xC -c -I../Core/Inc -I../Drivers/STM32F0xx_HAL_Driver/Inc -I../Drivers/STM32F0xx_HAL_Driver/Inc/Legacy -I../Drivers/CMSIS/Device/ST/STM32F0xx/Include -I../Drivers/CMSIS/Include -O0 -ffunction-sections -fdata-sections -Wall -fstack-usage -MMD -MP -MF"Core/Src/menu.d" -MT"Core/Src/menu.o" --specs=nano.specs -mfloat-abi=soft -mthumb -o "Core/Src/menu.o"
arm-none-eabi-gcc "../Core/Src/stm32f0xx_hal_msp.c" -mcpu=cortex-m0 -std=gnu11 -g3 -DDEBUG -DUSE_HAL_DRIVER -DSTM32F091xC -c -I../Core/Inc -I../Drivers/STM32F0xx_HAL_Driver/Inc -I../Drivers/STM32F0xx_HAL_Driver/Inc/Legacy -I../Drivers/CMSIS/Device/ST/STM32F0xx/Include -I../Drivers/CMSIS/Include -O0 -ffunction-sections -fdata-sections -Wall -fstack-usage -MMD -MP -MF"Core/Src/stm32f0xx_hal_msp.d" -MT"Core/Src/stm32f0xx_hal_msp.o" --specs=nano.specs -mfloat-abi=soft -mthumb -o "Core/Src/stm32f0xx_hal_msp.o"
arm-none-eabi-gcc "../Core/Src/stm32f0xx_it.c" -mcpu=cortex-m0 -std=gnu11 -g3 -DDEBUG -DUSE_HAL_DRIVER -DSTM32F091xC -c -I../Core/Inc -I../Drivers/STM32F0xx_HAL_Driver/Inc -I../Drivers/STM32F0xx_HAL_Driver/Inc/Legacy -I../Drivers/CMSIS/Device/ST/STM32F0xx/Include -I../Drivers/CMSIS/Include -O0 -ffunction-sections -fdata-sections -Wall -fstack-usage -MMD -MP -MF"Core/Src/stm32f0xx_it.d" -MT"Core/Src/stm32f0xx_it.o" --specs=nano.specs -mfloat-abi=soft -mthumb -o "Core/Src/stm32f0xx_it.o"
../Core/Src/menu.c: In function 'Manualmode':
../Core/Src/menu.c:181:2: warning: implicit declaration of function 'Manual_move'; did you mean 'Manualmode'? [-Wimplicit-function-declaration]
  181 |  Manual_move(0, 0, 0);
      |  ^~~~~~~~~~~
      |  Manualmode
../Core/Src/menu.c:197:7: warning: implicit declaration of function 'Manual_select'; did you mean 'menu_select'? [-Wimplicit-function-declaration]
  197 |    if(Manual_select(currentSelectIndex) == 1)
      |       ^~~~~~~~~~~~~
      |       menu_select
../Core/Src/menu.c: At top level:
../Core/Src/menu.c:219:6: warning: conflicting types for 'Manual_move'
  219 | void Manual_move(int selectIndex)
      |      ^~~~~~~~~~~
../Core/Src/menu.c:181:2: note: previous implicit declaration of 'Manual_move' was here
  181 |  Manual_move(0, 0, 0);
      |  ^~~~~~~~~~~
../Core/Src/menu.c: In function 'Manual_select':
../Core/Src/menu.c:247:5: warning: implicit declaration of function 'stopmotor' [-Wimplicit-function-declaration]
  247 |     stopmotor();
      |     ^~~~~~~~~
../Core/Src/menu.c: In function 'stepperMotor':
../Core/Src/menu.c:267:3: warning: implicit declaration of function 'startmotor' [-Wimplicit-function-declaration]
  267 |  {startmotor();
      |   ^~~~~~~~~~
../Core/Src/menu.c:279:12: warning: unused variable 'currmotor' [-Wunused-variable]
  279 |   uint32_t currmotor = HAL_GetTick();
      |            ^~~~~~~~~
../Core/Src/menu.c: In function 'Tunemode':
../Core/Src/menu.c:352:7: warning: implicit declaration of function 'Tune_select'; did you mean 'menu_select'? [-Wimplicit-function-declaration]
  352 |    if(Tune_select(currentSelectIndex) == 1) //if back option is selected
      |       ^~~~~~~~~~~
      |       menu_select
../Core/Src/menu.c: In function 'pegDisplay':
../Core/Src/menu.c:477:6: warning: 'return' with no value, in function returning non-void [-Wreturn-type]
  477 |      return;
      |      ^~~~~~
../Core/Src/menu.c:449:5: note: declared here
  449 | int pegDisplay()
      |     ^~~~~~~~~~
../Core/Src/menu.c: In function 'peg_select':
../Core/Src/menu.c:550:6: warning: implicit declaration of function 'auto_tune' [-Wimplicit-function-declaration]
  550 |      auto_tune();
      |      ^~~~~~~~~
arm-none-eabi-gcc "../Core/Src/syscalls.c" -mcpu=cortex-m0 -std=gnu11 -g3 -DDEBUG -DUSE_HAL_DRIVER -DSTM32F091xC -c -I../Core/Inc -I../Drivers/STM32F0xx_HAL_Driver/Inc -I../Drivers/STM32F0xx_HAL_Driver/Inc/Legacy -I../Drivers/CMSIS/Device/ST/STM32F0xx/Include -I../Drivers/CMSIS/Include -O0 -ffunction-sections -fdata-sections -Wall -fstack-usage -MMD -MP -MF"Core/Src/syscalls.d" -MT"Core/Src/syscalls.o" --specs=nano.specs -mfloat-abi=soft -mthumb -o "Core/Src/syscalls.o"
arm-none-eabi-gcc "../Core/Src/sysmem.c" -mcpu=cortex-m0 -std=gnu11 -g3 -DDEBUG -DUSE_HAL_DRIVER -DSTM32F091xC -c -I../Core/Inc -I../Drivers/STM32F0xx_HAL_Driver/Inc -I../Drivers/STM32F0xx_HAL_Driver/Inc/Legacy -I../Drivers/CMSIS/Device/ST/STM32F0xx/Include -I../Drivers/CMSIS/Include -O0 -ffunction-sections -fdata-sections -Wall -fstack-usage -MMD -MP -MF"Core/Src/sysmem.d" -MT"Core/Src/sysmem.o" --specs=nano.specs -mfloat-abi=soft -mthumb -o "Core/Src/sysmem.o"
arm-none-eabi-gcc "../Core/Src/system_stm32f0xx.c" -mcpu=cortex-m0 -std=gnu11 -g3 -DDEBUG -DUSE_HAL_DRIVER -DSTM32F091xC -c -I../Core/Inc -I../Drivers/STM32F0xx_HAL_Driver/Inc -I../Drivers/STM32F0xx_HAL_Driver/Inc/Legacy -I../Drivers/CMSIS/Device/ST/STM32F0xx/Include -I../Drivers/CMSIS/Include -O0 -ffunction-sections -fdata-sections -Wall -fstack-usage -MMD -MP -MF"Core/Src/system_stm32f0xx.d" -MT"Core/Src/system_stm32f0xx.o" --specs=nano.specs -mfloat-abi=soft -mthumb -o "Core/Src/system_stm32f0xx.o"
arm-none-eabi-gcc -o "ADC_test.elf" @"objects.list"   -mcpu=cortex-m0 -T"/Users/markscheker/OneDrive - purdue.edu/Senior year/spring2022/ADC_test/ADC_test/STM32F091RCTX_FLASH.ld" --specs=nosys.specs -Wl,-Map="ADC_test.map" -Wl,--gc-sections -static --specs=nano.specs -mfloat-abi=soft -mthumb -Wl,--start-group -lc -lm -Wl,--end-group
Finished building target: ADC_test.elf
 
arm-none-eabi-size   ADC_test.elf 
arm-none-eabi-objdump -h -S  ADC_test.elf  > "ADC_test.list"
arm-none-eabi-objcopy  -O binary  ADC_test.elf  "ADC_test.bin"
   text	   data	    bss	    dec	    hex	filename
  31256	    144	   2016	  33416	   8288	ADC_test.elf
Finished building: default.size.stdout
 
Finished building: ADC_test.bin
Finished building: ADC_test.list
 
 
14:29:30 **** Incremental Build of configuration Debug for project ADC_test ****
make -j3 all 
arm-none-eabi-size   ADC_test.elf 
   text	   data	    bss	    dec	    hex	filename
  31256	    144	   2016	  33416	   8288	ADC_test.elf
Finished building: default.size.stdout
 
