lcd.c:31:6:nano_wait	0	static,ignoring_inline_asm
lcd.c:37:6:LCD_Reset	16	static
lcd.c:99:6:LCD_WR_REG	0	static
lcd.c:109:6:LCD_WR_DATA	0	static
lcd.c:119:6:LCD_WriteData16_Prepare	0	static
lcd.c:126:6:LCD_WriteData16	0	static
lcd.c:134:6:LCD_WriteData16_End	0	static
lcd.c:141:6:LCD_WriteReg	8	static
lcd.c:148:6:LCD_WriteRAM_Prepare	8	static
lcd.c:154:6:LCD_direction	8	static
lcd.c:185:6:LCD_Init	8	static
lcd.c:308:6:LCD_SetWindow	32	static
lcd.c:289:6:LCD_Clear	24	static
lcd.c:328:6:LCD_DrawPoint	8	static
lcd.c:412:13:_draw_circle_8	40	static
lcd.c:339:6:LCD_DrawLine	56	static
lcd.c:378:6:LCD_DrawRectangle	40	static
lcd.c:389:6:LCD_Fill	32	static
lcd.c:407:6:LCD_DrawFillRectangle	16	static
lcd.c:428:6:LCD_Circle	48	static
lcd.c:465:6:LCD_DrawTriangle	48	static
lcd.c:483:6:LCD_DrawFillTriangle	88	static
lcd.c:774:6:LCD_DrawChar	56	static
lcd.c:821:6:LCD_DrawString	56	static
lcd.c:836:6:LCD_DrawPicture	32	static
