stm32f0xx_hal_msp.c:66:6:HAL_MspInit	8	static
stm32f0xx_hal_msp.c:88:6:HAL_ADC_MspInit	48	static
stm32f0xx_hal_msp.c:140:6:HAL_ADC_MspDeInit	8	static
stm32f0xx_hal_msp.c:170:6:HAL_I2C_MspInit	40	static
stm32f0xx_hal_msp.c:206:6:HAL_I2C_MspDeInit	8	static
stm32f0xx_hal_msp.c:237:6:HAL_SPI_MspInit	40	static
stm32f0xx_hal_msp.c:274:6:HAL_SPI_MspDeInit	8	static
stm32f0xx_hal_msp.c:304:6:HAL_TIM_PWM_MspInit	8	static
stm32f0xx_hal_msp.c:320:6:HAL_TIM_MspPostInit	32	static
stm32f0xx_hal_msp.c:352:6:HAL_TIM_PWM_MspDeInit	0	static
