main.c:73:5:main	8	static
main.c:125:6:SystemClock_Config	88	static
main.c:162:13:MX_ADC_Init	24	static
main.c:214:13:MX_I2C2_Init	8	static
main.c:260:13:MX_SPI1_Init	8	static
main.c:314:13:MX_TIM1_Init	80	static
main.c:379:13:MX_DMA_Init	16	static
main.c:397:13:MX_GPIO_Init	48	static
main.c:459:6:HAL_GPIO_EXTI_Callback	16	static
main.c:474:6:HAL_ADC_ConvHalfCpltCallback	16	static,ignoring_inline_asm
main.c:479:6:HAL_ADC_ConvCpltCallback	16	static,ignoring_inline_asm
main.c:485:6:Sample	24	static
main.c:488:6:auto_tune	8	static
main.c:496:6:startmotor	8	static
main.c:500:6:stopmotor	8	static
main.c:511:6:Error_Handler	8	static,ignoring_inline_asm
