main.c:74:5:main	8	static
main.c:122:6:SystemClock_Config	88	static
main.c:159:13:MX_ADC_Init	24	static
main.c:211:13:MX_I2C2_Init	8	static
main.c:257:13:MX_SPI1_Init	8	static
main.c:311:13:MX_TIM1_Init	80	static
main.c:376:13:MX_DMA_Init	16	static
main.c:394:13:MX_GPIO_Init	48	static
main.c:456:6:HAL_GPIO_EXTI_Callback	16	static
main.c:471:6:HAL_ADC_ConvHalfCpltCallback	16	static,ignoring_inline_asm
main.c:476:6:HAL_ADC_ConvCpltCallback	24	static,ignoring_inline_asm
main.c:486:6:Sample	24	static
main.c:489:6:LCD_Draw4digit	64	static
main.c:509:6:auto_tune	24	static
main.c:518:6:startmotor	8	static
main.c:522:6:stopmotor	8	static
main.c:533:6:Error_Handler	8	static,ignoring_inline_asm
