f77api.c:36:13:reverse_n	24	static
f77api.c:49:18:make_dims	32	static
f77api.c:69:13:write_char	24	static
f77api.c:80:12:read_char	24	static
f77api.c:88:21:ints2kinds	24	static
f77funcs.h:26:15:dfftw_execute_	24	static
f77funcs.h:32:15:dfftw_destroy_plan_	16	static
f77funcs.h:37:15:dfftw_cleanup_	8	static
f77funcs.h:42:15:dfftw_forget_wisdom_	8	static
f77funcs.h:47:15:dfftw_export_wisdom_	24	static
f77funcs.h:56:15:dfftw_import_wisdom_	32	static
f77funcs.h:66:15:dfftw_import_system_wisdom_	16	static
f77funcs.h:71:15:dfftw_print_plan_	16	static
f77funcs.h:77:15:dfftw_flops_	24	static
f77funcs.h:82:15:dfftw_estimate_cost_	16	static
f77funcs.h:87:15:dfftw_cost_	16	static
f77funcs.h:92:15:dfftw_set_timelimit_	16	static
f77funcs.h:99:15:dfftw_plan_dft_	48	static
f77funcs.h:107:15:dfftw_plan_dft_1d_	40	static
f77funcs.h:113:15:dfftw_plan_dft_2d_	40	static
f77funcs.h:119:15:dfftw_plan_dft_3d_	48	static
f77funcs.h:126:15:dfftw_plan_many_dft_	104	static
f77funcs.h:146:15:dfftw_plan_guru_dft_	56	static
f77funcs.h:160:15:dfftw_plan_guru_split_dft_	64	static
f77funcs.h:174:15:dfftw_execute_dft_	48	static
f77funcs.h:183:15:dfftw_execute_split_dft_	48	static
f77funcs.h:192:15:dfftw_plan_dft_r2c_	48	static
f77funcs.h:200:15:dfftw_plan_dft_r2c_1d_	24	static
f77funcs.h:206:15:dfftw_plan_dft_r2c_2d_	40	static
f77funcs.h:212:15:dfftw_plan_dft_r2c_3d_	40	static
f77funcs.h:220:15:dfftw_plan_many_dft_r2c_	88	static
f77funcs.h:239:15:dfftw_plan_guru_dft_r2c_	56	static
f77funcs.h:254:15:dfftw_plan_guru_split_dft_r2c_	56	static
f77funcs.h:269:15:dfftw_execute_dft_r2c_	48	static
f77funcs.h:276:15:dfftw_execute_split_dft_r2c_	48	static
f77funcs.h:286:15:dfftw_plan_dft_c2r_	48	static
f77funcs.h:294:15:dfftw_plan_dft_c2r_1d_	24	static
f77funcs.h:300:15:dfftw_plan_dft_c2r_2d_	40	static
f77funcs.h:306:15:dfftw_plan_dft_c2r_3d_	40	static
f77funcs.h:314:15:dfftw_plan_many_dft_c2r_	88	static
f77funcs.h:333:15:dfftw_plan_guru_dft_c2r_	56	static
f77funcs.h:348:15:dfftw_plan_guru_split_dft_c2r_	56	static
f77funcs.h:363:15:dfftw_execute_dft_c2r_	48	static
f77funcs.h:370:15:dfftw_execute_split_dft_c2r_	48	static
f77funcs.h:380:15:dfftw_plan_r2r_	48	static
f77funcs.h:391:15:dfftw_plan_r2r_1d_	40	static
f77funcs.h:397:15:dfftw_plan_r2r_2d_	56	static
f77funcs.h:405:15:dfftw_plan_r2r_3d_	64	static
f77funcs.h:416:15:dfftw_plan_many_r2r_	96	static
f77funcs.h:437:15:dfftw_plan_guru_r2r_	64	static
f77funcs.h:454:15:dfftw_execute_r2r_	32	static
f77funcs.h:26:15:dfftw_execute__	24	static
f77funcs.h:32:15:dfftw_destroy_plan__	16	static
f77funcs.h:37:15:dfftw_cleanup__	8	static
f77funcs.h:42:15:dfftw_forget_wisdom__	8	static
f77funcs.h:47:15:dfftw_export_wisdom__	24	static
f77funcs.h:56:15:dfftw_import_wisdom__	32	static
f77funcs.h:66:15:dfftw_import_system_wisdom__	16	static
f77funcs.h:71:15:dfftw_print_plan__	16	static
f77funcs.h:77:15:dfftw_flops__	24	static
f77funcs.h:82:15:dfftw_estimate_cost__	16	static
f77funcs.h:87:15:dfftw_cost__	16	static
f77funcs.h:92:15:dfftw_set_timelimit__	16	static
f77funcs.h:99:15:dfftw_plan_dft__	48	static
f77funcs.h:107:15:dfftw_plan_dft_1d__	40	static
f77funcs.h:113:15:dfftw_plan_dft_2d__	40	static
f77funcs.h:119:15:dfftw_plan_dft_3d__	48	static
f77funcs.h:126:15:dfftw_plan_many_dft__	104	static
f77funcs.h:146:15:dfftw_plan_guru_dft__	56	static
f77funcs.h:160:15:dfftw_plan_guru_split_dft__	64	static
f77funcs.h:174:15:dfftw_execute_dft__	48	static
f77funcs.h:183:15:dfftw_execute_split_dft__	48	static
f77funcs.h:192:15:dfftw_plan_dft_r2c__	48	static
f77funcs.h:200:15:dfftw_plan_dft_r2c_1d__	24	static
f77funcs.h:206:15:dfftw_plan_dft_r2c_2d__	40	static
f77funcs.h:212:15:dfftw_plan_dft_r2c_3d__	40	static
f77funcs.h:220:15:dfftw_plan_many_dft_r2c__	88	static
f77funcs.h:239:15:dfftw_plan_guru_dft_r2c__	56	static
f77funcs.h:254:15:dfftw_plan_guru_split_dft_r2c__	56	static
f77funcs.h:269:15:dfftw_execute_dft_r2c__	48	static
f77funcs.h:276:15:dfftw_execute_split_dft_r2c__	48	static
f77funcs.h:286:15:dfftw_plan_dft_c2r__	48	static
f77funcs.h:294:15:dfftw_plan_dft_c2r_1d__	24	static
f77funcs.h:300:15:dfftw_plan_dft_c2r_2d__	40	static
f77funcs.h:306:15:dfftw_plan_dft_c2r_3d__	40	static
f77funcs.h:314:15:dfftw_plan_many_dft_c2r__	88	static
f77funcs.h:333:15:dfftw_plan_guru_dft_c2r__	56	static
f77funcs.h:348:15:dfftw_plan_guru_split_dft_c2r__	56	static
f77funcs.h:363:15:dfftw_execute_dft_c2r__	48	static
f77funcs.h:370:15:dfftw_execute_split_dft_c2r__	48	static
f77funcs.h:380:15:dfftw_plan_r2r__	48	static
f77funcs.h:391:15:dfftw_plan_r2r_1d__	40	static
f77funcs.h:397:15:dfftw_plan_r2r_2d__	56	static
f77funcs.h:405:15:dfftw_plan_r2r_3d__	64	static
f77funcs.h:416:15:dfftw_plan_many_r2r__	96	static
f77funcs.h:437:15:dfftw_plan_guru_r2r__	64	static
f77funcs.h:454:15:dfftw_execute_r2r__	32	static
