main.c:78:5:main	24	static
main.c:133:6:SystemClock_Config	88	static
main.c:170:13:MX_ADC_Init	24	static
main.c:222:13:MX_I2C1_Init	8	static
main.c:268:13:MX_SPI1_Init	8	static
main.c:322:13:MX_TIM1_Init	80	static
main.c:387:13:MX_DMA_Init	16	static
main.c:405:13:MX_GPIO_Init	48	static
main.c:471:6:HAL_GPIO_EXTI_Callback	16	static
main.c:492:6:HAL_ADC_ConvHalfCpltCallback	16	static,ignoring_inline_asm
main.c:497:6:HAL_ADC_ConvCpltCallback	24	static,ignoring_inline_asm
main.c:506:6:battery	8	static
main.c:509:6:HAL_I2C_MasterRxCpltCallback	24	static
main.c:514:6:LCD_Draw4digit	64	static
main.c:534:6:auto_tune	24	static
main.c:539:6:startmotor	8	static
main.c:543:6:stopmotor	8	static
main.c:554:6:Error_Handler	8	static,ignoring_inline_asm
