main.c:83:5:main	16	static
main.c:142:6:SystemClock_Config	88	static
main.c:179:13:MX_ADC_Init	24	static
main.c:231:13:MX_I2C1_Init	8	static
main.c:277:13:MX_SPI1_Init	8	static
main.c:331:13:MX_TIM1_Init	80	static
main.c:396:13:MX_DMA_Init	16	static
main.c:414:13:MX_GPIO_Init	48	static
main.c:480:8:RETCONST	8	static
main.c:485:6:HAL_GPIO_EXTI_Callback	16	static
main.c:506:6:HAL_ADC_ConvHalfCpltCallback	16	static,ignoring_inline_asm
main.c:511:6:HAL_ADC_ConvCpltCallback	24	static,ignoring_inline_asm
main.c:520:6:battery	8	static
main.c:523:6:HAL_I2C_MasterRxCpltCallback	24	static
main.c:528:6:LCD_Draw4digit	64	static
main.c:548:6:auto_tune	24	static
main.c:553:6:startmotor	8	static
main.c:557:6:stopmotor	8	static
main.c:568:6:Error_Handler	8	static,ignoring_inline_asm
