11:44:59 **** Incremental Build of configuration Debug for project ADC_test ****
make -j3 all 
arm-none-eabi-gcc "../Core/Src/main.c" -mcpu=cortex-m0 -std=gnu11 -g -DDEBUG -DSTM32F091xC -DUSE_HAL_DRIVER -c -I../Drivers/STM32F0xx_HAL_Driver/Inc -I../Drivers/CMSIS/Include -I../Core/Inc -I../Drivers/STM32F0xx_HAL_Driver/Inc/Legacy -I../Drivers/CMSIS/Device/ST/STM32F0xx/Include -O0 -ffunction-sections -fdata-sections -Wall -fstack-usage -MMD -MP -MF"Core/Src/main.d" -MT"Core/Src/main.o" --specs=nano.specs -mfloat-abi=soft -mthumb -o "Core/Src/main.o"
../Core/Src/main.c: In function 'HAL_I2C_MasterRxCpltCallback':
../Core/Src/main.c:527:2: warning: implicit declaration of function 'gcvt' [-Wimplicit-function-declaration]
  527 |  gcvt(*batbuf, 6, fma);
      |  ^~~~
../Core/Src/main.c: In function 'auto_tune':
../Core/Src/main.c:575:27: warning: passing argument 2 of 'HAL_ADC_Start_DMA' from incompatible pointer type [-Wincompatible-pointer-types]
  575 |  HAL_ADC_Start_DMA(&hadc, adc_buf, ADC_BUF_LEN);
      |                           ^~~~~~~
      |                           |
      |                           uint16_t * {aka short unsigned int *}
In file included from ../Core/Inc/stm32f0xx_hal_conf.h:213,
                 from ../Drivers/STM32F0xx_HAL_Driver/Inc/stm32f0xx_hal.h:30,
                 from ../Core/Inc/main.h:30,
                 from ../Core/Src/main.c:20:
../Drivers/STM32F0xx_HAL_Driver/Inc/stm32f0xx_hal_adc.h:959:78: note: expected 'uint32_t *' {aka 'long unsigned int *'} but argument is of type 'uint16_t *' {aka 'short unsigned int *'}
  959 | HAL_StatusTypeDef       HAL_ADC_Start_DMA(ADC_HandleTypeDef* hadc, uint32_t* pData, uint32_t Length);
      |                                                                    ~~~~~~~~~~^~~~~
../Core/Src/main.c: In function 'dspmain':
../Core/Src/main.c:647:2: warning: implicit declaration of function 'LCD_Drawnum'; did you mean 'LCD_Drawpin'? [-Wimplicit-function-declaration]
  647 |  LCD_Drawnum(3, 0, 1, &freq, &fmax);
      |  ^~~~~~~~~~~
      |  LCD_Drawpin
../Core/Src/main.c:592:10: warning: variable 'standard' set but not used [-Wunused-but-set-variable]
  592 |  TuneMap standard;
      |          ^~~~~~~~
arm-none-eabi-gcc -o "ADC_test.elf" @"objects.list"  -Wl,--start-group  -Wl,--end-group -mcpu=cortex-m0 -T"/Users/markscheker/Library/CloudStorage/OneDrive-purdue.edu/Senior year/spring2022/rec/ADC_test/STM32F091RCTX_FLASH.ld" --specs=nosys.specs -Wl,-Map="ADC_test.map" -Wl,--gc-sections -static --specs=nano.specs -mfloat-abi=soft -mthumb
Finished building target: ADC_test.elf
 
arm-none-eabi-size   ADC_test.elf 
arm-none-eabi-objdump -h -S  ADC_test.elf  > "ADC_test.list"
arm-none-eabi-objcopy  -O binary  ADC_test.elf  "ADC_test.bin"
   text	   data	    bss	    dec	    hex	filename
  48608	    244	   6132	  54984	   d6c8	ADC_test.elf
Finished building: default.size.stdout
 
Finished building: ADC_test.bin
 
Finished building: ADC_test.list
 

11:45:02 Build Finished. 0 errors, 4 warnings. (took 2s.441ms)

