15:58:33 **** Build of configuration Debug for project ADC_test ****
make -j3 all 
arm-none-eabi-gcc "../Drivers/STM32F0xx_HAL_Driver/Src/stm32f0xx_hal.c" -mcpu=cortex-m0 -std=gnu11 -g -DDEBUG -DSTM32F091xC -DUSE_HAL_DRIVER -c -I../Drivers/STM32F0xx_HAL_Driver/Inc -I../Drivers/CMSIS/Include -I../Core/Inc -I../Drivers/STM32F0xx_HAL_Driver/Inc/Legacy -I../Drivers/CMSIS/Device/ST/STM32F0xx/Include -O0 -ffunction-sections -fdata-sections -Wall -fstack-usage -MMD -MP -MF"Drivers/STM32F0xx_HAL_Driver/Src/stm32f0xx_hal.d" -MT"Drivers/STM32F0xx_HAL_Driver/Src/stm32f0xx_hal.o" --specs=nano.specs -mfloat-abi=soft -mthumb -o "Drivers/STM32F0xx_HAL_Driver/Src/stm32f0xx_hal.o"
arm-none-eabi-gcc "../Drivers/STM32F0xx_HAL_Driver/Src/stm32f0xx_hal_adc.c" -mcpu=cortex-m0 -std=gnu11 -g -DDEBUG -DSTM32F091xC -DUSE_HAL_DRIVER -c -I../Drivers/STM32F0xx_HAL_Driver/Inc -I../Drivers/CMSIS/Include -I../Core/Inc -I../Drivers/STM32F0xx_HAL_Driver/Inc/Legacy -I../Drivers/CMSIS/Device/ST/STM32F0xx/Include -O0 -ffunction-sections -fdata-sections -Wall -fstack-usage -MMD -MP -MF"Drivers/STM32F0xx_HAL_Driver/Src/stm32f0xx_hal_adc.d" -MT"Drivers/STM32F0xx_HAL_Driver/Src/stm32f0xx_hal_adc.o" --specs=nano.specs -mfloat-abi=soft -mthumb -o "Drivers/STM32F0xx_HAL_Driver/Src/stm32f0xx_hal_adc.o"
arm-none-eabi-gcc "../Drivers/STM32F0xx_HAL_Driver/Src/stm32f0xx_hal_adc_ex.c" -mcpu=cortex-m0 -std=gnu11 -g -DDEBUG -DSTM32F091xC -DUSE_HAL_DRIVER -c -I../Drivers/STM32F0xx_HAL_Driver/Inc -I../Drivers/CMSIS/Include -I../Core/Inc -I../Drivers/STM32F0xx_HAL_Driver/Inc/Legacy -I../Drivers/CMSIS/Device/ST/STM32F0xx/Include -O0 -ffunction-sections -fdata-sections -Wall -fstack-usage -MMD -MP -MF"Drivers/STM32F0xx_HAL_Driver/Src/stm32f0xx_hal_adc_ex.d" -MT"Drivers/STM32F0xx_HAL_Driver/Src/stm32f0xx_hal_adc_ex.o" --specs=nano.specs -mfloat-abi=soft -mthumb -o "Drivers/STM32F0xx_HAL_Driver/Src/stm32f0xx_hal_adc_ex.o"
arm-none-eabi-gcc "../Drivers/STM32F0xx_HAL_Driver/Src/stm32f0xx_hal_cortex.c" -mcpu=cortex-m0 -std=gnu11 -g -DDEBUG -DSTM32F091xC -DUSE_HAL_DRIVER -c -I../Drivers/STM32F0xx_HAL_Driver/Inc -I../Drivers/CMSIS/Include -I../Core/Inc -I../Drivers/STM32F0xx_HAL_Driver/Inc/Legacy -I../Drivers/CMSIS/Device/ST/STM32F0xx/Include -O0 -ffunction-sections -fdata-sections -Wall -fstack-usage -MMD -MP -MF"Drivers/STM32F0xx_HAL_Driver/Src/stm32f0xx_hal_cortex.d" -MT"Drivers/STM32F0xx_HAL_Driver/Src/stm32f0xx_hal_cortex.o" --specs=nano.specs -mfloat-abi=soft -mthumb -o "Drivers/STM32F0xx_HAL_Driver/Src/stm32f0xx_hal_cortex.o"
arm-none-eabi-gcc "../Drivers/STM32F0xx_HAL_Driver/Src/stm32f0xx_hal_dma.c" -mcpu=cortex-m0 -std=gnu11 -g -DDEBUG -DSTM32F091xC -DUSE_HAL_DRIVER -c -I../Drivers/STM32F0xx_HAL_Driver/Inc -I../Drivers/CMSIS/Include -I../Core/Inc -I../Drivers/STM32F0xx_HAL_Driver/Inc/Legacy -I../Drivers/CMSIS/Device/ST/STM32F0xx/Include -O0 -ffunction-sections -fdata-sections -Wall -fstack-usage -MMD -MP -MF"Drivers/STM32F0xx_HAL_Driver/Src/stm32f0xx_hal_dma.d" -MT"Drivers/STM32F0xx_HAL_Driver/Src/stm32f0xx_hal_dma.o" --specs=nano.specs -mfloat-abi=soft -mthumb -o "Drivers/STM32F0xx_HAL_Driver/Src/stm32f0xx_hal_dma.o"
arm-none-eabi-gcc "../Drivers/STM32F0xx_HAL_Driver/Src/stm32f0xx_hal_exti.c" -mcpu=cortex-m0 -std=gnu11 -g -DDEBUG -DSTM32F091xC -DUSE_HAL_DRIVER -c -I../Drivers/STM32F0xx_HAL_Driver/Inc -I../Drivers/CMSIS/Include -I../Core/Inc -I../Drivers/STM32F0xx_HAL_Driver/Inc/Legacy -I../Drivers/CMSIS/Device/ST/STM32F0xx/Include -O0 -ffunction-sections -fdata-sections -Wall -fstack-usage -MMD -MP -MF"Drivers/STM32F0xx_HAL_Driver/Src/stm32f0xx_hal_exti.d" -MT"Drivers/STM32F0xx_HAL_Driver/Src/stm32f0xx_hal_exti.o" --specs=nano.specs -mfloat-abi=soft -mthumb -o "Drivers/STM32F0xx_HAL_Driver/Src/stm32f0xx_hal_exti.o"
arm-none-eabi-gcc "../Drivers/STM32F0xx_HAL_Driver/Src/stm32f0xx_hal_flash.c" -mcpu=cortex-m0 -std=gnu11 -g -DDEBUG -DSTM32F091xC -DUSE_HAL_DRIVER -c -I../Drivers/STM32F0xx_HAL_Driver/Inc -I../Drivers/CMSIS/Include -I../Core/Inc -I../Drivers/STM32F0xx_HAL_Driver/Inc/Legacy -I../Drivers/CMSIS/Device/ST/STM32F0xx/Include -O0 -ffunction-sections -fdata-sections -Wall -fstack-usage -MMD -MP -MF"Drivers/STM32F0xx_HAL_Driver/Src/stm32f0xx_hal_flash.d" -MT"Drivers/STM32F0xx_HAL_Driver/Src/stm32f0xx_hal_flash.o" --specs=nano.specs -mfloat-abi=soft -mthumb -o "Drivers/STM32F0xx_HAL_Driver/Src/stm32f0xx_hal_flash.o"
arm-none-eabi-gcc "../Drivers/STM32F0xx_HAL_Driver/Src/stm32f0xx_hal_flash_ex.c" -mcpu=cortex-m0 -std=gnu11 -g -DDEBUG -DSTM32F091xC -DUSE_HAL_DRIVER -c -I../Drivers/STM32F0xx_HAL_Driver/Inc -I../Drivers/CMSIS/Include -I../Core/Inc -I../Drivers/STM32F0xx_HAL_Driver/Inc/Legacy -I../Drivers/CMSIS/Device/ST/STM32F0xx/Include -O0 -ffunction-sections -fdata-sections -Wall -fstack-usage -MMD -MP -MF"Drivers/STM32F0xx_HAL_Driver/Src/stm32f0xx_hal_flash_ex.d" -MT"Drivers/STM32F0xx_HAL_Driver/Src/stm32f0xx_hal_flash_ex.o" --specs=nano.specs -mfloat-abi=soft -mthumb -o "Drivers/STM32F0xx_HAL_Driver/Src/stm32f0xx_hal_flash_ex.o"
arm-none-eabi-gcc "../Drivers/STM32F0xx_HAL_Driver/Src/stm32f0xx_hal_gpio.c" -mcpu=cortex-m0 -std=gnu11 -g -DDEBUG -DSTM32F091xC -DUSE_HAL_DRIVER -c -I../Drivers/STM32F0xx_HAL_Driver/Inc -I../Drivers/CMSIS/Include -I../Core/Inc -I../Drivers/STM32F0xx_HAL_Driver/Inc/Legacy -I../Drivers/CMSIS/Device/ST/STM32F0xx/Include -O0 -ffunction-sections -fdata-sections -Wall -fstack-usage -MMD -MP -MF"Drivers/STM32F0xx_HAL_Driver/Src/stm32f0xx_hal_gpio.d" -MT"Drivers/STM32F0xx_HAL_Driver/Src/stm32f0xx_hal_gpio.o" --specs=nano.specs -mfloat-abi=soft -mthumb -o "Drivers/STM32F0xx_HAL_Driver/Src/stm32f0xx_hal_gpio.o"
arm-none-eabi-gcc "../Drivers/STM32F0xx_HAL_Driver/Src/stm32f0xx_hal_i2c.c" -mcpu=cortex-m0 -std=gnu11 -g -DDEBUG -DSTM32F091xC -DUSE_HAL_DRIVER -c -I../Drivers/STM32F0xx_HAL_Driver/Inc -I../Drivers/CMSIS/Include -I../Core/Inc -I../Drivers/STM32F0xx_HAL_Driver/Inc/Legacy -I../Drivers/CMSIS/Device/ST/STM32F0xx/Include -O0 -ffunction-sections -fdata-sections -Wall -fstack-usage -MMD -MP -MF"Drivers/STM32F0xx_HAL_Driver/Src/stm32f0xx_hal_i2c.d" -MT"Drivers/STM32F0xx_HAL_Driver/Src/stm32f0xx_hal_i2c.o" --specs=nano.specs -mfloat-abi=soft -mthumb -o "Drivers/STM32F0xx_HAL_Driver/Src/stm32f0xx_hal_i2c.o"
arm-none-eabi-gcc "../Drivers/STM32F0xx_HAL_Driver/Src/stm32f0xx_hal_i2c_ex.c" -mcpu=cortex-m0 -std=gnu11 -g -DDEBUG -DSTM32F091xC -DUSE_HAL_DRIVER -c -I../Drivers/STM32F0xx_HAL_Driver/Inc -I../Drivers/CMSIS/Include -I../Core/Inc -I../Drivers/STM32F0xx_HAL_Driver/Inc/Legacy -I../Drivers/CMSIS/Device/ST/STM32F0xx/Include -O0 -ffunction-sections -fdata-sections -Wall -fstack-usage -MMD -MP -MF"Drivers/STM32F0xx_HAL_Driver/Src/stm32f0xx_hal_i2c_ex.d" -MT"Drivers/STM32F0xx_HAL_Driver/Src/stm32f0xx_hal_i2c_ex.o" --specs=nano.specs -mfloat-abi=soft -mthumb -o "Drivers/STM32F0xx_HAL_Driver/Src/stm32f0xx_hal_i2c_ex.o"
arm-none-eabi-gcc "../Drivers/STM32F0xx_HAL_Driver/Src/stm32f0xx_hal_pwr.c" -mcpu=cortex-m0 -std=gnu11 -g -DDEBUG -DSTM32F091xC -DUSE_HAL_DRIVER -c -I../Drivers/STM32F0xx_HAL_Driver/Inc -I../Drivers/CMSIS/Include -I../Core/Inc -I../Drivers/STM32F0xx_HAL_Driver/Inc/Legacy -I../Drivers/CMSIS/Device/ST/STM32F0xx/Include -O0 -ffunction-sections -fdata-sections -Wall -fstack-usage -MMD -MP -MF"Drivers/STM32F0xx_HAL_Driver/Src/stm32f0xx_hal_pwr.d" -MT"Drivers/STM32F0xx_HAL_Driver/Src/stm32f0xx_hal_pwr.o" --specs=nano.specs -mfloat-abi=soft -mthumb -o "Drivers/STM32F0xx_HAL_Driver/Src/stm32f0xx_hal_pwr.o"
arm-none-eabi-gcc "../Drivers/STM32F0xx_HAL_Driver/Src/stm32f0xx_hal_pwr_ex.c" -mcpu=cortex-m0 -std=gnu11 -g -DDEBUG -DSTM32F091xC -DUSE_HAL_DRIVER -c -I../Drivers/STM32F0xx_HAL_Driver/Inc -I../Drivers/CMSIS/Include -I../Core/Inc -I../Drivers/STM32F0xx_HAL_Driver/Inc/Legacy -I../Drivers/CMSIS/Device/ST/STM32F0xx/Include -O0 -ffunction-sections -fdata-sections -Wall -fstack-usage -MMD -MP -MF"Drivers/STM32F0xx_HAL_Driver/Src/stm32f0xx_hal_pwr_ex.d" -MT"Drivers/STM32F0xx_HAL_Driver/Src/stm32f0xx_hal_pwr_ex.o" --specs=nano.specs -mfloat-abi=soft -mthumb -o "Drivers/STM32F0xx_HAL_Driver/Src/stm32f0xx_hal_pwr_ex.o"
arm-none-eabi-gcc "../Drivers/STM32F0xx_HAL_Driver/Src/stm32f0xx_hal_rcc.c" -mcpu=cortex-m0 -std=gnu11 -g -DDEBUG -DSTM32F091xC -DUSE_HAL_DRIVER -c -I../Drivers/STM32F0xx_HAL_Driver/Inc -I../Drivers/CMSIS/Include -I../Core/Inc -I../Drivers/STM32F0xx_HAL_Driver/Inc/Legacy -I../Drivers/CMSIS/Device/ST/STM32F0xx/Include -O0 -ffunction-sections -fdata-sections -Wall -fstack-usage -MMD -MP -MF"Drivers/STM32F0xx_HAL_Driver/Src/stm32f0xx_hal_rcc.d" -MT"Drivers/STM32F0xx_HAL_Driver/Src/stm32f0xx_hal_rcc.o" --specs=nano.specs -mfloat-abi=soft -mthumb -o "Drivers/STM32F0xx_HAL_Driver/Src/stm32f0xx_hal_rcc.o"
arm-none-eabi-gcc "../Drivers/STM32F0xx_HAL_Driver/Src/stm32f0xx_hal_rcc_ex.c" -mcpu=cortex-m0 -std=gnu11 -g -DDEBUG -DSTM32F091xC -DUSE_HAL_DRIVER -c -I../Drivers/STM32F0xx_HAL_Driver/Inc -I../Drivers/CMSIS/Include -I../Core/Inc -I../Drivers/STM32F0xx_HAL_Driver/Inc/Legacy -I../Drivers/CMSIS/Device/ST/STM32F0xx/Include -O0 -ffunction-sections -fdata-sections -Wall -fstack-usage -MMD -MP -MF"Drivers/STM32F0xx_HAL_Driver/Src/stm32f0xx_hal_rcc_ex.d" -MT"Drivers/STM32F0xx_HAL_Driver/Src/stm32f0xx_hal_rcc_ex.o" --specs=nano.specs -mfloat-abi=soft -mthumb -o "Drivers/STM32F0xx_HAL_Driver/Src/stm32f0xx_hal_rcc_ex.o"
arm-none-eabi-gcc "../Drivers/STM32F0xx_HAL_Driver/Src/stm32f0xx_hal_spi.c" -mcpu=cortex-m0 -std=gnu11 -g -DDEBUG -DSTM32F091xC -DUSE_HAL_DRIVER -c -I../Drivers/STM32F0xx_HAL_Driver/Inc -I../Drivers/CMSIS/Include -I../Core/Inc -I../Drivers/STM32F0xx_HAL_Driver/Inc/Legacy -I../Drivers/CMSIS/Device/ST/STM32F0xx/Include -O0 -ffunction-sections -fdata-sections -Wall -fstack-usage -MMD -MP -MF"Drivers/STM32F0xx_HAL_Driver/Src/stm32f0xx_hal_spi.d" -MT"Drivers/STM32F0xx_HAL_Driver/Src/stm32f0xx_hal_spi.o" --specs=nano.specs -mfloat-abi=soft -mthumb -o "Drivers/STM32F0xx_HAL_Driver/Src/stm32f0xx_hal_spi.o"
arm-none-eabi-gcc "../Drivers/STM32F0xx_HAL_Driver/Src/stm32f0xx_hal_spi_ex.c" -mcpu=cortex-m0 -std=gnu11 -g -DDEBUG -DSTM32F091xC -DUSE_HAL_DRIVER -c -I../Drivers/STM32F0xx_HAL_Driver/Inc -I../Drivers/CMSIS/Include -I../Core/Inc -I../Drivers/STM32F0xx_HAL_Driver/Inc/Legacy -I../Drivers/CMSIS/Device/ST/STM32F0xx/Include -O0 -ffunction-sections -fdata-sections -Wall -fstack-usage -MMD -MP -MF"Drivers/STM32F0xx_HAL_Driver/Src/stm32f0xx_hal_spi_ex.d" -MT"Drivers/STM32F0xx_HAL_Driver/Src/stm32f0xx_hal_spi_ex.o" --specs=nano.specs -mfloat-abi=soft -mthumb -o "Drivers/STM32F0xx_HAL_Driver/Src/stm32f0xx_hal_spi_ex.o"
arm-none-eabi-gcc "../Drivers/STM32F0xx_HAL_Driver/Src/stm32f0xx_hal_tim.c" -mcpu=cortex-m0 -std=gnu11 -g -DDEBUG -DSTM32F091xC -DUSE_HAL_DRIVER -c -I../Drivers/STM32F0xx_HAL_Driver/Inc -I../Drivers/CMSIS/Include -I../Core/Inc -I../Drivers/STM32F0xx_HAL_Driver/Inc/Legacy -I../Drivers/CMSIS/Device/ST/STM32F0xx/Include -O0 -ffunction-sections -fdata-sections -Wall -fstack-usage -MMD -MP -MF"Drivers/STM32F0xx_HAL_Driver/Src/stm32f0xx_hal_tim.d" -MT"Drivers/STM32F0xx_HAL_Driver/Src/stm32f0xx_hal_tim.o" --specs=nano.specs -mfloat-abi=soft -mthumb -o "Drivers/STM32F0xx_HAL_Driver/Src/stm32f0xx_hal_tim.o"
arm-none-eabi-gcc "../Drivers/STM32F0xx_HAL_Driver/Src/stm32f0xx_hal_tim_ex.c" -mcpu=cortex-m0 -std=gnu11 -g -DDEBUG -DSTM32F091xC -DUSE_HAL_DRIVER -c -I../Drivers/STM32F0xx_HAL_Driver/Inc -I../Drivers/CMSIS/Include -I../Core/Inc -I../Drivers/STM32F0xx_HAL_Driver/Inc/Legacy -I../Drivers/CMSIS/Device/ST/STM32F0xx/Include -O0 -ffunction-sections -fdata-sections -Wall -fstack-usage -MMD -MP -MF"Drivers/STM32F0xx_HAL_Driver/Src/stm32f0xx_hal_tim_ex.d" -MT"Drivers/STM32F0xx_HAL_Driver/Src/stm32f0xx_hal_tim_ex.o" --specs=nano.specs -mfloat-abi=soft -mthumb -o "Drivers/STM32F0xx_HAL_Driver/Src/stm32f0xx_hal_tim_ex.o"
arm-none-eabi-gcc -mcpu=cortex-m0 -g -DDEBUG -c -x assembler-with-cpp -MMD -MP -MF"Core/Startup/startup_stm32f091rctx.d" -MT"Core/Startup/startup_stm32f091rctx.o" --specs=nano.specs -mfloat-abi=soft -mthumb -o "Core/Startup/startup_stm32f091rctx.o" "../Core/Startup/startup_stm32f091rctx.s"
arm-none-eabi-gcc "../Core/Src/dsp_v2.c" -mcpu=cortex-m0 -std=gnu11 -g -DDEBUG -DSTM32F091xC -DUSE_HAL_DRIVER -c -I../Drivers/STM32F0xx_HAL_Driver/Inc -I../Drivers/CMSIS/Include -I../Core/Inc -I../Drivers/STM32F0xx_HAL_Driver/Inc/Legacy -I../Drivers/CMSIS/Device/ST/STM32F0xx/Include -O0 -ffunction-sections -fdata-sections -Wall -fstack-usage -MMD -MP -MF"Core/Src/dsp_v2.d" -MT"Core/Src/dsp_v2.o" --specs=nano.specs -mfloat-abi=soft -mthumb -o "Core/Src/dsp_v2.o"
../Core/Src/dsp_v2.c: In function 'dspmain':
../Core/Src/dsp_v2.c:96:2: warning: implicit declaration of function 'LCD_Drawnum'; did you mean 'LCD_DrawChar'? [-Wimplicit-function-declaration]
   96 |  LCD_Drawnum(3, 0, 1, &freq, &fmax);
      |  ^~~~~~~~~~~
      |  LCD_DrawChar
../Core/Src/dsp_v2.c:77:6: warning: unused variable 'tmperate' [-Wunused-variable]
   77 |  int tmperate = adc_buf[0];
      |      ^~~~~~~~
../Core/Src/dsp_v2.c:31:10: warning: variable 'standard' set but not used [-Wunused-but-set-variable]
   31 |  TuneMap standard;
      |          ^~~~~~~~
../Core/Src/dsp_v2.c: At top level:
../Core/Src/dsp_v2.c:100:6: warning: conflicting types for 'LCD_Drawnum'
  100 | void LCD_Drawnum(int size, int side, int row, float *num, float *num2)
      |      ^~~~~~~~~~~
../Core/Src/dsp_v2.c:96:2: note: previous implicit declaration of 'LCD_Drawnum' was here
   96 |  LCD_Drawnum(3, 0, 1, &freq, &fmax);
      |  ^~~~~~~~~~~
../Core/Src/dsp_v2.c: In function 'LCD_Drawnum':
../Core/Src/dsp_v2.c:103:2: warning: implicit declaration of function 'gcvt' [-Wimplicit-function-declaration]
  103 |  gcvt(*num2, 6, fma);
      |  ^~~~
../Core/Src/dsp_v2.c: In function 'ArgMax':
../Core/Src/dsp_v2.c:226:31: warning: passing argument 3 of 'Mag' discards 'const' qualifier from pointer target type [-Wdiscarded-qualifiers]
  226 |   Mag(data_re[n], data_im[n], &val);
      |                               ^~~~
../Core/Src/dsp_v2.c:213:38: note: expected 'float *' but argument is of type 'const float *'
  213 | void Mag(float x1, float x2, float * result)
      |                              ~~~~~~~~^~~~~~
arm-none-eabi-gcc "../Core/Src/lcd.c" -mcpu=cortex-m0 -std=gnu11 -g -DDEBUG -DSTM32F091xC -DUSE_HAL_DRIVER -c -I../Drivers/STM32F0xx_HAL_Driver/Inc -I../Drivers/CMSIS/Include -I../Core/Inc -I../Drivers/STM32F0xx_HAL_Driver/Inc/Legacy -I../Drivers/CMSIS/Device/ST/STM32F0xx/Include -O0 -ffunction-sections -fdata-sections -Wall -fstack-usage -MMD -MP -MF"Core/Src/lcd.d" -MT"Core/Src/lcd.o" --specs=nano.specs -mfloat-abi=soft -mthumb -o "Core/Src/lcd.o"
arm-none-eabi-gcc "../Core/Src/main.c" -mcpu=cortex-m0 -std=gnu11 -g -DDEBUG -DSTM32F091xC -DUSE_HAL_DRIVER -c -I../Drivers/STM32F0xx_HAL_Driver/Inc -I../Drivers/CMSIS/Include -I../Core/Inc -I../Drivers/STM32F0xx_HAL_Driver/Inc/Legacy -I../Drivers/CMSIS/Device/ST/STM32F0xx/Include -O0 -ffunction-sections -fdata-sections -Wall -fstack-usage -MMD -MP -MF"Core/Src/main.d" -MT"Core/Src/main.o" --specs=nano.specs -mfloat-abi=soft -mthumb -o "Core/Src/main.o"
../Core/Src/lcd.c: In function 'LCD_Clear':
../Core/Src/lcd.c:292:5: warning: implicit declaration of function 'LCD_SetWindow' [-Wimplicit-function-declaration]
  292 |     LCD_SetWindow(0,0,lcddev.width-1,lcddev.height-1);
      |     ^~~~~~~~~~~~~
../Core/Src/lcd.c: At top level:
../Core/Src/main.c: In function 'HAL_I2C_MasterRxCpltCallback':
../Core/Src/lcd.c:308:6: warning: conflicting types for 'LCD_SetWindow'
  308 | void LCD_SetWindow(uint16_t xStart, uint16_t yStart, uint16_t xEnd, uint16_t yEnd)
      |      ^~~~~~~~~~~~~
../Core/Src/main.c:530:2: warning: implicit declaration of function 'gcvt' [-Wimplicit-function-declaration]
  530 |  gcvt(*batbuf, 6, fma);
      |  ^~~~
../Core/Src/lcd.c:292:5: note: previous implicit declaration of 'LCD_SetWindow' was here
  292 |     LCD_SetWindow(0,0,lcddev.width-1,lcddev.height-1);
      |     ^~~~~~~~~~~~~
../Core/Src/main.c: In function 'auto_tune':
../Core/Src/main.c:578:27: warning: passing argument 2 of 'HAL_ADC_Start_DMA' from incompatible pointer type [-Wincompatible-pointer-types]
  578 |  HAL_ADC_Start_DMA(&hadc, adc_buf, ADC_BUF_LEN);
      |                           ^~~~~~~
      |                           |
      |                           uint16_t * {aka short unsigned int *}
../Core/Src/lcd.c: In function 'LCD_DrawChar':
../Core/Src/lcd.c:784:31: warning: array subscript has type 'char' [-Wchar-subscripts]
  784 |                 temp=asc2_1206[num][pos];
      |                               ^
../Core/Src/lcd.c:786:31: warning: array subscript has type 'char' [-Wchar-subscripts]
  786 |                 temp=asc2_1608[num][pos];
      |                               ^
../Core/Src/lcd.c:801:31: warning: array subscript has type 'char' [-Wchar-subscripts]
  801 |                 temp=asc2_1206[num][pos];
      |                               ^
../Core/Src/lcd.c:803:31: warning: array subscript has type 'char' [-Wchar-subscripts]
  803 |                 temp=asc2_1608[num][pos];
      |                               ^
In file included from ../Core/Inc/stm32f0xx_hal_conf.h:213,
                 from ../Drivers/STM32F0xx_HAL_Driver/Inc/stm32f0xx_hal.h:30,
                 from ../Core/Inc/main.h:30,
                 from ../Core/Src/main.c:20:
../Drivers/STM32F0xx_HAL_Driver/Inc/stm32f0xx_hal_adc.h:959:78: note: expected 'uint32_t *' {aka 'long unsigned int *'} but argument is of type 'uint16_t *' {aka 'short unsigned int *'}
  959 | HAL_StatusTypeDef       HAL_ADC_Start_DMA(ADC_HandleTypeDef* hadc, uint32_t* pData, uint32_t Length);
      |                                                                    ~~~~~~~~~~^~~~~
../Core/Src/main.c: At top level:
../Core/Src/main.c:602:2: warning: "/*" within comment [-Wcomment]
  602 |  /*
      |   
arm-none-eabi-gcc "../Core/Src/menu.c" -mcpu=cortex-m0 -std=gnu11 -g -DDEBUG -DSTM32F091xC -DUSE_HAL_DRIVER -c -I../Drivers/STM32F0xx_HAL_Driver/Inc -I../Drivers/CMSIS/Include -I../Core/Inc -I../Drivers/STM32F0xx_HAL_Driver/Inc/Legacy -I../Drivers/CMSIS/Device/ST/STM32F0xx/Include -O0 -ffunction-sections -fdata-sections -Wall -fstack-usage -MMD -MP -MF"Core/Src/menu.d" -MT"Core/Src/menu.o" --specs=nano.specs -mfloat-abi=soft -mthumb -o "Core/Src/menu.o"
arm-none-eabi-gcc "../Core/Src/stm32f0xx_hal_msp.c" -mcpu=cortex-m0 -std=gnu11 -g -DDEBUG -DSTM32F091xC -DUSE_HAL_DRIVER -c -I../Drivers/STM32F0xx_HAL_Driver/Inc -I../Drivers/CMSIS/Include -I../Core/Inc -I../Drivers/STM32F0xx_HAL_Driver/Inc/Legacy -I../Drivers/CMSIS/Device/ST/STM32F0xx/Include -O0 -ffunction-sections -fdata-sections -Wall -fstack-usage -MMD -MP -MF"Core/Src/stm32f0xx_hal_msp.d" -MT"Core/Src/stm32f0xx_hal_msp.o" --specs=nano.specs -mfloat-abi=soft -mthumb -o "Core/Src/stm32f0xx_hal_msp.o"
arm-none-eabi-gcc "../Core/Src/stm32f0xx_it.c" -mcpu=cortex-m0 -std=gnu11 -g -DDEBUG -DSTM32F091xC -DUSE_HAL_DRIVER -c -I../Drivers/STM32F0xx_HAL_Driver/Inc -I../Drivers/CMSIS/Include -I../Core/Inc -I../Drivers/STM32F0xx_HAL_Driver/Inc/Legacy -I../Drivers/CMSIS/Device/ST/STM32F0xx/Include -O0 -ffunction-sections -fdata-sections -Wall -fstack-usage -MMD -MP -MF"Core/Src/stm32f0xx_it.d" -MT"Core/Src/stm32f0xx_it.o" --specs=nano.specs -mfloat-abi=soft -mthumb -o "Core/Src/stm32f0xx_it.o"
../Core/Src/menu.c: In function 'stepperMotor':
../Core/Src/menu.c:297:3: warning: implicit declaration of function 'startmotor' [-Wimplicit-function-declaration]
  297 |  {startmotor();
      |   ^~~~~~~~~~
../Core/Src/menu.c:308:12: warning: unused variable 'motorstarttime' [-Wunused-variable]
  308 |   uint32_t motorstarttime = HAL_GetTick();
      |            ^~~~~~~~~~~~~~
../Core/Src/menu.c:319:2: warning: implicit declaration of function 'stopmotor' [-Wimplicit-function-declaration]
  319 |  stopmotor();
      |  ^~~~~~~~~
arm-none-eabi-gcc "../Core/Src/syscalls.c" -mcpu=cortex-m0 -std=gnu11 -g -DDEBUG -DSTM32F091xC -DUSE_HAL_DRIVER -c -I../Drivers/STM32F0xx_HAL_Driver/Inc -I../Drivers/CMSIS/Include -I../Core/Inc -I../Drivers/STM32F0xx_HAL_Driver/Inc/Legacy -I../Drivers/CMSIS/Device/ST/STM32F0xx/Include -O0 -ffunction-sections -fdata-sections -Wall -fstack-usage -MMD -MP -MF"Core/Src/syscalls.d" -MT"Core/Src/syscalls.o" --specs=nano.specs -mfloat-abi=soft -mthumb -o "Core/Src/syscalls.o"
arm-none-eabi-gcc "../Core/Src/sysmem.c" -mcpu=cortex-m0 -std=gnu11 -g -DDEBUG -DSTM32F091xC -DUSE_HAL_DRIVER -c -I../Drivers/STM32F0xx_HAL_Driver/Inc -I../Drivers/CMSIS/Include -I../Core/Inc -I../Drivers/STM32F0xx_HAL_Driver/Inc/Legacy -I../Drivers/CMSIS/Device/ST/STM32F0xx/Include -O0 -ffunction-sections -fdata-sections -Wall -fstack-usage -MMD -MP -MF"Core/Src/sysmem.d" -MT"Core/Src/sysmem.o" --specs=nano.specs -mfloat-abi=soft -mthumb -o "Core/Src/sysmem.o"
arm-none-eabi-gcc "../Core/Src/system_stm32f0xx.c" -mcpu=cortex-m0 -std=gnu11 -g -DDEBUG -DSTM32F091xC -DUSE_HAL_DRIVER -c -I../Drivers/STM32F0xx_HAL_Driver/Inc -I../Drivers/CMSIS/Include -I../Core/Inc -I../Drivers/STM32F0xx_HAL_Driver/Inc/Legacy -I../Drivers/CMSIS/Device/ST/STM32F0xx/Include -O0 -ffunction-sections -fdata-sections -Wall -fstack-usage -MMD -MP -MF"Core/Src/system_stm32f0xx.d" -MT"Core/Src/system_stm32f0xx.o" --specs=nano.specs -mfloat-abi=soft -mthumb -o "Core/Src/system_stm32f0xx.o"
arm-none-eabi-gcc -o "ADC_test.elf" @"objects.list"  -Wl,--start-group  -Wl,--end-group -mcpu=cortex-m0 -T"/Users/markscheker/Library/CloudStorage/OneDrive-purdue.edu/Senior year/spring2022/rec/ADC_test/STM32F091RCTX_FLASH.ld" --specs=nosys.specs -Wl,-Map="ADC_test.map" -Wl,--gc-sections -static --specs=nano.specs -mfloat-abi=soft -mthumb
Finished building target: ADC_test.elf
 
arm-none-eabi-size   ADC_test.elf 
arm-none-eabi-objdump -h -S  ADC_test.elf  > "ADC_test.list"
arm-none-eabi-objcopy  -O binary  ADC_test.elf  "ADC_test.bin"
   text	   data	    bss	    dec	    hex	filename
  63280	    248	   6128	  69656	  11018	ADC_test.elf
Finished building: default.size.stdout
 
Finished building: ADC_test.bin
 
Finished building: ADC_test.list
 
15:58:41 **** Incremental Build of configuration Debug for project ADC_test ****
make -j3 all 
arm-none-eabi-size   ADC_test.elf 
   text	   data	    bss	    dec	    hex	filename
  63280	    248	   6128	  69656	  11018	ADC_test.elf
Finished building: default.size.stdout
 
10:40:27 **** Incremental Build of configuration Debug for project ADC_test ****
make -j3 all 
arm-none-eabi-gcc "../Core/Src/main.c" -mcpu=cortex-m0 -std=gnu11 -g -DDEBUG -DSTM32F091xC -DUSE_HAL_DRIVER -c -I../Drivers/STM32F0xx_HAL_Driver/Inc -I../Drivers/CMSIS/Include -I../Core/Inc -I../Drivers/STM32F0xx_HAL_Driver/Inc/Legacy -I../Drivers/CMSIS/Device/ST/STM32F0xx/Include -O0 -ffunction-sections -fdata-sections -Wall -fstack-usage -MMD -MP -MF"Core/Src/main.d" -MT"Core/Src/main.o" --specs=nano.specs -mfloat-abi=soft -mthumb -o "Core/Src/main.o"
../Core/Src/main.c: In function 'HAL_I2C_MasterRxCpltCallback':
../Core/Src/main.c:530:2: warning: implicit declaration of function 'gcvt' [-Wimplicit-function-declaration]
  530 |  gcvt(*batbuf, 6, fma);
      |  ^~~~
../Core/Src/main.c: In function 'auto_tune':
../Core/Src/main.c:578:27: warning: passing argument 2 of 'HAL_ADC_Start_DMA' from incompatible pointer type [-Wincompatible-pointer-types]
  578 |  HAL_ADC_Start_DMA(&hadc, adc_buf, ADC_BUF_LEN);
      |                           ^~~~~~~
      |                           |
      |                           uint16_t * {aka short unsigned int *}
In file included from ../Core/Inc/stm32f0xx_hal_conf.h:213,
                 from ../Drivers/STM32F0xx_HAL_Driver/Inc/stm32f0xx_hal.h:30,
                 from ../Core/Inc/main.h:30,
                 from ../Core/Src/main.c:20:
../Drivers/STM32F0xx_HAL_Driver/Inc/stm32f0xx_hal_adc.h:959:78: note: expected 'uint32_t *' {aka 'long unsigned int *'} but argument is of type 'uint16_t *' {aka 'short unsigned int *'}
  959 | HAL_StatusTypeDef       HAL_ADC_Start_DMA(ADC_HandleTypeDef* hadc, uint32_t* pData, uint32_t Length);
      |                                                                    ~~~~~~~~~~^~~~~
../Core/Src/main.c: At top level:
../Core/Src/main.c:602:2: warning: "/*" within comment [-Wcomment]
  602 |  /*
      |   
arm-none-eabi-gcc -o "ADC_test.elf" @"objects.list"  -Wl,--start-group  -Wl,--end-group -mcpu=cortex-m0 -T"/Users/markscheker/Library/CloudStorage/OneDrive-purdue.edu/Senior year/spring2022/rec/ADC_test/STM32F091RCTX_FLASH.ld" --specs=nosys.specs -Wl,-Map="ADC_test.map" -Wl,--gc-sections -static --specs=nano.specs -mfloat-abi=soft -mthumb
Finished building target: ADC_test.elf
 
arm-none-eabi-size   ADC_test.elf 
arm-none-eabi-objdump -h -S  ADC_test.elf  > "ADC_test.list"
arm-none-eabi-objcopy  -O binary  ADC_test.elf  "ADC_test.bin"
Finished building: ADC_test.bin
 
   text	   data	    bss	    dec	    hex	filename
  63280	    248	   6128	  69656	  11018	ADC_test.elf
Finished building: default.size.stdout
 
Finished building: ADC_test.list
 
10:41:01 **** Incremental Build of configuration Debug for project ADC_test ****
make -j3 all 
arm-none-eabi-gcc "../Core/Src/main.c" -mcpu=cortex-m0 -std=gnu11 -g -DDEBUG -DSTM32F091xC -DUSE_HAL_DRIVER -c -I../Drivers/STM32F0xx_HAL_Driver/Inc -I../Drivers/CMSIS/Include -I../Core/Inc -I../Drivers/STM32F0xx_HAL_Driver/Inc/Legacy -I../Drivers/CMSIS/Device/ST/STM32F0xx/Include -O0 -ffunction-sections -fdata-sections -Wall -fstack-usage -MMD -MP -MF"Core/Src/main.d" -MT"Core/Src/main.o" --specs=nano.specs -mfloat-abi=soft -mthumb -o "Core/Src/main.o"
../Core/Src/main.c: In function 'HAL_I2C_MasterRxCpltCallback':
../Core/Src/main.c:530:2: warning: implicit declaration of function 'gcvt' [-Wimplicit-function-declaration]
  530 |  gcvt(*batbuf, 6, fma);
      |  ^~~~
../Core/Src/main.c: In function 'auto_tune':
../Core/Src/main.c:578:27: warning: passing argument 2 of 'HAL_ADC_Start_DMA' from incompatible pointer type [-Wincompatible-pointer-types]
  578 |  HAL_ADC_Start_DMA(&hadc, adc_buf, ADC_BUF_LEN);
      |                           ^~~~~~~
      |                           |
      |                           uint16_t * {aka short unsigned int *}
In file included from ../Core/Inc/stm32f0xx_hal_conf.h:213,
                 from ../Drivers/STM32F0xx_HAL_Driver/Inc/stm32f0xx_hal.h:30,
                 from ../Core/Inc/main.h:30,
                 from ../Core/Src/main.c:20:
../Drivers/STM32F0xx_HAL_Driver/Inc/stm32f0xx_hal_adc.h:959:78: note: expected 'uint32_t *' {aka 'long unsigned int *'} but argument is of type 'uint16_t *' {aka 'short unsigned int *'}
  959 | HAL_StatusTypeDef       HAL_ADC_Start_DMA(ADC_HandleTypeDef* hadc, uint32_t* pData, uint32_t Length);
      |                                                                    ~~~~~~~~~~^~~~~
../Core/Src/main.c: At top level:
../Core/Src/main.c:602:2: warning: "/*" within comment [-Wcomment]
  602 |  /*
      |   
arm-none-eabi-gcc -o "ADC_test.elf" @"objects.list"  -Wl,--start-group  -Wl,--end-group -mcpu=cortex-m0 -T"/Users/markscheker/Library/CloudStorage/OneDrive-purdue.edu/Senior year/spring2022/rec/ADC_test/STM32F091RCTX_FLASH.ld" --specs=nosys.specs -Wl,-Map="ADC_test.map" -Wl,--gc-sections -static --specs=nano.specs -mfloat-abi=soft -mthumb
Finished building target: ADC_test.elf
 
arm-none-eabi-size   ADC_test.elf 
arm-none-eabi-objdump -h -S  ADC_test.elf  > "ADC_test.list"
arm-none-eabi-objcopy  -O binary  ADC_test.elf  "ADC_test.bin"
   text	   data	    bss	    dec	    hex	filename
  63280	    248	   6128	  69656	  11018	ADC_test.elf
Finished building: default.size.stdout
 
Finished building: ADC_test.bin
 
Finished building: ADC_test.list
 
10:44:04 **** Incremental Build of configuration Debug for project ADC_test ****
make -j3 all 
arm-none-eabi-gcc "../Core/Src/main.c" -mcpu=cortex-m0 -std=gnu11 -g -DDEBUG -DSTM32F091xC -DUSE_HAL_DRIVER -c -I../Drivers/STM32F0xx_HAL_Driver/Inc -I../Drivers/CMSIS/Include -I../Core/Inc -I../Drivers/STM32F0xx_HAL_Driver/Inc/Legacy -I../Drivers/CMSIS/Device/ST/STM32F0xx/Include -O0 -ffunction-sections -fdata-sections -Wall -fstack-usage -MMD -MP -MF"Core/Src/main.d" -MT"Core/Src/main.o" --specs=nano.specs -mfloat-abi=soft -mthumb -o "Core/Src/main.o"
../Core/Src/main.c: In function 'HAL_I2C_MasterRxCpltCallback':
../Core/Src/main.c:531:2: warning: implicit declaration of function 'gcvt' [-Wimplicit-function-declaration]
  531 |  gcvt(*batbuf, 6, fma);
      |  ^~~~
../Core/Src/main.c: In function 'auto_tune':
../Core/Src/main.c:579:27: warning: passing argument 2 of 'HAL_ADC_Start_DMA' from incompatible pointer type [-Wincompatible-pointer-types]
  579 |  HAL_ADC_Start_DMA(&hadc, adc_buf, ADC_BUF_LEN);
      |                           ^~~~~~~
      |                           |
      |                           uint16_t * {aka short unsigned int *}
In file included from ../Core/Inc/stm32f0xx_hal_conf.h:213,
                 from ../Drivers/STM32F0xx_HAL_Driver/Inc/stm32f0xx_hal.h:30,
                 from ../Core/Inc/main.h:30,
                 from ../Core/Src/main.c:20:
../Drivers/STM32F0xx_HAL_Driver/Inc/stm32f0xx_hal_adc.h:959:78: note: expected 'uint32_t *' {aka 'long unsigned int *'} but argument is of type 'uint16_t *' {aka 'short unsigned int *'}
  959 | HAL_StatusTypeDef       HAL_ADC_Start_DMA(ADC_HandleTypeDef* hadc, uint32_t* pData, uint32_t Length);
      |                                                                    ~~~~~~~~~~^~~~~
../Core/Src/main.c: At top level:
../Core/Src/main.c:603:2: warning: "/*" within comment [-Wcomment]
  603 |  /*
      |   
arm-none-eabi-gcc -o "ADC_test.elf" @"objects.list"  -Wl,--start-group  -Wl,--end-group -mcpu=cortex-m0 -T"/Users/markscheker/Library/CloudStorage/OneDrive-purdue.edu/Senior year/spring2022/rec/ADC_test/STM32F091RCTX_FLASH.ld" --specs=nosys.specs -Wl,-Map="ADC_test.map" -Wl,--gc-sections -static --specs=nano.specs -mfloat-abi=soft -mthumb
Finished building target: ADC_test.elf
 
arm-none-eabi-size   ADC_test.elf 
arm-none-eabi-objdump -h -S  ADC_test.elf  > "ADC_test.list"
arm-none-eabi-objcopy  -O binary  ADC_test.elf  "ADC_test.bin"
   text	   data	    bss	    dec	    hex	filename
  64016	    248	   6128	  70392	  112f8	ADC_test.elf
Finished building: default.size.stdout
Finished building: ADC_test.bin
 
 
Finished building: ADC_test.list
 
14:51:19 **** Incremental Build of configuration Debug for project ADC_test ****
make -j3 all 
arm-none-eabi-gcc "../Core/Src/main.c" -mcpu=cortex-m0 -std=gnu11 -g -DDEBUG -DSTM32F091xC -DUSE_HAL_DRIVER -c -I../Drivers/STM32F0xx_HAL_Driver/Inc -I../Drivers/CMSIS/Include -I../Core/Inc -I../Drivers/STM32F0xx_HAL_Driver/Inc/Legacy -I../Drivers/CMSIS/Device/ST/STM32F0xx/Include -O0 -ffunction-sections -fdata-sections -Wall -fstack-usage -MMD -MP -MF"Core/Src/main.d" -MT"Core/Src/main.o" --specs=nano.specs -mfloat-abi=soft -mthumb -o "Core/Src/main.o"
../Core/Src/main.c: In function 'HAL_I2C_MasterRxCpltCallback':
../Core/Src/main.c:531:2: warning: implicit declaration of function 'gcvt' [-Wimplicit-function-declaration]
  531 |  gcvt(*batbuf, 6, fma);
      |  ^~~~
../Core/Src/main.c: In function 'auto_tune':
../Core/Src/main.c:579:27: warning: passing argument 2 of 'HAL_ADC_Start_DMA' from incompatible pointer type [-Wincompatible-pointer-types]
  579 |  HAL_ADC_Start_DMA(&hadc, adc_buf, ADC_BUF_LEN);
      |                           ^~~~~~~
      |                           |
      |                           uint16_t * {aka short unsigned int *}
In file included from ../Core/Inc/stm32f0xx_hal_conf.h:213,
                 from ../Drivers/STM32F0xx_HAL_Driver/Inc/stm32f0xx_hal.h:30,
                 from ../Core/Inc/main.h:30,
                 from ../Core/Src/main.c:20:
../Drivers/STM32F0xx_HAL_Driver/Inc/stm32f0xx_hal_adc.h:959:78: note: expected 'uint32_t *' {aka 'long unsigned int *'} but argument is of type 'uint16_t *' {aka 'short unsigned int *'}
  959 | HAL_StatusTypeDef       HAL_ADC_Start_DMA(ADC_HandleTypeDef* hadc, uint32_t* pData, uint32_t Length);
      |                                                                    ~~~~~~~~~~^~~~~
../Core/Src/main.c: At top level:
../Core/Src/main.c:603:2: warning: "/*" within comment [-Wcomment]
  603 |  /*
      |   
arm-none-eabi-gcc -o "ADC_test.elf" @"objects.list"  -Wl,--start-group  -Wl,--end-group -mcpu=cortex-m0 -T"/Users/markscheker/Library/CloudStorage/OneDrive-purdue.edu/Senior year/spring2022/rec/ADC_test/STM32F091RCTX_FLASH.ld" --specs=nosys.specs -Wl,-Map="ADC_test.map" -Wl,--gc-sections -static --specs=nano.specs -mfloat-abi=soft -mthumb
Finished building target: ADC_test.elf
 
arm-none-eabi-size   ADC_test.elf 
arm-none-eabi-objdump -h -S  ADC_test.elf  > "ADC_test.list"
arm-none-eabi-objcopy  -O binary  ADC_test.elf  "ADC_test.bin"
   text	   data	    bss	    dec	    hex	filename
  63992	    248	   6128	  70368	  112e0	ADC_test.elf
Finished building: default.size.stdout
 
Finished building: ADC_test.bin
 
Finished building: ADC_test.list
 
